Archive member included to satisfy reference by file (symbol)

C:/ST/STM32CubeIDE_1.17.0/STM32CubeIDE/plugins/com.st.stm32cube.ide.mcu.externaltools.gnu-tools-for-stm32.13.3.rel1.win32_1.0.0.202411081344/tools/bin/../lib/gcc/arm-none-eabi/13.3.1/../../../../arm-none-eabi/lib/thumb/v7-m/nofp\libc_nano.a(libc_a-exit.o)
                              C:/ST/STM32CubeIDE_1.17.0/STM32CubeIDE/plugins/com.st.stm32cube.ide.mcu.externaltools.gnu-tools-for-stm32.13.3.rel1.win32_1.0.0.202411081344/tools/bin/../lib/gcc/arm-none-eabi/13.3.1/../../../../arm-none-eabi/lib/thumb/v7-m/nofp/crt0.o (exit)
C:/ST/STM32CubeIDE_1.17.0/STM32CubeIDE/plugins/com.st.stm32cube.ide.mcu.externaltools.gnu-tools-for-stm32.13.3.rel1.win32_1.0.0.202411081344/tools/bin/../lib/gcc/arm-none-eabi/13.3.1/../../../../arm-none-eabi/lib/thumb/v7-m/nofp\libc_nano.a(libc_a-findfp.o)
                              C:/ST/STM32CubeIDE_1.17.0/STM32CubeIDE/plugins/com.st.stm32cube.ide.mcu.externaltools.gnu-tools-for-stm32.13.3.rel1.win32_1.0.0.202411081344/tools/bin/../lib/gcc/arm-none-eabi/13.3.1/../../../../arm-none-eabi/lib/thumb/v7-m/nofp\libc_nano.a(libc_a-exit.o) (__stdio_exit_handler)
C:/ST/STM32CubeIDE_1.17.0/STM32CubeIDE/plugins/com.st.stm32cube.ide.mcu.externaltools.gnu-tools-for-stm32.13.3.rel1.win32_1.0.0.202411081344/tools/bin/../lib/gcc/arm-none-eabi/13.3.1/../../../../arm-none-eabi/lib/thumb/v7-m/nofp\libc_nano.a(libc_a-fwalk.o)
                              C:/ST/STM32CubeIDE_1.17.0/STM32CubeIDE/plugins/com.st.stm32cube.ide.mcu.externaltools.gnu-tools-for-stm32.13.3.rel1.win32_1.0.0.202411081344/tools/bin/../lib/gcc/arm-none-eabi/13.3.1/../../../../arm-none-eabi/lib/thumb/v7-m/nofp\libc_nano.a(libc_a-findfp.o) (_fwalk_sglue)
C:/ST/STM32CubeIDE_1.17.0/STM32CubeIDE/plugins/com.st.stm32cube.ide.mcu.externaltools.gnu-tools-for-stm32.13.3.rel1.win32_1.0.0.202411081344/tools/bin/../lib/gcc/arm-none-eabi/13.3.1/../../../../arm-none-eabi/lib/thumb/v7-m/nofp\libc_nano.a(libc_a-stdio.o)
                              C:/ST/STM32CubeIDE_1.17.0/STM32CubeIDE/plugins/com.st.stm32cube.ide.mcu.externaltools.gnu-tools-for-stm32.13.3.rel1.win32_1.0.0.202411081344/tools/bin/../lib/gcc/arm-none-eabi/13.3.1/../../../../arm-none-eabi/lib/thumb/v7-m/nofp\libc_nano.a(libc_a-findfp.o) (__sread)
C:/ST/STM32CubeIDE_1.17.0/STM32CubeIDE/plugins/com.st.stm32cube.ide.mcu.externaltools.gnu-tools-for-stm32.13.3.rel1.win32_1.0.0.202411081344/tools/bin/../lib/gcc/arm-none-eabi/13.3.1/../../../../arm-none-eabi/lib/thumb/v7-m/nofp\libc_nano.a(libc_a-memset.o)
                              C:/ST/STM32CubeIDE_1.17.0/STM32CubeIDE/plugins/com.st.stm32cube.ide.mcu.externaltools.gnu-tools-for-stm32.13.3.rel1.win32_1.0.0.202411081344/tools/bin/../lib/gcc/arm-none-eabi/13.3.1/../../../../arm-none-eabi/lib/thumb/v7-m/nofp/crt0.o (memset)
C:/ST/STM32CubeIDE_1.17.0/STM32CubeIDE/plugins/com.st.stm32cube.ide.mcu.externaltools.gnu-tools-for-stm32.13.3.rel1.win32_1.0.0.202411081344/tools/bin/../lib/gcc/arm-none-eabi/13.3.1/../../../../arm-none-eabi/lib/thumb/v7-m/nofp\libc_nano.a(libc_a-closer.o)
                              C:/ST/STM32CubeIDE_1.17.0/STM32CubeIDE/plugins/com.st.stm32cube.ide.mcu.externaltools.gnu-tools-for-stm32.13.3.rel1.win32_1.0.0.202411081344/tools/bin/../lib/gcc/arm-none-eabi/13.3.1/../../../../arm-none-eabi/lib/thumb/v7-m/nofp\libc_nano.a(libc_a-stdio.o) (_close_r)
C:/ST/STM32CubeIDE_1.17.0/STM32CubeIDE/plugins/com.st.stm32cube.ide.mcu.externaltools.gnu-tools-for-stm32.13.3.rel1.win32_1.0.0.202411081344/tools/bin/../lib/gcc/arm-none-eabi/13.3.1/../../../../arm-none-eabi/lib/thumb/v7-m/nofp\libc_nano.a(libc_a-reent.o)
                              C:/ST/STM32CubeIDE_1.17.0/STM32CubeIDE/plugins/com.st.stm32cube.ide.mcu.externaltools.gnu-tools-for-stm32.13.3.rel1.win32_1.0.0.202411081344/tools/bin/../lib/gcc/arm-none-eabi/13.3.1/../../../../arm-none-eabi/lib/thumb/v7-m/nofp\libc_nano.a(libc_a-closer.o) (errno)
C:/ST/STM32CubeIDE_1.17.0/STM32CubeIDE/plugins/com.st.stm32cube.ide.mcu.externaltools.gnu-tools-for-stm32.13.3.rel1.win32_1.0.0.202411081344/tools/bin/../lib/gcc/arm-none-eabi/13.3.1/../../../../arm-none-eabi/lib/thumb/v7-m/nofp\libc_nano.a(libc_a-impure.o)
                              C:/ST/STM32CubeIDE_1.17.0/STM32CubeIDE/plugins/com.st.stm32cube.ide.mcu.externaltools.gnu-tools-for-stm32.13.3.rel1.win32_1.0.0.202411081344/tools/bin/../lib/gcc/arm-none-eabi/13.3.1/../../../../arm-none-eabi/lib/thumb/v7-m/nofp\libc_nano.a(libc_a-reent.o) (_impure_ptr)
C:/ST/STM32CubeIDE_1.17.0/STM32CubeIDE/plugins/com.st.stm32cube.ide.mcu.externaltools.gnu-tools-for-stm32.13.3.rel1.win32_1.0.0.202411081344/tools/bin/../lib/gcc/arm-none-eabi/13.3.1/../../../../arm-none-eabi/lib/thumb/v7-m/nofp\libc_nano.a(libc_a-lseekr.o)
[...]
Memory Configuration

Name             Origin             Length             Attributes
RAM              0x20000000         0x00005000         xrw
FLASH            0x08000000         0x00010000         xr
*default*        0x00000000         0xffffffff

Linker script and memory map

LOAD C:/ST/STM32CubeIDE_1.17.0/STM32CubeIDE/plugins/com.st.stm32cube.ide.mcu.externaltools.gnu-tools-for-stm32.13.3.rel1.win32_1.0.0.202411081344/tools/bin/../lib/gcc/arm-none-eabi/13.3.1/thumb/v7-m/nofp/crti.o
LOAD C:/ST/STM32CubeIDE_1.17.0/STM32CubeIDE/plugins/com.st.stm32cube.ide.mcu.externaltools.gnu-tools-for-stm32.13.3.rel1.win32_1.0.0.202411081344/tools/bin/../lib/gcc/arm-none-eabi/13.3.1/thumb/v7-m/nofp/crtbegin.o
LOAD C:/ST/STM32CubeIDE_1.17.0/STM32CubeIDE/plugins/com.st.stm32cube.ide.mcu.externaltools.gnu-tools-for-stm32.13.3.rel1.win32_1.0.0.202411081344/tools/bin/../lib/gcc/arm-none-eabi/13.3.1/../../../../arm-none-eabi/lib/thumb/v7-m/nofp/crt0.o
LOAD ./Core/Src/gpio.o
LOAD ./Core/Src/main.o
LOAD ./Core/Src/phases_pwm.o
LOAD ./Core/Src/stm32f1xx_hal_msp.o
LOAD ./Core/Src/stm32f1xx_it.o
LOAD ./Core/Src/syscalls.o
LOAD ./Core/Src/sysmem.o
LOAD ./Core/Src/system_stm32f1xx.o
LOAD ./Core/Src/tim.o
LOAD ./Core/Startup/startup_stm32f103c8tx.o
LOAD ./Drivers/STM32F1xx_HAL_Driver/Src/stm32f1xx_hal.o
LOAD ./Drivers/STM32F1xx_HAL_Driver/Src/stm32f1xx_hal_cortex.o
LOAD ./Drivers/STM32F1xx_HAL_Driver/Src/stm32f1xx_hal_dma.o
LOAD ./Drivers/STM32F1xx_HAL_Driver/Src/stm32f1xx_hal_exti.o
LOAD ./Drivers/STM32F1xx_HAL_Driver/Src/stm32f1xx_hal_flash.o
LOAD ./Drivers/STM32F1xx_HAL_Driver/Src/stm32f1xx_hal_flash_ex.o
LOAD ./Drivers/STM32F1xx_HAL_Driver/Src/stm32f1xx_hal_gpio.o
LOAD ./Drivers/STM32F1xx_HAL_Driver/Src/stm32f1xx_hal_gpio_ex.o
LOAD ./Drivers/STM32F1xx_HAL_Driver/Src/stm32f1xx_hal_pcd.o
LOAD ./Drivers/STM32F1xx_HAL_Driver/Src/stm32f1xx_hal_pcd_ex.o
LOAD ./Drivers/STM32F1xx_HAL_Driver/Src/stm32f1xx_hal_pwr.o
LOAD ./Drivers/STM32F1xx_HAL_Driver/Src/stm32f1xx_hal_rcc.o
LOAD ./Drivers/STM32F1xx_HAL_Driver/Src/stm32f1xx_hal_rcc_ex.o
LOAD ./Drivers/STM32F1xx_HAL_Driver/Src/stm32f1xx_hal_tim.o
LOAD ./Drivers/STM32F1xx_HAL_Driver/Src/stm32f1xx_hal_tim_ex.o
LOAD ./Drivers/STM32F1xx_HAL_Driver/Src/stm32f1xx_ll_usb.o
LOAD ./Middlewares/ST/STM32_USB_Device_Library/Class/CDC/Src/usbd_cdc.o
LOAD ./Middlewares/ST/STM32_USB_Device_Library/Core/Src/usbd_core.o
LOAD ./Middlewares/ST/STM32_USB_Device_Library/Core/Src/usbd_ctlreq.o
LOAD ./Middlewares/ST/STM32_USB_Device_Library/Core/Src/usbd_ioreq.o
LOAD ./USB_DEVICE/App/usb_device.o
LOAD ./USB_DEVICE/App/usbd_cdc_if.o
LOAD ./USB_DEVICE/App/usbd_desc.o
LOAD ./USB_DEVICE/Target/usbd_conf.o
START GROUP
LOAD C:/ST/STM32CubeIDE_1.17.0/STM32CubeIDE/plugins/com.st.stm32cube.ide.mcu.externaltools.gnu-tools-for-stm32.13.3.rel1.win32_1.0.0.202411081344/tools/bin/../lib/gcc/arm-none-eabi/13.3.1/../../../../arm-none-eabi/lib/thumb/v7-m/nofp\libstdc++_nano.a
LOAD C:/ST/STM32CubeIDE_1.17.0/STM32CubeIDE/plugins/com.st.stm32cube.ide.mcu.externaltools.gnu-tools-for-stm32.13.3.rel1.win32_1.0.0.202411081344/tools/bin/../lib/gcc/arm-none-eabi/13.3.1/../../../../arm-none-eabi/lib/thumb/v7-m/nofp\libsupc++_nano.a
END GROUP
LOAD C:/ST/STM32CubeIDE_1.17.0/STM32CubeIDE/plugins/com.st.stm32cube.ide.mcu.externaltools.gnu-tools-for-stm32.13.3.rel1.win32_1.0.0.202411081344/tools/bin/../lib/gcc/arm-none-eabi/13.3.1/../../../../arm-none-eabi/lib/thumb/v7-m/nofp\libstdc++_nano.a
LOAD C:/ST/STM32CubeIDE_1.17.0/STM32CubeIDE/plugins/com.st.stm32cube.ide.mcu.externaltools.gnu-tools-for-stm32.13.3.rel1.win32_1.0.0.202411081344/tools/bin/../lib/gcc/arm-none-eabi/13.3.1/../../../../arm-none-eabi/lib/thumb/v7-m/nofp\libm.a
LOAD C:/ST/STM32CubeIDE_1.17.0/STM32CubeIDE/plugins/com.st.stm32cube.ide.mcu.externaltools.gnu-tools-for-stm32.13.3.rel1.win32_1.0.0.202411081344/tools/bin/../lib/gcc/arm-none-eabi/13.3.1/../../../../arm-none-eabi/lib/thumb/v7-m/nofp\libc_nano.a
START GROUP
LOAD C:/ST/STM32CubeIDE_1.17.0/STM32CubeIDE/plugins/com.st.stm32cube.ide.mcu.externaltools.gnu-tools-for-stm32.13.3.rel1.win32_1.0.0.202411081344/tools/bin/../lib/gcc/arm-none-eabi/13.3.1/thumb/v7-m/nofp\libgcc.a
LOAD C:/ST/STM32CubeIDE_1.17.0/STM32CubeIDE/plugins/com.st.stm32cube.ide.mcu.externaltools.gnu-tools-for-stm32.13.3.rel1.win32_1.0.0.202411081344/tools/bin/../lib/gcc/arm-none-eabi/13.3.1/../../../../arm-none-eabi/lib/thumb/v7-m/nofp\libc_nano.a
END GROUP
START GROUP
LOAD C:/ST/STM32CubeIDE_1.17.0/STM32CubeIDE/plugins/com.st.stm32cube.ide.mcu.externaltools.gnu-tools-for-stm32.13.3.rel1.win32_1.0.0.202411081344/tools/bin/../lib/gcc/arm-none-eabi/13.3.1/thumb/v7-m/nofp\libgcc.a
LOAD C:/ST/STM32CubeIDE_1.17.0/STM32CubeIDE/plugins/com.st.stm32cube.ide.mcu.externaltools.gnu-tools-for-stm32.13.3.rel1.win32_1.0.0.202411081344/tools/bin/../lib/gcc/arm-none-eabi/13.3.1/../../../../arm-none-eabi/lib/thumb/v7-m/nofp\libc_nano.a
LOAD C:/ST/STM32CubeIDE_1.17.0/STM32CubeIDE/plugins/com.st.stm32cube.ide.mcu.externaltools.gnu-tools-for-stm32.13.3.rel1.win32_1.0.0.202411081344/tools/bin/../lib/gcc/arm-none-eabi/13.3.1/../../../../arm-none-eabi/lib/thumb/v7-m/nofp\libnosys.a
END GROUP
START GROUP
LOAD C:/ST/STM32CubeIDE_1.17.0/STM32CubeIDE/plugins/com.st.stm32cube.ide.mcu.externaltools.gnu-tools-for-stm32.13.3.rel1.win32_1.0.0.202411081344/tools/bin/../lib/gcc/arm-none-eabi/13.3.1/thumb/v7-m/nofp\libgcc.a
LOAD C:/ST/STM32CubeIDE_1.17.0/STM32CubeIDE/plugins/com.st.stm32cube.ide.mcu.externaltools.gnu-tools-for-stm32.13.3.rel1.win32_1.0.0.202411081344/tools/bin/../lib/gcc/arm-none-eabi/13.3.1/../../../../arm-none-eabi/lib/thumb/v7-m/nofp\libc_nano.a
LOAD C:/ST/STM32CubeIDE_1.17.0/STM32CubeIDE/plugins/com.st.stm32cube.ide.mcu.externaltools.gnu-tools-for-stm32.13.3.rel1.win32_1.0.0.202411081344/tools/bin/../lib/gcc/arm-none-eabi/13.3.1/../../../../arm-none-eabi/lib/thumb/v7-m/nofp\libnosys.a
END GROUP
LOAD C:/ST/STM32CubeIDE_1.17.0/STM32CubeIDE/plugins/com.st.stm32cube.ide.mcu.externaltools.gnu-tools-for-stm32.13.3.rel1.win32_1.0.0.202411081344/tools/bin/../lib/gcc/arm-none-eabi/13.3.1/thumb/v7-m/nofp/crtend.o
LOAD C:/ST/STM32CubeIDE_1.17.0/STM32CubeIDE/plugins/com.st.stm32cube.ide.mcu.externaltools.gnu-tools-for-stm32.13.3.rel1.win32_1.0.0.202411081344/tools/bin/../lib/gcc/arm-none-eabi/13.3.1/thumb/v7-m/nofp/crtn.o
                0x20005000                        _estack = (ORIGIN (RAM) + LENGTH (RAM))
                0x00000200                        _Min_Heap_Size = 0x200
                0x00000400                        _Min_Stack_Size = 0x400

.isr_vector     0x08000000      0x10c
                0x08000000                        . = ALIGN (0x4)
 *(.isr_vector)
 .isr_vector    0x08000000      0x10c ./Core/Startup/startup_stm32f103c8tx.o
                0x08000000                g_pfnVectors
                0x0800010c                        . = ALIGN (0x4)

.text           0x0800010c     0x8808
                0x0800010c                        . = ALIGN (0x4)
 *(.text)
 .text          0x0800010c       0x40 C:/ST/STM32CubeIDE_1.17.0/STM32CubeIDE/plugins/com.st.stm32cube.ide.mcu.externaltools.gnu-tools-for-stm32.13.3.rel1.win32_1.0.0.202411081344/tools/bin/../lib/gcc/arm-none-eabi/13.3.1/thumb/v7-m/nofp/crtbegin.o
 *(.text*)
 .text.MX_GPIO_Init
                0x0800014c       0xc8 ./Core/Src/gpio.o
                0x0800014c                MX_GPIO_Init
 .text.main     0x08000214       0x34 ./Core/Src/main.o
                0x08000214                main
 .text.SystemClock_Config
                0x08000248       0xb4 ./Core/Src/main.o
                0x08000248                SystemClock_Config
 .text.Error_Handler
                0x080002fc        0xc ./Core/Src/main.o
                0x080002fc                Error_Handler
 .text.PWM_SetPulse_us
                0x08000308       0x48 ./Core/Src/phases_pwm.o
                0x08000308                PWM_SetPulse_us
 .text.Phases_Start
                0x08000350       0x28 ./Core/Src/phases_pwm.o
                0x08000350                Phases_Start
 .text.Phases_Update
                0x08000378       0xdc ./Core/Src/phases_pwm.o
                0x08000378                Phases_Update
 .text.HAL_MspInit
                0x08000454       0x64 ./Core/Src/stm32f1xx_hal_msp.o
                0x08000454                HAL_MspInit
 .text.NMI_Handler
                0x080004b8        0x8 ./Core/Src/stm32f1xx_it.o
                0x080004b8                NMI_Handler
 .text.HardFault_Handler
                0x080004c0        0x8 ./Core/Src/stm32f1xx_it.o
                0x080004c0                HardFault_Handler
 .text.MemManage_Handler
                0x080004c8        0x8 ./Core/Src/stm32f1xx_it.o
                0x080004c8                MemManage_Handler
 .text.BusFault_Handler
                0x080004d0        0x8 ./Core/Src/stm32f1xx_it.o
                0x080004d0                BusFault_Handler
 .text.UsageFault_Handler
                0x080004d8        0x8 ./Core/Src/stm32f1xx_it.o
                0x080004d8                UsageFault_Handler
 .text.SVC_Handler
                0x080004e0        0xc ./Core/Src/stm32f1xx_it.o
                0x080004e0                SVC_Handler
 .text.DebugMon_Handler
                0x080004ec        0xc ./Core/Src/stm32f1xx_it.o
                0x080004ec                DebugMon_Handler
 .text.PendSV_Handler
                0x080004f8        0xc ./Core/Src/stm32f1xx_it.o
                0x080004f8                PendSV_Handler
 .text.SysTick_Handler
                0x08000504        0xc ./Core/Src/stm32f1xx_it.o
                0x08000504                SysTick_Handler
 .text.EXTI0_IRQHandler
                0x08000510        0xe ./Core/Src/stm32f1xx_it.o
                0x08000510                EXTI0_IRQHandler
 *fill*         0x0800051e        0x2 
 .text.USB_LP_CAN1_RX0_IRQHandler
                0x08000520       0x14 ./Core/Src/stm32f1xx_it.o
                0x08000520                USB_LP_CAN1_RX0_IRQHandler
 .text.TIM3_IRQHandler
                0x08000534       0x14 ./Core/Src/stm32f1xx_it.o
                0x08000534                TIM3_IRQHandler
 .text.SystemInit
                0x08000548        0xc ./Core/Src/system_stm32f1xx.o
                0x08000548                SystemInit
 .text.MX_TIM1_Init
                0x08000554      0x108 ./Core/Src/tim.o
                0x08000554                MX_TIM1_Init
 .text.MX_TIM3_Init
                0x0800065c       0xa8 ./Core/Src/tim.o
                0x0800065c                MX_TIM3_Init
 .text.HAL_TIM_PWM_MspInit
                0x08000704       0x3c ./Core/Src/tim.o
                0x08000704                HAL_TIM_PWM_MspInit
 .text.HAL_TIM_IC_MspInit
                0x08000740       0x8c ./Core/Src/tim.o
                0x08000740                HAL_TIM_IC_MspInit
 .text.HAL_TIM_MspPostInit
                0x080007cc       0x68 ./Core/Src/tim.o
                0x080007cc                HAL_TIM_MspPostInit
 .text.Reset_Handler
                0x08000834       0x48 ./Core/Startup/startup_stm32f103c8tx.o
                0x08000834                Reset_Handler
 .text.Default_Handler
                0x0800087c        0x2 ./Core/Startup/startup_stm32f103c8tx.o
                0x0800087c                RTC_Alarm_IRQHandler
                0x0800087c                EXTI2_IRQHandler
                0x0800087c                TIM1_CC_IRQHandler
                0x0800087c                PVD_IRQHandler
                0x0800087c                EXTI3_IRQHandler
                0x0800087c                I2C2_EV_IRQHandler
                0x0800087c                ADC1_2_IRQHandler
                0x0800087c                SPI1_IRQHandler
                0x0800087c                TAMPER_IRQHandler
                0x0800087c                DMA1_Channel4_IRQHandler
                0x0800087c                USART3_IRQHandler
                0x0800087c                RTC_IRQHandler
                0x0800087c                DMA1_Channel7_IRQHandler
                0x0800087c                CAN1_RX1_IRQHandler
                0x0800087c                TIM4_IRQHandler
                0x0800087c                I2C1_EV_IRQHandler
                0x0800087c                DMA1_Channel6_IRQHandler
                0x0800087c                RCC_IRQHandler
                0x0800087c                TIM1_TRG_COM_IRQHandler
                0x0800087c                DMA1_Channel1_IRQHandler
                0x0800087c                Default_Handler
                0x0800087c                EXTI15_10_IRQHandler
                0x0800087c                EXTI9_5_IRQHandler
                0x0800087c                SPI2_IRQHandler
                0x0800087c                DMA1_Channel5_IRQHandler
                0x0800087c                EXTI4_IRQHandler
                0x0800087c                USB_HP_CAN1_TX_IRQHandler
                0x0800087c                DMA1_Channel3_IRQHandler
                0x0800087c                TIM1_UP_IRQHandler
                0x0800087c                WWDG_IRQHandler
                0x0800087c                TIM2_IRQHandler
                0x0800087c                TIM1_BRK_IRQHandler
                0x0800087c                EXTI1_IRQHandler
                0x0800087c                USART2_IRQHandler
                0x0800087c                I2C2_ER_IRQHandler
                0x0800087c                DMA1_Channel2_IRQHandler
                0x0800087c                CAN1_SCE_IRQHandler
                0x0800087c                FLASH_IRQHandler
                0x0800087c                USART1_IRQHandler
                0x0800087c                I2C1_ER_IRQHandler
                0x0800087c                USBWakeUp_IRQHandler
 *fill*         0x0800087e        0x2 
 .text.HAL_Init
                0x08000880       0x2c ./Drivers/STM32F1xx_HAL_Driver/Src/stm32f1xx_hal.o
                0x08000880                HAL_Init
 .text.HAL_InitTick
                0x080008ac       0x60 ./Drivers/STM32F1xx_HAL_Driver/Src/stm32f1xx_hal.o
                0x080008ac                HAL_InitTick
 .text.HAL_IncTick
                0x0800090c       0x24 ./Drivers/STM32F1xx_HAL_Driver/Src/stm32f1xx_hal.o
                0x0800090c                HAL_IncTick
 .text.HAL_GetTick
                0x08000930       0x14 ./Drivers/STM32F1xx_HAL_Driver/Src/stm32f1xx_hal.o
                0x08000930                HAL_GetTick
 .text.__NVIC_SetPriorityGrouping
                0x08000944       0x48 ./Drivers/STM32F1xx_HAL_Driver/Src/stm32f1xx_hal_cortex.o
 .text.__NVIC_GetPriorityGrouping
                0x0800098c       0x1c ./Drivers/STM32F1xx_HAL_Driver/Src/stm32f1xx_hal_cortex.o
 .text.__NVIC_EnableIRQ
                0x080009a8       0x38 ./Drivers/STM32F1xx_HAL_Driver/Src/stm32f1xx_hal_cortex.o
 .text.__NVIC_SetPriority
                0x080009e0       0x54 ./Drivers/STM32F1xx_HAL_Driver/Src/stm32f1xx_hal_cortex.o
 .text.NVIC_EncodePriority
                0x08000a34       0x64 ./Drivers/STM32F1xx_HAL_Driver/Src/stm32f1xx_hal_cortex.o
 .text.SysTick_Config
                0x08000a98       0x44 ./Drivers/STM32F1xx_HAL_Driver/Src/stm32f1xx_hal_cortex.o
 .text.HAL_NVIC_SetPriorityGrouping
                0x08000adc       0x16 ./Drivers/STM32F1xx_HAL_Driver/Src/stm32f1xx_hal_cortex.o
                0x08000adc                HAL_NVIC_SetPriorityGrouping
 .text.HAL_NVIC_SetPriority
                0x08000af2       0x38 ./Drivers/STM32F1xx_HAL_Driver/Src/stm32f1xx_hal_cortex.o
                0x08000af2                HAL_NVIC_SetPriority
 .text.HAL_NVIC_EnableIRQ
                0x08000b2a       0x1c ./Drivers/STM32F1xx_HAL_Driver/Src/stm32f1xx_hal_cortex.o
                0x08000b2a                HAL_NVIC_EnableIRQ
 .text.HAL_SYSTICK_Config
                0x08000b46       0x18 ./Drivers/STM32F1xx_HAL_Driver/Src/stm32f1xx_hal_cortex.o
                0x08000b46                HAL_SYSTICK_Config
 *fill*         0x08000b5e        0x2 
 .text.HAL_GPIO_Init
                0x08000b60      0x308 ./Drivers/STM32F1xx_HAL_Driver/Src/stm32f1xx_hal_gpio.o
                0x08000b60                HAL_GPIO_Init
 .text.HAL_GPIO_WritePin
                0x08000e68       0x30 ./Drivers/STM32F1xx_HAL_Driver/Src/stm32f1xx_hal_gpio.o
                0x08000e68                HAL_GPIO_WritePin
 .text.HAL_GPIO_EXTI_IRQHandler
                0x08000e98       0x30 ./Drivers/STM32F1xx_HAL_Driver/Src/stm32f1xx_hal_gpio.o
                0x08000e98                HAL_GPIO_EXTI_IRQHandler
 .text.HAL_GPIO_EXTI_Callback
                0x08000ec8       0x14 ./Drivers/STM32F1xx_HAL_Driver/Src/stm32f1xx_hal_gpio.o
                0x08000ec8                HAL_GPIO_EXTI_Callback
 .text.HAL_PCD_Init
                0x08000edc      0x1ec ./Drivers/STM32F1xx_HAL_Driver/Src/stm32f1xx_hal_pcd.o
                0x08000edc                HAL_PCD_Init
 .text.HAL_PCD_Start
                0x080010c8       0x4c ./Drivers/STM32F1xx_HAL_Driver/Src/stm32f1xx_hal_pcd.o
                0x080010c8                HAL_PCD_Start
 .text.HAL_PCD_IRQHandler
                0x08001114      0x260 ./Drivers/STM32F1xx_HAL_Driver/Src/stm32f1xx_hal_pcd.o
                0x08001114                HAL_PCD_IRQHandler
 .text.HAL_PCD_SetAddress
                0x08001374       0x48 ./Drivers/STM32F1xx_HAL_Driver/Src/stm32f1xx_hal_pcd.o
                0x08001374                HAL_PCD_SetAddress
 .text.HAL_PCD_EP_Open
                0x080013bc       0xba ./Drivers/STM32F1xx_HAL_Driver/Src/stm32f1xx_hal_pcd.o
                0x080013bc                HAL_PCD_EP_Open
 .text.HAL_PCD_EP_Close
                0x08001476       0x90 ./Drivers/STM32F1xx_HAL_Driver/Src/stm32f1xx_hal_pcd.o
                0x08001476                HAL_PCD_EP_Close
 .text.HAL_PCD_EP_Receive
                0x08001506       0x62 ./Drivers/STM32F1xx_HAL_Driver/Src/stm32f1xx_hal_pcd.o
                0x08001506                HAL_PCD_EP_Receive
 .text.HAL_PCD_EP_GetRxCount
                0x08001568       0x2e ./Drivers/STM32F1xx_HAL_Driver/Src/stm32f1xx_hal_pcd.o
                0x08001568                HAL_PCD_EP_GetRxCount
 .text.HAL_PCD_EP_Transmit
                0x08001596       0x6e ./Drivers/STM32F1xx_HAL_Driver/Src/stm32f1xx_hal_pcd.o
                0x08001596                HAL_PCD_EP_Transmit
 .text.HAL_PCD_EP_SetStall
                0x08001604       0xc0 ./Drivers/STM32F1xx_HAL_Driver/Src/stm32f1xx_hal_pcd.o
                0x08001604                HAL_PCD_EP_SetStall
 .text.HAL_PCD_EP_ClrStall
                0x080016c4       0xa8 ./Drivers/STM32F1xx_HAL_Driver/Src/stm32f1xx_hal_pcd.o
                0x080016c4                HAL_PCD_EP_ClrStall
 .text.PCD_EP_ISR_Handler
                0x0800176c      0x79e ./Drivers/STM32F1xx_HAL_Driver/Src/stm32f1xx_hal_pcd.o
 .text.HAL_PCD_EP_DB_Receive
                0x08001f0a      0x21a ./Drivers/STM32F1xx_HAL_Driver/Src/stm32f1xx_hal_pcd.o
 .text.HAL_PCD_EP_DB_Transmit
                0x08002124      0x7f4 ./Drivers/STM32F1xx_HAL_Driver/Src/stm32f1xx_hal_pcd.o
 .text.HAL_PCDEx_PMAConfig
                0x08002918       0x84 ./Drivers/STM32F1xx_HAL_Driver/Src/stm32f1xx_hal_pcd_ex.o
                0x08002918                HAL_PCDEx_PMAConfig
 .text.HAL_RCC_OscConfig
                0x0800299c      0x504 ./Drivers/STM32F1xx_HAL_Driver/Src/stm32f1xx_hal_rcc.o
                0x0800299c                HAL_RCC_OscConfig
 .text.HAL_RCC_ClockConfig
                0x08002ea0      0x1d4 ./Drivers/STM32F1xx_HAL_Driver/Src/stm32f1xx_hal_rcc.o
                0x08002ea0                HAL_RCC_ClockConfig
 .text.HAL_RCC_GetSysClockFreq
                0x08003074       0xa8 ./Drivers/STM32F1xx_HAL_Driver/Src/stm32f1xx_hal_rcc.o
                0x08003074                HAL_RCC_GetSysClockFreq
 .text.RCC_Delay
                0x0800311c       0x3c ./Drivers/STM32F1xx_HAL_Driver/Src/stm32f1xx_hal_rcc.o
 .text.HAL_RCCEx_PeriphCLKConfig
                0x08003158      0x16c ./Drivers/STM32F1xx_HAL_Driver/Src/stm32f1xx_hal_rcc_ex.o
                0x08003158                HAL_RCCEx_PeriphCLKConfig
 .text.HAL_TIM_PWM_Init
                0x080032c4       0x9e ./Drivers/STM32F1xx_HAL_Driver/Src/stm32f1xx_hal_tim.o
                0x080032c4                HAL_TIM_PWM_Init
 *fill*         0x08003362        0x2 
 .text.HAL_TIM_PWM_Start
                0x08003364      0x144 ./Drivers/STM32F1xx_HAL_Driver/Src/stm32f1xx_hal_tim.o
                0x08003364                HAL_TIM_PWM_Start
 .text.HAL_TIM_IC_Init
                0x080034a8       0x9e ./Drivers/STM32F1xx_HAL_Driver/Src/stm32f1xx_hal_tim.o
                0x080034a8                HAL_TIM_IC_Init
 .text.HAL_TIM_IRQHandler
                0x08003546      0x1e0 ./Drivers/STM32F1xx_HAL_Driver/Src/stm32f1xx_hal_tim.o
                0x08003546                HAL_TIM_IRQHandler
 .text.HAL_TIM_IC_ConfigChannel
                0x08003726      0x138 ./Drivers/STM32F1xx_HAL_Driver/Src/stm32f1xx_hal_tim.o
                0x08003726                HAL_TIM_IC_ConfigChannel
 *fill*         0x0800385e        0x2 
 .text.HAL_TIM_PWM_ConfigChannel
                0x08003860      0x184 ./Drivers/STM32F1xx_HAL_Driver/Src/stm32f1xx_hal_tim.o
                0x08003860                HAL_TIM_PWM_ConfigChannel
 .text.HAL_TIM_PeriodElapsedCallback
                0x080039e4       0x12 ./Drivers/STM32F1xx_HAL_Driver/Src/stm32f1xx_hal_tim.o
                0x080039e4                HAL_TIM_PeriodElapsedCallback
 .text.HAL_TIM_OC_DelayElapsedCallback
                0x080039f6       0x12 ./Drivers/STM32F1xx_HAL_Driver/Src/stm32f1xx_hal_tim.o
                0x080039f6                HAL_TIM_OC_DelayElapsedCallback
 .text.HAL_TIM_IC_CaptureCallback
                0x08003a08       0x12 ./Drivers/STM32F1xx_HAL_Driver/Src/stm32f1xx_hal_tim.o
                0x08003a08                HAL_TIM_IC_CaptureCallback
 .text.HAL_TIM_PWM_PulseFinishedCallback
                0x08003a1a       0x12 ./Drivers/STM32F1xx_HAL_Driver/Src/stm32f1xx_hal_tim.o
                0x08003a1a                HAL_TIM_PWM_PulseFinishedCallback
 .text.HAL_TIM_TriggerCallback
                0x08003a2c       0x12 ./Drivers/STM32F1xx_HAL_Driver/Src/stm32f1xx_hal_tim.o
                0x08003a2c                HAL_TIM_TriggerCallback
 *fill*         0x08003a3e        0x2 
 .text.TIM_Base_SetConfig
                0x08003a40       0xdc ./Drivers/STM32F1xx_HAL_Driver/Src/stm32f1xx_hal_tim.o
                0x08003a40                TIM_Base_SetConfig
 .text.TIM_OC1_SetConfig
                0x08003b1c       0xcc ./Drivers/STM32F1xx_HAL_Driver/Src/stm32f1xx_hal_tim.o
 .text.TIM_OC2_SetConfig
                0x08003be8       0xd4 ./Drivers/STM32F1xx_HAL_Driver/Src/stm32f1xx_hal_tim.o
                0x08003be8                TIM_OC2_SetConfig
 .text.TIM_OC3_SetConfig
                0x08003cbc       0xd4 ./Drivers/STM32F1xx_HAL_Driver/Src/stm32f1xx_hal_tim.o
 .text.TIM_OC4_SetConfig
                0x08003d90       0x9c ./Drivers/STM32F1xx_HAL_Driver/Src/stm32f1xx_hal_tim.o
 .text.TIM_TI1_SetConfig
                0x08003e2c       0xb4 ./Drivers/STM32F1xx_HAL_Driver/Src/stm32f1xx_hal_tim.o
                0x08003e2c                TIM_TI1_SetConfig
 .text.TIM_TI2_SetConfig
                0x08003ee0       0x78 ./Drivers/STM32F1xx_HAL_Driver/Src/stm32f1xx_hal_tim.o
 .text.TIM_TI3_SetConfig
                0x08003f58       0x76 ./Drivers/STM32F1xx_HAL_Driver/Src/stm32f1xx_hal_tim.o
 .text.TIM_TI4_SetConfig
                0x08003fce       0x78 ./Drivers/STM32F1xx_HAL_Driver/Src/stm32f1xx_hal_tim.o
 .text.TIM_CCxChannelCmd
                0x08004046       0x48 ./Drivers/STM32F1xx_HAL_Driver/Src/stm32f1xx_hal_tim.o
                0x08004046                TIM_CCxChannelCmd
 *fill*         0x0800408e        0x2 
 .text.HAL_TIMEx_MasterConfigSynchronization
                0x08004090       0xbc ./Drivers/STM32F1xx_HAL_Driver/Src/stm32f1xx_hal_tim_ex.o
                0x08004090                HAL_TIMEx_MasterConfigSynchronization
 .text.HAL_TIMEx_ConfigBreakDeadTime
                0x0800414c       0xa2 ./Drivers/STM32F1xx_HAL_Driver/Src/stm32f1xx_hal_tim_ex.o
                0x0800414c                HAL_TIMEx_ConfigBreakDeadTime
 .text.HAL_TIMEx_CommutCallback
                0x080041ee       0x12 ./Drivers/STM32F1xx_HAL_Driver/Src/stm32f1xx_hal_tim_ex.o
                0x080041ee                HAL_TIMEx_CommutCallback
 .text.HAL_TIMEx_BreakCallback
                0x08004200       0x12 ./Drivers/STM32F1xx_HAL_Driver/Src/stm32f1xx_hal_tim_ex.o
                0x08004200                HAL_TIMEx_BreakCallback
 .text.USB_CoreInit
                0x08004212       0x1a ./Drivers/STM32F1xx_HAL_Driver/Src/stm32f1xx_ll_usb.o
                0x08004212                USB_CoreInit
 .text.USB_EnableGlobalInt
                0x0800422c       0x2c ./Drivers/STM32F1xx_HAL_Driver/Src/stm32f1xx_ll_usb.o
                0x0800422c                USB_EnableGlobalInt
 .text.USB_DisableGlobalInt
                0x08004258       0x34 ./Drivers/STM32F1xx_HAL_Driver/Src/stm32f1xx_ll_usb.o
                0x08004258                USB_DisableGlobalInt
 .text.USB_SetCurrentMode
                0x0800428c       0x18 ./Drivers/STM32F1xx_HAL_Driver/Src/stm32f1xx_ll_usb.o
                0x0800428c                USB_SetCurrentMode
 .text.USB_DevInit
                0x080042a4       0x3a ./Drivers/STM32F1xx_HAL_Driver/Src/stm32f1xx_ll_usb.o
                0x080042a4                USB_DevInit
 *fill*         0x080042de        0x2 
 .text.USB_ActivateEndpoint
                0x080042e0      0x780 ./Drivers/STM32F1xx_HAL_Driver/Src/stm32f1xx_ll_usb.o
                0x080042e0                USB_ActivateEndpoint
 .text.USB_DeactivateEndpoint
                0x08004a60      0x3d8 ./Drivers/STM32F1xx_HAL_Driver/Src/stm32f1xx_ll_usb.o
                0x08004a60                USB_DeactivateEndpoint
 .text.USB_EPStartXfer
                0x08004e38     0x1762 ./Drivers/STM32F1xx_HAL_Driver/Src/stm32f1xx_ll_usb.o
                0x08004e38                USB_EPStartXfer
 .text.USB_EPSetStall
                0x0800659a       0xa0 ./Drivers/STM32F1xx_HAL_Driver/Src/stm32f1xx_ll_usb.o
                0x0800659a                USB_EPSetStall
 .text.USB_EPClearStall
                0x0800663a      0x15a ./Drivers/STM32F1xx_HAL_Driver/Src/stm32f1xx_ll_usb.o
                0x0800663a                USB_EPClearStall
 .text.USB_SetDevAddress
                0x08006794       0x26 ./Drivers/STM32F1xx_HAL_Driver/Src/stm32f1xx_ll_usb.o
                0x08006794                USB_SetDevAddress
 .text.USB_DevConnect
                0x080067ba       0x14 ./Drivers/STM32F1xx_HAL_Driver/Src/stm32f1xx_ll_usb.o
                0x080067ba                USB_DevConnect
 .text.USB_DevDisconnect
                0x080067ce       0x14 ./Drivers/STM32F1xx_HAL_Driver/Src/stm32f1xx_ll_usb.o
                0x080067ce                USB_DevDisconnect
 .text.USB_ReadInterrupts
                0x080067e2       0x1e ./Drivers/STM32F1xx_HAL_Driver/Src/stm32f1xx_ll_usb.o
                0x080067e2                USB_ReadInterrupts
 .text.USB_EP0_OutStart
                0x08006800       0x16 ./Drivers/STM32F1xx_HAL_Driver/Src/stm32f1xx_ll_usb.o
                0x08006800                USB_EP0_OutStart
 .text.USB_WritePMA
                0x08006816       0x8c ./Drivers/STM32F1xx_HAL_Driver/Src/stm32f1xx_ll_usb.o
                0x08006816                USB_WritePMA
 .text.USB_ReadPMA
                0x080068a2       0x9e ./Drivers/STM32F1xx_HAL_Driver/Src/stm32f1xx_ll_usb.o
                0x080068a2                USB_ReadPMA
 .text.USBD_CDC_Init
                0x08006940       0xf4 ./Middlewares/ST/STM32_USB_Device_Library/Class/CDC/Src/usbd_cdc.o
 .text.USBD_CDC_DeInit
                0x08006a34       0x6e ./Middlewares/ST/STM32_USB_Device_Library/Class/CDC/Src/usbd_cdc.o
 .text.USBD_CDC_Setup
                0x08006aa2      0x146 ./Middlewares/ST/STM32_USB_Device_Library/Class/CDC/Src/usbd_cdc.o
 .text.USBD_CDC_DataIn
                0x08006be8       0xa6 ./Middlewares/ST/STM32_USB_Device_Library/Class/CDC/Src/usbd_cdc.o
 .text.USBD_CDC_DataOut
                0x08006c8e       0x56 ./Middlewares/ST/STM32_USB_Device_Library/Class/CDC/Src/usbd_cdc.o
 .text.USBD_CDC_EP0_RxReady
                0x08006ce4       0x4e ./Middlewares/ST/STM32_USB_Device_Library/Class/CDC/Src/usbd_cdc.o
 *fill*         0x08006d32        0x2 
 .text.USBD_CDC_GetFSCfgDesc
                0x08006d34       0x20 ./Middlewares/ST/STM32_USB_Device_Library/Class/CDC/Src/usbd_cdc.o
 .text.USBD_CDC_GetHSCfgDesc
                0x08006d54       0x20 ./Middlewares/ST/STM32_USB_Device_Library/Class/CDC/Src/usbd_cdc.o
 .text.USBD_CDC_GetOtherSpeedCfgDesc
                0x08006d74       0x20 ./Middlewares/ST/STM32_USB_Device_Library/Class/CDC/Src/usbd_cdc.o
 .text.USBD_CDC_GetDeviceQualifierDescriptor
                0x08006d94       0x20 ./Middlewares/ST/STM32_USB_Device_Library/Class/CDC/Src/usbd_cdc.o
                0x08006d94                USBD_CDC_GetDeviceQualifierDescriptor
 .text.USBD_CDC_RegisterInterface
                0x08006db4       0x2c ./Middlewares/ST/STM32_USB_Device_Library/Class/CDC/Src/usbd_cdc.o
                0x08006db4                USBD_CDC_RegisterInterface
 .text.USBD_CDC_SetTxBuffer
                0x08006de0       0x32 ./Middlewares/ST/STM32_USB_Device_Library/Class/CDC/Src/usbd_cdc.o
                0x08006de0                USBD_CDC_SetTxBuffer
 .text.USBD_CDC_SetRxBuffer
                0x08006e12       0x26 ./Middlewares/ST/STM32_USB_Device_Library/Class/CDC/Src/usbd_cdc.o
                0x08006e12                USBD_CDC_SetRxBuffer
 .text.USBD_CDC_ReceivePacket
                0x08006e38       0x54 ./Middlewares/ST/STM32_USB_Device_Library/Class/CDC/Src/usbd_cdc.o
                0x08006e38                USBD_CDC_ReceivePacket
 .text.USBD_Init
                0x08006e8c       0x56 ./Middlewares/ST/STM32_USB_Device_Library/Core/Src/usbd_core.o
                0x08006e8c                USBD_Init
 .text.USBD_RegisterClass
                0x08006ee2       0x32 ./Middlewares/ST/STM32_USB_Device_Library/Core/Src/usbd_core.o
                0x08006ee2                USBD_RegisterClass
 .text.USBD_Start
                0x08006f14       0x18 ./Middlewares/ST/STM32_USB_Device_Library/Core/Src/usbd_core.o
                0x08006f14                USBD_Start
 .text.USBD_RunTestMode
                0x08006f2c       0x14 ./Middlewares/ST/STM32_USB_Device_Library/Core/Src/usbd_core.o
                0x08006f2c                USBD_RunTestMode
 .text.USBD_SetClassConfig
                0x08006f40       0x3e ./Middlewares/ST/STM32_USB_Device_Library/Core/Src/usbd_core.o
                0x08006f40                USBD_SetClassConfig
 .text.USBD_ClrClassConfig
                0x08006f7e       0x26 ./Middlewares/ST/STM32_USB_Device_Library/Core/Src/usbd_core.o
                0x08006f7e                USBD_ClrClassConfig
 .text.USBD_LL_SetupStage
                0x08006fa4       0x9a ./Middlewares/ST/STM32_USB_Device_Library/Core/Src/usbd_core.o
                0x08006fa4                USBD_LL_SetupStage
 .text.USBD_LL_DataOutStage
                0x0800703e       0xe2 ./Middlewares/ST/STM32_USB_Device_Library/Core/Src/usbd_core.o
                0x0800703e                USBD_LL_DataOutStage
 .text.USBD_LL_DataInStage
                0x08007120      0x14a ./Middlewares/ST/STM32_USB_Device_Library/Core/Src/usbd_core.o
                0x08007120                USBD_LL_DataInStage
 .text.USBD_LL_Reset
                0x0800726a       0x82 ./Middlewares/ST/STM32_USB_Device_Library/Core/Src/usbd_core.o
                0x0800726a                USBD_LL_Reset
 .text.USBD_LL_SetSpeed
                0x080072ec       0x1e ./Middlewares/ST/STM32_USB_Device_Library/Core/Src/usbd_core.o
                0x080072ec                USBD_LL_SetSpeed
 .text.USBD_LL_Suspend
                0x0800730a       0x28 ./Middlewares/ST/STM32_USB_Device_Library/Core/Src/usbd_core.o
                0x0800730a                USBD_LL_Suspend
 .text.USBD_LL_Resume
                0x08007332       0x2a ./Middlewares/ST/STM32_USB_Device_Library/Core/Src/usbd_core.o
                0x08007332                USBD_LL_Resume
 .text.USBD_LL_SOF
                0x0800735c       0x34 ./Middlewares/ST/STM32_USB_Device_Library/Core/Src/usbd_core.o
                0x0800735c                USBD_LL_SOF
 .text.USBD_StdDevReq
                0x08007390       0xd4 ./Middlewares/ST/STM32_USB_Device_Library/Core/Src/usbd_ctlreq.o
                0x08007390                USBD_StdDevReq
 .text.USBD_StdItfReq
                0x08007464       0x90 ./Middlewares/ST/STM32_USB_Device_Library/Core/Src/usbd_ctlreq.o
                0x08007464                USBD_StdItfReq
 .text.USBD_StdEPReq
                0x080074f4      0x2c6 ./Middlewares/ST/STM32_USB_Device_Library/Core/Src/usbd_ctlreq.o
                0x080074f4                USBD_StdEPReq
 *fill*         0x080077ba        0x2 
 .text.USBD_GetDescriptor
                0x080077bc      0x2d0 ./Middlewares/ST/STM32_USB_Device_Library/Core/Src/usbd_ctlreq.o
 .text.USBD_SetAddress
                0x08007a8c       0x86 ./Middlewares/ST/STM32_USB_Device_Library/Core/Src/usbd_ctlreq.o
 *fill*         0x08007b12        0x2 
 .text.USBD_SetConfig
                0x08007b14      0x11c ./Middlewares/ST/STM32_USB_Device_Library/Core/Src/usbd_ctlreq.o
 .text.USBD_GetConfig
                0x08007c30       0x6a ./Middlewares/ST/STM32_USB_Device_Library/Core/Src/usbd_ctlreq.o
 .text.USBD_GetStatus
                0x08007c9a       0x66 ./Middlewares/ST/STM32_USB_Device_Library/Core/Src/usbd_ctlreq.o
 .text.USBD_SetFeature
                0x08007d00       0x28 ./Middlewares/ST/STM32_USB_Device_Library/Core/Src/usbd_ctlreq.o
 .text.USBD_ClrFeature
                0x08007d28       0x42 ./Middlewares/ST/STM32_USB_Device_Library/Core/Src/usbd_ctlreq.o
 .text.USBD_ParseSetupRequest
                0x08007d6a       0x72 ./Middlewares/ST/STM32_USB_Device_Library/Core/Src/usbd_ctlreq.o
                0x08007d6a                USBD_ParseSetupRequest
 .text.USBD_CtlError
                0x08007ddc       0x22 ./Middlewares/ST/STM32_USB_Device_Library/Core/Src/usbd_ctlreq.o
                0x08007ddc                USBD_CtlError
 .text.USBD_GetString
                0x08007dfe       0x84 ./Middlewares/ST/STM32_USB_Device_Library/Core/Src/usbd_ctlreq.o
                0x08007dfe                USBD_GetString
 .text.USBD_GetLen
                0x08007e82       0x2e ./Middlewares/ST/STM32_USB_Device_Library/Core/Src/usbd_ctlreq.o
 .text.USBD_CtlSendData
                0x08007eb0       0x38 ./Middlewares/ST/STM32_USB_Device_Library/Core/Src/usbd_ioreq.o
                0x08007eb0                USBD_CtlSendData
 .text.USBD_CtlContinueSendData
                0x08007ee8       0x24 ./Middlewares/ST/STM32_USB_Device_Library/Core/Src/usbd_ioreq.o
                0x08007ee8                USBD_CtlContinueSendData
 .text.USBD_CtlPrepareRx
                0x08007f0c       0x3c ./Middlewares/ST/STM32_USB_Device_Library/Core/Src/usbd_ioreq.o
                0x08007f0c                USBD_CtlPrepareRx
 .text.USBD_CtlContinueRx
                0x08007f48       0x24 ./Middlewares/ST/STM32_USB_Device_Library/Core/Src/usbd_ioreq.o
                0x08007f48                USBD_CtlContinueRx
 .text.USBD_CtlSendStatus
                0x08007f6c       0x26 ./Middlewares/ST/STM32_USB_Device_Library/Core/Src/usbd_ioreq.o
                0x08007f6c                USBD_CtlSendStatus
 .text.USBD_CtlReceiveStatus
                0x08007f92       0x26 ./Middlewares/ST/STM32_USB_Device_Library/Core/Src/usbd_ioreq.o
                0x08007f92                USBD_CtlReceiveStatus
 .text.MX_USB_DEVICE_Init
                0x08007fb8       0x60 ./USB_DEVICE/App/usb_device.o
                0x08007fb8                MX_USB_DEVICE_Init
 .text.CDC_Init_FS
                0x08008018       0x28 ./USB_DEVICE/App/usbd_cdc_if.o
 .text.CDC_DeInit_FS
                0x08008040        0xe ./USB_DEVICE/App/usbd_cdc_if.o
 *fill*         0x0800804e        0x2 
 .text.CDC_Control_FS
                0x08008050       0xbc ./USB_DEVICE/App/usbd_cdc_if.o
 .text.CDC_Receive_FS
                0x0800810c       0x28 ./USB_DEVICE/App/usbd_cdc_if.o
 .text.USBD_FS_DeviceDescriptor
                0x08008134       0x24 ./USB_DEVICE/App/usbd_desc.o
                0x08008134                USBD_FS_DeviceDescriptor
 .text.USBD_FS_LangIDStrDescriptor
                0x08008158       0x24 ./USB_DEVICE/App/usbd_desc.o
                0x08008158                USBD_FS_LangIDStrDescriptor
 .text.USBD_FS_ProductStrDescriptor
                0x0800817c       0x3c ./USB_DEVICE/App/usbd_desc.o
                0x0800817c                USBD_FS_ProductStrDescriptor
 .text.USBD_FS_ManufacturerStrDescriptor
                0x080081b8       0x28 ./USB_DEVICE/App/usbd_desc.o
                0x080081b8                USBD_FS_ManufacturerStrDescriptor
 .text.USBD_FS_SerialStrDescriptor
                0x080081e0       0x24 ./USB_DEVICE/App/usbd_desc.o
                0x080081e0                USBD_FS_SerialStrDescriptor
 .text.USBD_FS_ConfigStrDescriptor
                0x08008204       0x3c ./USB_DEVICE/App/usbd_desc.o
                0x08008204                USBD_FS_ConfigStrDescriptor
 .text.USBD_FS_InterfaceStrDescriptor
                0x08008240       0x3c ./USB_DEVICE/App/usbd_desc.o
                0x08008240                USBD_FS_InterfaceStrDescriptor
 .text.Get_SerialNum
                0x0800827c       0x58 ./USB_DEVICE/App/usbd_desc.o
 .text.IntToUnicode
                0x080082d4       0x7c ./USB_DEVICE/App/usbd_desc.o
 .text.HAL_PCD_MspInit
                0x08008350       0x4c ./USB_DEVICE/Target/usbd_conf.o
                0x08008350                HAL_PCD_MspInit
 .text.HAL_PCD_SetupStageCallback
                0x0800839c       0x24 ./USB_DEVICE/Target/usbd_conf.o
                0x0800839c                HAL_PCD_SetupStageCallback
 .text.HAL_PCD_DataOutStageCallback
                0x080083c0       0x36 ./USB_DEVICE/Target/usbd_conf.o
                0x080083c0                HAL_PCD_DataOutStageCallback
 .text.HAL_PCD_DataInStageCallback
                0x080083f6       0x34 ./USB_DEVICE/Target/usbd_conf.o
                0x080083f6                HAL_PCD_DataInStageCallback
 .text.HAL_PCD_SOFCallback
                0x0800842a       0x1c ./USB_DEVICE/Target/usbd_conf.o
                0x0800842a                HAL_PCD_SOFCallback
 .text.HAL_PCD_ResetCallback
                0x08008446       0x3c ./USB_DEVICE/Target/usbd_conf.o
                0x08008446                HAL_PCD_ResetCallback
 *fill*         0x08008482        0x2 
 .text.HAL_PCD_SuspendCallback
                0x08008484       0x34 ./USB_DEVICE/Target/usbd_conf.o
                0x08008484                HAL_PCD_SuspendCallback
 .text.HAL_PCD_ResumeCallback
                0x080084b8       0x1c ./USB_DEVICE/Target/usbd_conf.o
                0x080084b8                HAL_PCD_ResumeCallback
 .text.USBD_LL_Init
                0x080084d4       0xb4 ./USB_DEVICE/Target/usbd_conf.o
                0x080084d4                USBD_LL_Init
 .text.USBD_LL_Start
                0x08008588       0x36 ./USB_DEVICE/Target/usbd_conf.o
                0x08008588                USBD_LL_Start
 .text.USBD_LL_OpenEP
                0x080085be       0x4c ./USB_DEVICE/Target/usbd_conf.o
                0x080085be                USBD_LL_OpenEP
 .text.USBD_LL_CloseEP
                0x0800860a       0x3e ./USB_DEVICE/Target/usbd_conf.o
                0x0800860a                USBD_LL_CloseEP
 .text.USBD_LL_StallEP
                0x08008648       0x3e ./USB_DEVICE/Target/usbd_conf.o
                0x08008648                USBD_LL_StallEP
 .text.USBD_LL_ClearStallEP
                0x08008686       0x3e ./USB_DEVICE/Target/usbd_conf.o
                0x08008686                USBD_LL_ClearStallEP
 .text.USBD_LL_IsStallEP
                0x080086c4       0x56 ./USB_DEVICE/Target/usbd_conf.o
                0x080086c4                USBD_LL_IsStallEP
 .text.USBD_LL_SetUSBAddress
                0x0800871a       0x3e ./USB_DEVICE/Target/usbd_conf.o
                0x0800871a                USBD_LL_SetUSBAddress
 .text.USBD_LL_Transmit
                0x08008758       0x46 ./USB_DEVICE/Target/usbd_conf.o
                0x08008758                USBD_LL_Transmit
 .text.USBD_LL_PrepareReceive
                0x0800879e       0x46 ./USB_DEVICE/Target/usbd_conf.o
                0x0800879e                USBD_LL_PrepareReceive
 .text.USBD_LL_GetRxDataSize
                0x080087e4       0x26 ./USB_DEVICE/Target/usbd_conf.o
                0x080087e4                USBD_LL_GetRxDataSize
 *fill*         0x0800880a        0x2 
 .text.USBD_static_malloc
                0x0800880c       0x18 ./USB_DEVICE/Target/usbd_conf.o
                0x0800880c                USBD_static_malloc
 .text.USBD_static_free
                0x08008824       0x12 ./USB_DEVICE/Target/usbd_conf.o
                0x08008824                USBD_static_free
 .text.HAL_PCDEx_SetConnectionState
                0x08008836       0x16 ./USB_DEVICE/Target/usbd_conf.o
                0x08008836                HAL_PCDEx_SetConnectionState
 .text.USBD_Get_USB_Status
                0x0800884c       0x58 ./USB_DEVICE/Target/usbd_conf.o
 .text.memset   0x080088a4       0x10 C:/ST/STM32CubeIDE_1.17.0/STM32CubeIDE/plugins/com.st.stm32cube.ide.mcu.externaltools.gnu-tools-for-stm32.13.3.rel1.win32_1.0.0.202411081344/tools/bin/../lib/gcc/arm-none-eabi/13.3.1/../../../../arm-none-eabi/lib/thumb/v7-m/nofp\libc_nano.a(libc_a-memset.o)
                0x080088a4                memset
 .text.__libc_init_array
                0x080088b4       0x48 C:/ST/STM32CubeIDE_1.17.0/STM32CubeIDE/plugins/com.st.stm32cube.ide.mcu.externaltools.gnu-tools-for-stm32.13.3.rel1.win32_1.0.0.202411081344/tools/bin/../lib/gcc/arm-none-eabi/13.3.1/../../../../arm-none-eabi/lib/thumb/v7-m/nofp\libc_nano.a(libc_a-init.o)
                0x080088b4                __libc_init_array
 *(.glue_7)
 .glue_7        0x080088fc        0x0 linker stubs
 *(.glue_7t)
 .glue_7t       0x080088fc        0x0 linker stubs
 *(.eh_frame)
 .eh_frame      0x080088fc        0x0 C:/ST/STM32CubeIDE_1.17.0/STM32CubeIDE/plugins/com.st.stm32cube.ide.mcu.externaltools.gnu-tools-for-stm32.13.3.rel1.win32_1.0.0.202411081344/tools/bin/../lib/gcc/arm-none-eabi/13.3.1/thumb/v7-m/nofp/crtbegin.o
 *(.init)
 .init          0x080088fc        0x4 C:/ST/STM32CubeIDE_1.17.0/STM32CubeIDE/plugins/com.st.stm32cube.ide.mcu.externaltools.gnu-tools-for-stm32.13.3.rel1.win32_1.0.0.202411081344/tools/bin/../lib/gcc/arm-none-eabi/13.3.1/thumb/v7-m/nofp/crti.o
                0x080088fc                _init
 .init          0x08008900        0x8 C:/ST/STM32CubeIDE_1.17.0/STM32CubeIDE/plugins/com.st.stm32cube.ide.mcu.externaltools.gnu-tools-for-stm32.13.3.rel1.win32_1.0.0.202411081344/tools/bin/../lib/gcc/arm-none-eabi/13.3.1/thumb/v7-m/nofp/crtn.o
 *(.fini)
 .fini          0x08008908        0x4 C:/ST/STM32CubeIDE_1.17.0/STM32CubeIDE/plugins/com.st.stm32cube.ide.mcu.externaltools.gnu-tools-for-stm32.13.3.rel1.win32_1.0.0.202411081344/tools/bin/../lib/gcc/arm-none-eabi/13.3.1/thumb/v7-m/nofp/crti.o
                0x08008908                _fini
 .fini          0x0800890c        0x8 C:/ST/STM32CubeIDE_1.17.0/STM32CubeIDE/plugins/com.st.stm32cube.ide.mcu.externaltools.gnu-tools-for-stm32.13.3.rel1.win32_1.0.0.202411081344/tools/bin/../lib/gcc/arm-none-eabi/13.3.1/thumb/v7-m/nofp/crtn.o
                0x08008914                        . = ALIGN (0x4)
                0x08008914                        _etext = .

.vfp11_veneer   0x08008914        0x0
 .vfp11_veneer  0x08008914        0x0 linker stubs

.v4_bx          0x08008914        0x0
 .v4_bx         0x08008914        0x0 linker stubs

.iplt           0x08008914        0x0
 .iplt          0x08008914        0x0 C:/ST/STM32CubeIDE_1.17.0/STM32CubeIDE/plugins/com.st.stm32cube.ide.mcu.externaltools.gnu-tools-for-stm32.13.3.rel1.win32_1.0.0.202411081344/tools/bin/../lib/gcc/arm-none-eabi/13.3.1/thumb/v7-m/nofp/crtbegin.o

.rodata         0x08008914       0x68
                0x08008914                        . = ALIGN (0x4)
 *(.rodata)
 .rodata        0x08008914       0x42 ./USB_DEVICE/App/usbd_desc.o
 *(.rodata*)
 *fill*         0x08008956        0x2 
 .rodata.AHBPrescTable
                0x08008958       0x10 ./Core/Src/system_stm32f1xx.o
                0x08008958                AHBPrescTable
 .rodata.aPLLMULFactorTable.1
                0x08008968       0x10 ./Drivers/STM32F1xx_HAL_Driver/Src/stm32f1xx_hal_rcc.o
 .rodata.aPredivFactorTable.0
                0x08008978        0x2 ./Drivers/STM32F1xx_HAL_Driver/Src/stm32f1xx_hal_rcc.o
                0x0800897c                        . = ALIGN (0x4)
 *fill*         0x0800897a        0x2 

.ARM.extab      0x0800897c        0x0
                0x0800897c                        . = ALIGN (0x4)
 *(.ARM.extab* .gnu.linkonce.armextab.*)
                0x0800897c                        . = ALIGN (0x4)

.ARM            0x0800897c        0x0
                0x0800897c                        . = ALIGN (0x4)
                0x0800897c                        __exidx_start = .
 *(.ARM.exidx*)
                0x0800897c                        __exidx_end = .
                0x0800897c                        . = ALIGN (0x4)

.preinit_array  0x0800897c        0x0
                0x0800897c                        . = ALIGN (0x4)
                0x0800897c                        PROVIDE (__preinit_array_start = .)
 *(.preinit_array*)
                0x0800897c                        PROVIDE (__preinit_array_end = .)
                0x0800897c                        . = ALIGN (0x4)

.init_array     0x0800897c        0x4
                0x0800897c                        . = ALIGN (0x4)
                0x0800897c                        PROVIDE (__init_array_start = .)
 *(SORT_BY_NAME(.init_array.*))
 *(.init_array*)
 .init_array    0x0800897c        0x4 C:/ST/STM32CubeIDE_1.17.0/STM32CubeIDE/plugins/com.st.stm32cube.ide.mcu.externaltools.gnu-tools-for-stm32.13.3.rel1.win32_1.0.0.202411081344/tools/bin/../lib/gcc/arm-none-eabi/13.3.1/thumb/v7-m/nofp/crtbegin.o
                0x08008980                        PROVIDE (__init_array_end = .)
                0x08008980                        . = ALIGN (0x4)

.fini_array     0x08008980        0x4
                0x08008980                        . = ALIGN (0x4)
                [!provide]                        PROVIDE (__fini_array_start = .)
 *(SORT_BY_NAME(.fini_array.*))
 *(.fini_array*)
 .fini_array    0x08008980        0x4 C:/ST/STM32CubeIDE_1.17.0/STM32CubeIDE/plugins/com.st.stm32cube.ide.mcu.externaltools.gnu-tools-for-stm32.13.3.rel1.win32_1.0.0.202411081344/tools/bin/../lib/gcc/arm-none-eabi/13.3.1/thumb/v7-m/nofp/crtbegin.o
                [!provide]                        PROVIDE (__fini_array_end = .)
                0x08008984                        . = ALIGN (0x4)
                0x08008984                        _sidata = LOADADDR (.data)

.rel.dyn        0x08008984        0x0
 .rel.iplt      0x08008984        0x0 C:/ST/STM32CubeIDE_1.17.0/STM32CubeIDE/plugins/com.st.stm32cube.ide.mcu.externaltools.gnu-tools-for-stm32.13.3.rel1.win32_1.0.0.202411081344/tools/bin/../lib/gcc/arm-none-eabi/13.3.1/thumb/v7-m/nofp/crtbegin.o

.data           0x20000000      0x180 load address 0x08008984
                0x20000000                        . = ALIGN (0x4)
                0x20000000                        _sdata = .
 *(.data)
 *(.data*)
 .data.currentPulse
                0x20000000        0x2 ./Core/Src/phases_pwm.o
                0x20000000                currentPulse
 *fill*         0x20000002        0x2 
 .data.SystemCoreClock
                0x20000004        0x4 ./Core/Src/system_stm32f1xx.o
                0x20000004                SystemCoreClock
 .data.uwTickPrio
                0x20000008        0x4 ./Drivers/STM32F1xx_HAL_Driver/Src/stm32f1xx_hal.o
                0x20000008                uwTickPrio
 .data.uwTickFreq
                0x2000000c        0x1 ./Drivers/STM32F1xx_HAL_Driver/Src/stm32f1xx_hal.o
                0x2000000c                uwTickFreq
 *fill*         0x2000000d        0x3 
 .data.USBD_CDC_DeviceQualifierDesc
                0x20000010        0xa ./Middlewares/ST/STM32_USB_Device_Library/Class/CDC/Src/usbd_cdc.o
 *fill*         0x2000001a        0x2 
 .data.USBD_CDC
                0x2000001c       0x38 ./Middlewares/ST/STM32_USB_Device_Library/Class/CDC/Src/usbd_cdc.o
                0x2000001c                USBD_CDC
 .data.USBD_CDC_CfgHSDesc
                0x20000054       0x43 ./Middlewares/ST/STM32_USB_Device_Library/Class/CDC/Src/usbd_cdc.o
                0x20000054                USBD_CDC_CfgHSDesc
 *fill*         0x20000097        0x1 
 .data.USBD_CDC_CfgFSDesc
                0x20000098       0x43 ./Middlewares/ST/STM32_USB_Device_Library/Class/CDC/Src/usbd_cdc.o
                0x20000098                USBD_CDC_CfgFSDesc
 *fill*         0x200000db        0x1 
 .data.USBD_CDC_OtherSpeedCfgDesc
                0x200000dc       0x43 ./Middlewares/ST/STM32_USB_Device_Library/Class/CDC/Src/usbd_cdc.o
                0x200000dc                USBD_CDC_OtherSpeedCfgDesc
 *fill*         0x2000011f        0x1 
 .data.USBD_Interface_fops_FS
                0x20000120       0x10 ./USB_DEVICE/App/usbd_cdc_if.o
                0x20000120                USBD_Interface_fops_FS
 .data.FS_Desc  0x20000130       0x1c ./USB_DEVICE/App/usbd_desc.o
                0x20000130                FS_Desc
 .data.USBD_FS_DeviceDesc
                0x2000014c       0x12 ./USB_DEVICE/App/usbd_desc.o
                0x2000014c                USBD_FS_DeviceDesc
 *fill*         0x2000015e        0x2 
 .data.USBD_LangIDDesc
                0x20000160        0x4 ./USB_DEVICE/App/usbd_desc.o
                0x20000160                USBD_LangIDDesc
 .data.USBD_StringSerial
                0x20000164       0x1a ./USB_DEVICE/App/usbd_desc.o
                0x20000164                USBD_StringSerial
 *(.RamFunc)
 *(.RamFunc*)
                0x20000180                        . = ALIGN (0x4)
 *fill*         0x2000017e        0x2 
                0x20000180                        _edata = .

.igot.plt       0x20000180        0x0 load address 0x08008b04
 .igot.plt      0x20000180        0x0 C:/ST/STM32CubeIDE_1.17.0/STM32CubeIDE/plugins/com.st.stm32cube.ide.mcu.externaltools.gnu-tools-for-stm32.13.3.rel1.win32_1.0.0.202411081344/tools/bin/../lib/gcc/arm-none-eabi/13.3.1/thumb/v7-m/nofp/crtbegin.o
                0x20000180                        . = ALIGN (0x4)

.bss            0x20000180     0x1278 load address 0x08008b04
                0x20000180                        _sbss = .
                0x20000180                        __bss_start__ = _sbss
 *(.bss)
 .bss           0x20000180       0x1c C:/ST/STM32CubeIDE_1.17.0/STM32CubeIDE/plugins/com.st.stm32cube.ide.mcu.externaltools.gnu-tools-for-stm32.13.3.rel1.win32_1.0.0.202411081344/tools/bin/../lib/gcc/arm-none-eabi/13.3.1/thumb/v7-m/nofp/crtbegin.o
 *(.bss*)
 .bss.currentPhase
                0x2000019c        0x1 ./Core/Src/phases_pwm.o
 *fill*         0x2000019d        0x3 
 .bss.phaseStart
                0x200001a0        0x4 ./Core/Src/phases_pwm.o
 .bss.htim1     0x200001a4       0x48 ./Core/Src/tim.o
                0x200001a4                htim1
 .bss.htim3     0x200001ec       0x48 ./Core/Src/tim.o
                0x200001ec                htim3
 .bss.uwTick    0x20000234        0x4 ./Drivers/STM32F1xx_HAL_Driver/Src/stm32f1xx_hal.o
                0x20000234                uwTick
 .bss.cfgidx.0  0x20000238        0x1 ./Middlewares/ST/STM32_USB_Device_Library/Core/Src/usbd_ctlreq.o
 *fill*         0x20000239        0x3 
 .bss.hUsbDeviceFS
                0x2000023c      0x2c4 ./USB_DEVICE/App/usb_device.o
                0x2000023c                hUsbDeviceFS
 .bss.UserRxBufferFS
                0x20000500      0x400 ./USB_DEVICE/App/usbd_cdc_if.o
                0x20000500                UserRxBufferFS
 .bss.UserTxBufferFS
                0x20000900      0x400 ./USB_DEVICE/App/usbd_cdc_if.o
                0x20000900                UserTxBufferFS
 .bss.USBD_StrDesc
                0x20000d00      0x200 ./USB_DEVICE/App/usbd_desc.o
                0x20000d00                USBD_StrDesc
 .bss.hpcd_USB_FS
                0x20000f00      0x2d8 ./USB_DEVICE/Target/usbd_conf.o
                0x20000f00                hpcd_USB_FS
 .bss.mem.0     0x200011d8      0x220 ./USB_DEVICE/Target/usbd_conf.o
 *(COMMON)
                0x200013f8                        . = ALIGN (0x4)
                0x200013f8                        _ebss = .
                0x200013f8                        __bss_end__ = _ebss

._user_heap_stack
                0x200013f8      0x600 load address 0x08008b04
                0x200013f8                        . = ALIGN (0x8)
                [!provide]                        PROVIDE (end = .)
                0x200013f8                        PROVIDE (_end = .)
                0x200015f8                        . = (. + _Min_Heap_Size)
 *fill*         0x200013f8      0x200 
                0x200019f8                        . = (. + _Min_Stack_Size)
 *fill*         0x200015f8      0x400 
                0x200019f8                        . = ALIGN (0x8)

/DISCARD/
 libc.a(*)
 libm.a(*)
 libgcc.a(*)

.ARM.attributes
                0x00000000       0x29
 *(.ARM.attributes)
 .ARM.attributes
                0x00000000       0x1d C:/ST/STM32CubeIDE_1.17.0/STM32CubeIDE/plugins/com.st.stm32cube.ide.mcu.externaltools.gnu-tools-for-stm32.13.3.rel1.win32_1.0.0.202411081344/tools/bin/../lib/gcc/arm-none-eabi/13.3.1/thumb/v7-m/nofp/crti.o
 .ARM.attributes
                0x0000001d       0x2d C:/ST/STM32CubeIDE_1.17.0/STM32CubeIDE/plugins/com.st.stm32cube.ide.mcu.externaltools.gnu-tools-for-stm32.13.3.rel1.win32_1.0.0.202411081344/tools/bin/../lib/gcc/arm-none-eabi/13.3.1/thumb/v7-m/nofp/crtbegin.o
 .ARM.attributes
                0x0000004a       0x2d ./Core/Src/gpio.o
 .ARM.attributes
                0x00000077       0x2d ./Core/Src/main.o
 .ARM.attributes
                0x000000a4       0x2d ./Core/Src/phases_pwm.o
 .ARM.attributes
                0x000000d1       0x2d ./Core/Src/stm32f1xx_hal_msp.o
 .ARM.attributes
                0x000000fe       0x2d ./Core/Src/stm32f1xx_it.o
 .ARM.attributes
                0x0000012b       0x2d ./Core/Src/system_stm32f1xx.o
 .ARM.attributes
                0x00000158       0x2d ./Core/Src/tim.o
 .ARM.attributes
                0x00000185       0x21 ./Core/Startup/startup_stm32f103c8tx.o
 .ARM.attributes
                0x000001a6       0x2d ./Drivers/STM32F1xx_HAL_Driver/Src/stm32f1xx_hal.o
 .ARM.attributes
                0x000001d3       0x2d ./Drivers/STM32F1xx_HAL_Driver/Src/stm32f1xx_hal_cortex.o
 .ARM.attributes
                0x00000200       0x2d ./Drivers/STM32F1xx_HAL_Driver/Src/stm32f1xx_hal_gpio.o
 .ARM.attributes
                0x0000022d       0x2d ./Drivers/STM32F1xx_HAL_Driver/Src/stm32f1xx_hal_pcd.o
 .ARM.attributes
                0x0000025a       0x2d ./Drivers/STM32F1xx_HAL_Driver/Src/stm32f1xx_hal_pcd_ex.o
 .ARM.attributes
                0x00000287       0x2d ./Drivers/STM32F1xx_HAL_Driver/Src/stm32f1xx_hal_rcc.o
 .ARM.attributes
                0x000002b4       0x2d ./Drivers/STM32F1xx_HAL_Driver/Src/stm32f1xx_hal_rcc_ex.o
 .ARM.attributes
                0x000002e1       0x2d ./Drivers/STM32F1xx_HAL_Driver/Src/stm32f1xx_hal_tim.o
 .ARM.attributes
                0x0000030e       0x2d ./Drivers/STM32F1xx_HAL_Driver/Src/stm32f1xx_hal_tim_ex.o
 .ARM.attributes
                0x0000033b       0x2d ./Drivers/STM32F1xx_HAL_Driver/Src/stm32f1xx_ll_usb.o
 .ARM.attributes
                0x00000368       0x2d ./Middlewares/ST/STM32_USB_Device_Library/Class/CDC/Src/usbd_cdc.o
 .ARM.attributes
                0x00000395       0x2d ./Middlewares/ST/STM32_USB_Device_Library/Core/Src/usbd_core.o
 .ARM.attributes
                0x000003c2       0x2d ./Middlewares/ST/STM32_USB_Device_Library/Core/Src/usbd_ctlreq.o
 .ARM.attributes
                0x000003ef       0x2d ./Middlewares/ST/STM32_USB_Device_Library/Core/Src/usbd_ioreq.o
 .ARM.attributes
                0x0000041c       0x2d ./USB_DEVICE/App/usb_device.o
 .ARM.attributes
                0x00000449       0x2d ./USB_DEVICE/App/usbd_cdc_if.o
 .ARM.attributes
                0x00000476       0x2d ./USB_DEVICE/App/usbd_desc.o
 .ARM.attributes
                0x000004a3       0x2d ./USB_DEVICE/Target/usbd_conf.o
 .ARM.attributes
                0x000004d0       0x2d C:/ST/STM32CubeIDE_1.17.0/STM32CubeIDE/plugins/com.st.stm32cube.ide.mcu.externaltools.gnu-tools-for-stm32.13.3.rel1.win32_1.0.0.202411081344/tools/bin/../lib/gcc/arm-none-eabi/13.3.1/../../../../arm-none-eabi/lib/thumb/v7-m/nofp\libc_nano.a(libc_a-memset.o)
 .ARM.attributes
                0x000004fd       0x2d C:/ST/STM32CubeIDE_1.17.0/STM32CubeIDE/plugins/com.st.stm32cube.ide.mcu.externaltools.gnu-tools-for-stm32.13.3.rel1.win32_1.0.0.202411081344/tools/bin/../lib/gcc/arm-none-eabi/13.3.1/../../../../arm-none-eabi/lib/thumb/v7-m/nofp\libc_nano.a(libc_a-init.o)
 .ARM.attributes
                0x0000052a       0x1d C:/ST/STM32CubeIDE_1.17.0/STM32CubeIDE/plugins/com.st.stm32cube.ide.mcu.externaltools.gnu-tools-for-stm32.13.3.rel1.win32_1.0.0.202411081344/tools/bin/../lib/gcc/arm-none-eabi/13.3.1/thumb/v7-m/nofp/crtn.o
OUTPUT(sensor_v2.elf elf32-littlearm)
LOAD linker stubs
LOAD C:/ST/STM32CubeIDE_1.17.0/STM32CubeIDE/plugins/com.st.stm32cube.ide.mcu.externaltools.gnu-tools-for-stm32.13.3.rel1.win32_1.0.0.202411081344/tools/bin/../lib/gcc/arm-none-eabi/13.3.1/../../../../arm-none-eabi/lib/thumb/v7-m/nofp\libc.a
LOAD C:/ST/STM32CubeIDE_1.17.0/STM32CubeIDE/plugins/com.st.stm32cube.ide.mcu.externaltools.gnu-tools-for-stm32.13.3.rel1.win32_1.0.0.202411081344/tools/bin/../lib/gcc/arm-none-eabi/13.3.1/../../../../arm-none-eabi/lib/thumb/v7-m/nofp\libm.a
LOAD C:/ST/STM32CubeIDE_1.17.0/STM32CubeIDE/plugins/com.st.stm32cube.ide.mcu.externaltools.gnu-tools-for-stm32.13.3.rel1.win32_1.0.0.202411081344/tools/bin/../lib/gcc/arm-none-eabi/13.3.1/thumb/v7-m/nofp\libgcc.a

.debug_info     0x00000000    0x11c04
 .debug_info    0x00000000      0x432 ./Core/Src/gpio.o
 .debug_info    0x00000432      0x8ac ./Core/Src/main.o
 .debug_info    0x00000cde      0x6d6 ./Core/Src/phases_pwm.o
 .debug_info    0x000013b4      0x1f1 ./Core/Src/stm32f1xx_hal_msp.o
 .debug_info    0x000015a5      0xb9c ./Core/Src/stm32f1xx_it.o
 .debug_info    0x00002141      0x222 ./Core/Src/system_stm32f1xx.o
 .debug_info    0x00002363      0xd3d ./Core/Src/tim.o
 .debug_info    0x000030a0       0x30 ./Core/Startup/startup_stm32f103c8tx.o
 .debug_info    0x000030d0      0x704 ./Drivers/STM32F1xx_HAL_Driver/Src/stm32f1xx_hal.o
 .debug_info    0x000037d4      0xa87 ./Drivers/STM32F1xx_HAL_Driver/Src/stm32f1xx_hal_cortex.o
 .debug_info    0x0000425b      0x5ab ./Drivers/STM32F1xx_HAL_Driver/Src/stm32f1xx_hal_gpio.o
 .debug_info    0x00004806     0x16dc ./Drivers/STM32F1xx_HAL_Driver/Src/stm32f1xx_hal_pcd.o
 .debug_info    0x00005ee2      0x6c3 ./Drivers/STM32F1xx_HAL_Driver/Src/stm32f1xx_hal_pcd_ex.o
 .debug_info    0x000065a5      0x7d5 ./Drivers/STM32F1xx_HAL_Driver/Src/stm32f1xx_hal_rcc.o
 .debug_info    0x00006d7a      0x3c0 ./Drivers/STM32F1xx_HAL_Driver/Src/stm32f1xx_hal_rcc_ex.o
 .debug_info    0x0000713a     0x2959 ./Drivers/STM32F1xx_HAL_Driver/Src/stm32f1xx_hal_tim.o
 .debug_info    0x00009a93     0x149b ./Drivers/STM32F1xx_HAL_Driver/Src/stm32f1xx_hal_tim_ex.o
 .debug_info    0x0000af2e     0x17ae ./Drivers/STM32F1xx_HAL_Driver/Src/stm32f1xx_ll_usb.o
 .debug_info    0x0000c6dc     0x1043 ./Middlewares/ST/STM32_USB_Device_Library/Class/CDC/Src/usbd_cdc.o
 .debug_info    0x0000d71f      0xa52 ./Middlewares/ST/STM32_USB_Device_Library/Core/Src/usbd_core.o
 .debug_info    0x0000e171      0x91c ./Middlewares/ST/STM32_USB_Device_Library/Core/Src/usbd_ctlreq.o
 .debug_info    0x0000ea8d      0x6a0 ./Middlewares/ST/STM32_USB_Device_Library/Core/Src/usbd_ioreq.o
 .debug_info    0x0000f12d      0x63d ./USB_DEVICE/App/usb_device.o
 .debug_info    0x0000f76a      0x7ec ./USB_DEVICE/App/usbd_cdc_if.o
 .debug_info    0x0000ff56      0x44a ./USB_DEVICE/App/usbd_desc.o
 .debug_info    0x000103a0     0x1864 ./USB_DEVICE/Target/usbd_conf.o

.debug_abbrev   0x00000000     0x33ff
 .debug_abbrev  0x00000000      0x161 ./Core/Src/gpio.o
 .debug_abbrev  0x00000161      0x20a ./Core/Src/main.o
 .debug_abbrev  0x0000036b      0x1ca ./Core/Src/phases_pwm.o
 .debug_abbrev  0x00000535       0xdb ./Core/Src/stm32f1xx_hal_msp.o
 .debug_abbrev  0x00000610      0x1db ./Core/Src/stm32f1xx_it.o
 .debug_abbrev  0x000007eb      0x13f ./Core/Src/system_stm32f1xx.o
 .debug_abbrev  0x0000092a      0x264 ./Core/Src/tim.o
 .debug_abbrev  0x00000b8e       0x24 ./Core/Startup/startup_stm32f103c8tx.o
 .debug_abbrev  0x00000bb2      0x201 ./Drivers/STM32F1xx_HAL_Driver/Src/stm32f1xx_hal.o
 .debug_abbrev  0x00000db3      0x2f8 ./Drivers/STM32F1xx_HAL_Driver/Src/stm32f1xx_hal_cortex.o
 .debug_abbrev  0x000010ab      0x1ca ./Drivers/STM32F1xx_HAL_Driver/Src/stm32f1xx_hal_gpio.o
 .debug_abbrev  0x00001275      0x2d6 ./Drivers/STM32F1xx_HAL_Driver/Src/stm32f1xx_hal_pcd.o
 .debug_abbrev  0x0000154b      0x189 ./Drivers/STM32F1xx_HAL_Driver/Src/stm32f1xx_hal_pcd_ex.o
 .debug_abbrev  0x000016d4      0x2b3 ./Drivers/STM32F1xx_HAL_Driver/Src/stm32f1xx_hal_rcc.o
 .debug_abbrev  0x00001987      0x188 ./Drivers/STM32F1xx_HAL_Driver/Src/stm32f1xx_hal_rcc_ex.o
 .debug_abbrev  0x00001b0f      0x277 ./Drivers/STM32F1xx_HAL_Driver/Src/stm32f1xx_hal_tim.o
 .debug_abbrev  0x00001d86      0x282 ./Drivers/STM32F1xx_HAL_Driver/Src/stm32f1xx_hal_tim_ex.o
 .debug_abbrev  0x00002008      0x1de ./Drivers/STM32F1xx_HAL_Driver/Src/stm32f1xx_ll_usb.o
 .debug_abbrev  0x000021e6      0x2d3 ./Middlewares/ST/STM32_USB_Device_Library/Class/CDC/Src/usbd_cdc.o
 .debug_abbrev  0x000024b9      0x24a ./Middlewares/ST/STM32_USB_Device_Library/Core/Src/usbd_core.o
 .debug_abbrev  0x00002703      0x26b ./Middlewares/ST/STM32_USB_Device_Library/Core/Src/usbd_ctlreq.o
 .debug_abbrev  0x0000296e      0x192 ./Middlewares/ST/STM32_USB_Device_Library/Core/Src/usbd_ioreq.o
 .debug_abbrev  0x00002b00      0x18d ./USB_DEVICE/App/usb_device.o
 .debug_abbrev  0x00002c8d      0x25d ./USB_DEVICE/App/usbd_cdc_if.o
 .debug_abbrev  0x00002eea      0x1ff ./USB_DEVICE/App/usbd_desc.o
 .debug_abbrev  0x000030e9      0x316 ./USB_DEVICE/Target/usbd_conf.o

.debug_aranges  0x00000000     0x1050
 .debug_aranges
                0x00000000       0x20 ./Core/Src/gpio.o
 .debug_aranges
                0x00000020       0x30 ./Core/Src/main.o
 .debug_aranges
                0x00000050       0x30 ./Core/Src/phases_pwm.o
 .debug_aranges
                0x00000080       0x20 ./Core/Src/stm32f1xx_hal_msp.o
 .debug_aranges
                0x000000a0       0x78 ./Core/Src/stm32f1xx_it.o
 .debug_aranges
                0x00000118       0x28 ./Core/Src/system_stm32f1xx.o
 .debug_aranges
                0x00000140       0x50 ./Core/Src/tim.o
 .debug_aranges
                0x00000190       0x28 ./Core/Startup/startup_stm32f103c8tx.o
 .debug_aranges
                0x000001b8       0xe0 ./Drivers/STM32F1xx_HAL_Driver/Src/stm32f1xx_hal.o
 .debug_aranges
                0x00000298      0x100 ./Drivers/STM32F1xx_HAL_Driver/Src/stm32f1xx_hal_cortex.o
 .debug_aranges
                0x00000398       0x58 ./Drivers/STM32F1xx_HAL_Driver/Src/stm32f1xx_hal_gpio.o
 .debug_aranges
                0x000003f0      0x140 ./Drivers/STM32F1xx_HAL_Driver/Src/stm32f1xx_hal_pcd.o
 .debug_aranges
                0x00000530       0x38 ./Drivers/STM32F1xx_HAL_Driver/Src/stm32f1xx_hal_pcd_ex.o
 .debug_aranges
                0x00000568       0x90 ./Drivers/STM32F1xx_HAL_Driver/Src/stm32f1xx_hal_rcc.o
 .debug_aranges
                0x000005f8       0x30 ./Drivers/STM32F1xx_HAL_Driver/Src/stm32f1xx_hal_rcc_ex.o
 .debug_aranges
                0x00000628      0x3d0 ./Drivers/STM32F1xx_HAL_Driver/Src/stm32f1xx_hal_tim.o
 .debug_aranges
                0x000009f8      0x168 ./Drivers/STM32F1xx_HAL_Driver/Src/stm32f1xx_hal_tim_ex.o
 .debug_aranges
                0x00000b60       0xf8 ./Drivers/STM32F1xx_HAL_Driver/Src/stm32f1xx_ll_usb.o
 .debug_aranges
                0x00000c58       0x90 ./Middlewares/ST/STM32_USB_Device_Library/Class/CDC/Src/usbd_cdc.o
 .debug_aranges
                0x00000ce8       0xb8 ./Middlewares/ST/STM32_USB_Device_Library/Core/Src/usbd_core.o
 .debug_aranges
                0x00000da0       0x88 ./Middlewares/ST/STM32_USB_Device_Library/Core/Src/usbd_ctlreq.o
 .debug_aranges
                0x00000e28       0x50 ./Middlewares/ST/STM32_USB_Device_Library/Core/Src/usbd_ioreq.o
 .debug_aranges
                0x00000e78       0x20 ./USB_DEVICE/App/usb_device.o
 .debug_aranges
                0x00000e98       0x40 ./USB_DEVICE/App/usbd_cdc_if.o
 .debug_aranges
                0x00000ed8       0x60 ./USB_DEVICE/App/usbd_desc.o
 .debug_aranges
                0x00000f38      0x118 ./USB_DEVICE/Target/usbd_conf.o

.debug_rnglists
                0x00000000      0xc4b
 .debug_rnglists
                0x00000000       0x14 ./Core/Src/gpio.o
 .debug_rnglists
                0x00000014       0x20 ./Core/Src/main.o
 .debug_rnglists
                0x00000034       0x20 ./Core/Src/phases_pwm.o
 .debug_rnglists
                0x00000054       0x13 ./Core/Src/stm32f1xx_hal_msp.o
 .debug_rnglists
                0x00000067       0x55 ./Core/Src/stm32f1xx_it.o
 .debug_rnglists
                0x000000bc       0x1a ./Core/Src/system_stm32f1xx.o
 .debug_rnglists
                0x000000d6       0x3a ./Core/Src/tim.o
 .debug_rnglists
                0x00000110       0x19 ./Core/Startup/startup_stm32f103c8tx.o
 .debug_rnglists
                0x00000129       0xa3 ./Drivers/STM32F1xx_HAL_Driver/Src/stm32f1xx_hal.o
 .debug_rnglists
                0x000001cc       0xbb ./Drivers/STM32F1xx_HAL_Driver/Src/stm32f1xx_hal_cortex.o
 .debug_rnglists
                0x00000287       0x3f ./Drivers/STM32F1xx_HAL_Driver/Src/stm32f1xx_hal_gpio.o
 .debug_rnglists
                0x000002c6       0xf4 ./Drivers/STM32F1xx_HAL_Driver/Src/stm32f1xx_hal_pcd.o
 .debug_rnglists
                0x000003ba       0x26 ./Drivers/STM32F1xx_HAL_Driver/Src/stm32f1xx_hal_pcd_ex.o
 .debug_rnglists
                0x000003e0       0x6c ./Drivers/STM32F1xx_HAL_Driver/Src/stm32f1xx_hal_rcc.o
 .debug_rnglists
                0x0000044c       0x21 ./Drivers/STM32F1xx_HAL_Driver/Src/stm32f1xx_hal_rcc_ex.o
 .debug_rnglists
                0x0000046d      0x31a ./Drivers/STM32F1xx_HAL_Driver/Src/stm32f1xx_hal_tim.o
 .debug_rnglists
                0x00000787      0x125 ./Drivers/STM32F1xx_HAL_Driver/Src/stm32f1xx_hal_tim_ex.o
 .debug_rnglists
                0x000008ac       0xbd ./Drivers/STM32F1xx_HAL_Driver/Src/stm32f1xx_ll_usb.o
 .debug_rnglists
                0x00000969       0x6a ./Middlewares/ST/STM32_USB_Device_Library/Class/CDC/Src/usbd_cdc.o
 .debug_rnglists
                0x000009d3       0x89 ./Middlewares/ST/STM32_USB_Device_Library/Core/Src/usbd_core.o
 .debug_rnglists
                0x00000a5c       0x68 ./Middlewares/ST/STM32_USB_Device_Library/Core/Src/usbd_ctlreq.o
 .debug_rnglists
                0x00000ac4       0x37 ./Middlewares/ST/STM32_USB_Device_Library/Core/Src/usbd_ioreq.o
 .debug_rnglists
                0x00000afb       0x13 ./USB_DEVICE/App/usb_device.o
 .debug_rnglists
                0x00000b0e       0x2c ./USB_DEVICE/App/usbd_cdc_if.o
 .debug_rnglists
                0x00000b3a       0x43 ./USB_DEVICE/App/usbd_desc.o
 .debug_rnglists
                0x00000b7d       0xce ./USB_DEVICE/Target/usbd_conf.o

.debug_macro    0x00000000    0x1a496
 .debug_macro   0x00000000      0x1d1 ./Core/Src/gpio.o
 .debug_macro   0x000001d1      0xacc ./Core/Src/gpio.o
 .debug_macro   0x00000c9d      0x21b ./Core/Src/gpio.o
 .debug_macro   0x00000eb8       0x2e ./Core/Src/gpio.o
 .debug_macro   0x00000ee6       0x22 ./Core/Src/gpio.o
 .debug_macro   0x00000f08       0x22 ./Core/Src/gpio.o
 .debug_macro   0x00000f2a       0x8e ./Core/Src/gpio.o
 .debug_macro   0x00000fb8       0x51 ./Core/Src/gpio.o
 .debug_macro   0x00001009      0x103 ./Core/Src/gpio.o
 .debug_macro   0x0000110c       0x6a ./Core/Src/gpio.o
 .debug_macro   0x00001176      0x1df ./Core/Src/gpio.o
 .debug_macro   0x00001355       0x1c ./Core/Src/gpio.o
 .debug_macro   0x00001371       0x22 ./Core/Src/gpio.o
 .debug_macro   0x00001393       0xbd ./Core/Src/gpio.o
 .debug_macro   0x00001450      0xd23 ./Core/Src/gpio.o
 .debug_macro   0x00002173     0xe09e ./Core/Src/gpio.o
 .debug_macro   0x00010211       0x6d ./Core/Src/gpio.o
 .debug_macro   0x0001027e     0x34a2 ./Core/Src/gpio.o
 .debug_macro   0x00013720      0x190 ./Core/Src/gpio.o
 .debug_macro   0x000138b0       0x5c ./Core/Src/gpio.o
 .debug_macro   0x0001390c      0x5bc ./Core/Src/gpio.o
 .debug_macro   0x00013ec8      0x289 ./Core/Src/gpio.o
 .debug_macro   0x00014151      0x1cb ./Core/Src/gpio.o
 .debug_macro   0x0001431c      0x114 ./Core/Src/gpio.o
 .debug_macro   0x00014430      0x1b2 ./Core/Src/gpio.o
 .debug_macro   0x000145e2       0x27 ./Core/Src/gpio.o
 .debug_macro   0x00014609      0x136 ./Core/Src/gpio.o
 .debug_macro   0x0001473f      0x1bc ./Core/Src/gpio.o
 .debug_macro   0x000148fb       0x34 ./Core/Src/gpio.o
 .debug_macro   0x0001492f       0x3c ./Core/Src/gpio.o
 .debug_macro   0x0001496b       0x57 ./Core/Src/gpio.o
 .debug_macro   0x000149c2       0x87 ./Core/Src/gpio.o
 .debug_macro   0x00014a49      0x240 ./Core/Src/gpio.o
 .debug_macro   0x00014c89      0x140 ./Core/Src/gpio.o
 .debug_macro   0x00014dc9      0x8ed ./Core/Src/gpio.o
 .debug_macro   0x000156b6       0xb7 ./Core/Src/gpio.o
 .debug_macro   0x0001576d      0x242 ./Core/Src/gpio.o
 .debug_macro   0x000159af       0x83 ./Core/Src/gpio.o
 .debug_macro   0x00015a32      0x396 ./Core/Src/main.o
 .debug_macro   0x00015dc8       0x61 ./Core/Src/main.o
 .debug_macro   0x00015e29       0x24 ./Core/Src/main.o
 .debug_macro   0x00015e4d       0x43 ./Core/Src/main.o
 .debug_macro   0x00015e90       0x34 ./Core/Src/main.o
 .debug_macro   0x00015ec4       0x16 ./Core/Src/main.o
 .debug_macro   0x00015eda       0x3c ./Core/Src/main.o
 .debug_macro   0x00015f16      0x370 ./Core/Src/main.o
 .debug_macro   0x00016286       0x10 ./Core/Src/main.o
 .debug_macro   0x00016296       0x16 ./Core/Src/main.o
 .debug_macro   0x000162ac       0x4a ./Core/Src/main.o
 .debug_macro   0x000162f6       0x34 ./Core/Src/main.o
 .debug_macro   0x0001632a       0x10 ./Core/Src/main.o
 .debug_macro   0x0001633a       0x58 ./Core/Src/main.o
 .debug_macro   0x00016392       0x8e ./Core/Src/main.o
 .debug_macro   0x00016420       0x1c ./Core/Src/main.o
 .debug_macro   0x0001643c      0x185 ./Core/Src/main.o
 .debug_macro   0x000165c1       0x16 ./Core/Src/main.o
 .debug_macro   0x000165d7       0x16 ./Core/Src/main.o
 .debug_macro   0x000165ed      0x146 ./Core/Src/main.o
 .debug_macro   0x00016733       0x16 ./Core/Src/main.o
 .debug_macro   0x00016749       0x16 ./Core/Src/main.o
 .debug_macro   0x0001675f       0x29 ./Core/Src/main.o
 .debug_macro   0x00016788       0x16 ./Core/Src/main.o
 .debug_macro   0x0001679e       0x20 ./Core/Src/main.o
 .debug_macro   0x000167be       0x5f ./Core/Src/main.o
 .debug_macro   0x0001681d      0x1c8 ./Core/Src/main.o
 .debug_macro   0x000169e5       0x8f ./Core/Src/main.o
 .debug_macro   0x00016a74       0x10 ./Core/Src/main.o
 .debug_macro   0x00016a84       0x10 ./Core/Src/main.o
 .debug_macro   0x00016a94      0x1d0 ./Core/Src/phases_pwm.o
 .debug_macro   0x00016c64      0x1c7 ./Core/Src/stm32f1xx_hal_msp.o
 .debug_macro   0x00016e2b      0x1d1 ./Core/Src/stm32f1xx_it.o
 .debug_macro   0x00016ffc      0x1bd ./Core/Src/system_stm32f1xx.o
 .debug_macro   0x000171b9      0x1d1 ./Core/Src/tim.o
 .debug_macro   0x0001738a      0x1e1 ./Drivers/STM32F1xx_HAL_Driver/Src/stm32f1xx_hal.o
 .debug_macro   0x0001756b      0x1bd ./Drivers/STM32F1xx_HAL_Driver/Src/stm32f1xx_hal_cortex.o
 .debug_macro   0x00017728      0x228 ./Drivers/STM32F1xx_HAL_Driver/Src/stm32f1xx_hal_gpio.o
 .debug_macro   0x00017950      0x1c9 ./Drivers/STM32F1xx_HAL_Driver/Src/stm32f1xx_hal_pcd.o
 .debug_macro   0x00017b19      0x1bd ./Drivers/STM32F1xx_HAL_Driver/Src/stm32f1xx_hal_pcd_ex.o
 .debug_macro   0x00017cd6      0x1cf ./Drivers/STM32F1xx_HAL_Driver/Src/stm32f1xx_hal_rcc.o
 .debug_macro   0x00017ea5      0x1bd ./Drivers/STM32F1xx_HAL_Driver/Src/stm32f1xx_hal_rcc_ex.o
 .debug_macro   0x00018062      0x1be ./Drivers/STM32F1xx_HAL_Driver/Src/stm32f1xx_hal_tim.o
 .debug_macro   0x00018220      0x1bd ./Drivers/STM32F1xx_HAL_Driver/Src/stm32f1xx_hal_tim_ex.o
 .debug_macro   0x000183dd      0x1bd ./Drivers/STM32F1xx_HAL_Driver/Src/stm32f1xx_ll_usb.o
 .debug_macro   0x0001859a      0x356 ./Middlewares/ST/STM32_USB_Device_Library/Class/CDC/Src/usbd_cdc.o
 .debug_macro   0x000188f0       0x9e ./Middlewares/ST/STM32_USB_Device_Library/Class/CDC/Src/usbd_cdc.o
 .debug_macro   0x0001898e      0x112 ./Middlewares/ST/STM32_USB_Device_Library/Class/CDC/Src/usbd_cdc.o
 .debug_macro   0x00018aa0       0x56 ./Middlewares/ST/STM32_USB_Device_Library/Class/CDC/Src/usbd_cdc.o
 .debug_macro   0x00018af6      0x33d ./Middlewares/ST/STM32_USB_Device_Library/Core/Src/usbd_core.o
 .debug_macro   0x00018e33      0x1ce ./Middlewares/ST/STM32_USB_Device_Library/Core/Src/usbd_core.o
 .debug_macro   0x00019001      0x347 ./Middlewares/ST/STM32_USB_Device_Library/Core/Src/usbd_ctlreq.o
 .debug_macro   0x00019348      0x343 ./Middlewares/ST/STM32_USB_Device_Library/Core/Src/usbd_ioreq.o
 .debug_macro   0x0001968b      0x37c ./USB_DEVICE/App/usb_device.o
 .debug_macro   0x00019a07       0x22 ./USB_DEVICE/App/usb_device.o
 .debug_macro   0x00019a29       0x16 ./USB_DEVICE/App/usb_device.o
 .debug_macro   0x00019a3f      0x361 ./USB_DEVICE/App/usbd_cdc_if.o
 .debug_macro   0x00019da0      0x37a ./USB_DEVICE/App/usbd_desc.o
 .debug_macro   0x0001a11a       0x1c ./USB_DEVICE/App/usbd_desc.o
 .debug_macro   0x0001a136      0x360 ./USB_DEVICE/Target/usbd_conf.o

.debug_line     0x00000000    0x14cf8
 .debug_line    0x00000000      0x746 ./Core/Src/gpio.o
 .debug_line    0x00000746      0xa93 ./Core/Src/main.o
 .debug_line    0x000011d9      0x7e8 ./Core/Src/phases_pwm.o
 .debug_line    0x000019c1      0x72c ./Core/Src/stm32f1xx_hal_msp.o
 .debug_line    0x000020ed      0x822 ./Core/Src/stm32f1xx_it.o
 .debug_line    0x0000290f      0x7aa ./Core/Src/system_stm32f1xx.o
 .debug_line    0x000030b9      0x8b6 ./Core/Src/tim.o
 .debug_line    0x0000396f       0x78 ./Core/Startup/startup_stm32f103c8tx.o
 .debug_line    0x000039e7      0x9db ./Drivers/STM32F1xx_HAL_Driver/Src/stm32f1xx_hal.o
 .debug_line    0x000043c2      0xba5 ./Drivers/STM32F1xx_HAL_Driver/Src/stm32f1xx_hal_cortex.o
 .debug_line    0x00004f67      0xa38 ./Drivers/STM32F1xx_HAL_Driver/Src/stm32f1xx_hal_gpio.o
 .debug_line    0x0000599f     0x1360 ./Drivers/STM32F1xx_HAL_Driver/Src/stm32f1xx_hal_pcd.o
 .debug_line    0x00006cff      0x7a5 ./Drivers/STM32F1xx_HAL_Driver/Src/stm32f1xx_hal_pcd_ex.o
 .debug_line    0x000074a4      0xe94 ./Drivers/STM32F1xx_HAL_Driver/Src/stm32f1xx_hal_rcc.o
 .debug_line    0x00008338      0x945 ./Drivers/STM32F1xx_HAL_Driver/Src/stm32f1xx_hal_rcc_ex.o
 .debug_line    0x00008c7d     0x34c9 ./Drivers/STM32F1xx_HAL_Driver/Src/stm32f1xx_hal_tim.o
 .debug_line    0x0000c146     0x189f ./Drivers/STM32F1xx_HAL_Driver/Src/stm32f1xx_hal_tim_ex.o
 .debug_line    0x0000d9e5     0x114b ./Drivers/STM32F1xx_HAL_Driver/Src/stm32f1xx_ll_usb.o
 .debug_line    0x0000eb30      0xd34 ./Middlewares/ST/STM32_USB_Device_Library/Class/CDC/Src/usbd_cdc.o
 .debug_line    0x0000f864      0xd89 ./Middlewares/ST/STM32_USB_Device_Library/Core/Src/usbd_core.o
 .debug_line    0x000105ed      0xfd3 ./Middlewares/ST/STM32_USB_Device_Library/Core/Src/usbd_ctlreq.o
 .debug_line    0x000115c0      0xa3f ./Middlewares/ST/STM32_USB_Device_Library/Core/Src/usbd_ioreq.o
 .debug_line    0x00011fff      0xa0f ./USB_DEVICE/App/usb_device.o
 .debug_line    0x00012a0e      0xa47 ./USB_DEVICE/App/usbd_cdc_if.o
 .debug_line    0x00013455      0xab8 ./USB_DEVICE/App/usbd_desc.o
 .debug_line    0x00013f0d      0xdeb ./USB_DEVICE/Target/usbd_conf.o

.debug_str      0x00000000    0x8cd98
 .debug_str     0x00000000    0x8cd98 ./Core/Src/gpio.o
                              0x84884 (size before relaxing)
 .debug_str     0x0008cd98    0x891e8 ./Core/Src/main.o
 .debug_str     0x0008cd98    0x84a25 ./Core/Src/phases_pwm.o
 .debug_str     0x0008cd98    0x84505 ./Core/Src/stm32f1xx_hal_msp.o
 .debug_str     0x0008cd98    0x84da0 ./Core/Src/stm32f1xx_it.o
 .debug_str     0x0008cd98    0x84530 ./Core/Src/system_stm32f1xx.o
 .debug_str     0x0008cd98    0x85030 ./Core/Src/tim.o
 .debug_str     0x0008cd98       0x71 ./Core/Startup/startup_stm32f103c8tx.o
 .debug_str     0x0008cd98    0x84c63 ./Drivers/STM32F1xx_HAL_Driver/Src/stm32f1xx_hal.o
 .debug_str     0x0008cd98    0x84baf ./Drivers/STM32F1xx_HAL_Driver/Src/stm32f1xx_hal_cortex.o
 .debug_str     0x0008cd98    0x848b6 ./Drivers/STM32F1xx_HAL_Driver/Src/stm32f1xx_hal_gpio.o
 .debug_str     0x0008cd98    0x84e4d ./Drivers/STM32F1xx_HAL_Driver/Src/stm32f1xx_hal_pcd.o
 .debug_str     0x0008cd98    0x849af ./Drivers/STM32F1xx_HAL_Driver/Src/stm32f1xx_hal_pcd_ex.o
 .debug_str     0x0008cd98    0x8495f ./Drivers/STM32F1xx_HAL_Driver/Src/stm32f1xx_hal_rcc.o
 .debug_str     0x0008cd98    0x846af ./Drivers/STM32F1xx_HAL_Driver/Src/stm32f1xx_hal_rcc_ex.o
 .debug_str     0x0008cd98    0x85961 ./Drivers/STM32F1xx_HAL_Driver/Src/stm32f1xx_hal_tim.o
 .debug_str     0x0008cd98    0x8516d ./Drivers/STM32F1xx_HAL_Driver/Src/stm32f1xx_hal_tim_ex.o
 .debug_str     0x0008cd98    0x84a01 ./Drivers/STM32F1xx_HAL_Driver/Src/stm32f1xx_ll_usb.o
 .debug_str     0x0008cd98    0x8949c ./Middlewares/ST/STM32_USB_Device_Library/Class/CDC/Src/usbd_cdc.o
 .debug_str     0x0008cd98    0x88dcc ./Middlewares/ST/STM32_USB_Device_Library/Core/Src/usbd_core.o
 .debug_str     0x0008cd98    0x88ce6 ./Middlewares/ST/STM32_USB_Device_Library/Core/Src/usbd_ctlreq.o
 .debug_str     0x0008cd98    0x88c13 ./Middlewares/ST/STM32_USB_Device_Library/Core/Src/usbd_ioreq.o
 .debug_str     0x0008cd98    0x88f9e ./USB_DEVICE/App/usb_device.o
 .debug_str     0x0008cd98    0x88fc4 ./USB_DEVICE/App/usbd_cdc_if.o
 .debug_str     0x0008cd98    0x88b4c ./USB_DEVICE/App/usbd_desc.o
 .debug_str     0x0008cd98    0x89a29 ./USB_DEVICE/Target/usbd_conf.o

.comment        0x00000000       0x43
 .comment       0x00000000       0x43 ./Core/Src/gpio.o
                                 0x44 (size before relaxing)
 .comment       0x00000043       0x44 ./Core/Src/main.o
 .comment       0x00000043       0x44 ./Core/Src/phases_pwm.o
 .comment       0x00000043       0x44 ./Core/Src/stm32f1xx_hal_msp.o
 .comment       0x00000043       0x44 ./Core/Src/stm32f1xx_it.o
 .comment       0x00000043       0x44 ./Core/Src/system_stm32f1xx.o
 .comment       0x00000043       0x44 ./Core/Src/tim.o
 .comment       0x00000043       0x44 ./Drivers/STM32F1xx_HAL_Driver/Src/stm32f1xx_hal.o
 .comment       0x00000043       0x44 ./Drivers/STM32F1xx_HAL_Driver/Src/stm32f1xx_hal_cortex.o
 .comment       0x00000043       0x44 ./Drivers/STM32F1xx_HAL_Driver/Src/stm32f1xx_hal_gpio.o
 .comment       0x00000043       0x44 ./Drivers/STM32F1xx_HAL_Driver/Src/stm32f1xx_hal_pcd.o
 .comment       0x00000043       0x44 ./Drivers/STM32F1xx_HAL_Driver/Src/stm32f1xx_hal_pcd_ex.o
 .comment       0x00000043       0x44 ./Drivers/STM32F1xx_HAL_Driver/Src/stm32f1xx_hal_rcc.o
 .comment       0x00000043       0x44 ./Drivers/STM32F1xx_HAL_Driver/Src/stm32f1xx_hal_rcc_ex.o
 .comment       0x00000043       0x44 ./Drivers/STM32F1xx_HAL_Driver/Src/stm32f1xx_hal_tim.o
 .comment       0x00000043       0x44 ./Drivers/STM32F1xx_HAL_Driver/Src/stm32f1xx_hal_tim_ex.o
 .comment       0x00000043       0x44 ./Drivers/STM32F1xx_HAL_Driver/Src/stm32f1xx_ll_usb.o
 .comment       0x00000043       0x44 ./Middlewares/ST/STM32_USB_Device_Library/Class/CDC/Src/usbd_cdc.o
 .comment       0x00000043       0x44 ./Middlewares/ST/STM32_USB_Device_Library/Core/Src/usbd_core.o
 .comment       0x00000043       0x44 ./Middlewares/ST/STM32_USB_Device_Library/Core/Src/usbd_ctlreq.o
 .comment       0x00000043       0x44 ./Middlewares/ST/STM32_USB_Device_Library/Core/Src/usbd_ioreq.o
 .comment       0x00000043       0x44 ./USB_DEVICE/App/usb_device.o
 .comment       0x00000043       0x44 ./USB_DEVICE/App/usbd_cdc_if.o
 .comment       0x00000043       0x44 ./USB_DEVICE/App/usbd_desc.o
 .comment       0x00000043       0x44 ./USB_DEVICE/Target/usbd_conf.o

.debug_frame    0x00000000     0x4198
 .debug_frame   0x00000000       0x34 ./Core/Src/gpio.o
 .debug_frame   0x00000034       0x68 ./Core/Src/main.o
 .debug_frame   0x0000009c       0x78 ./Core/Src/phases_pwm.o
 .debug_frame   0x00000114       0x38 ./Core/Src/stm32f1xx_hal_msp.o
 .debug_frame   0x0000014c      0x158 ./Core/Src/stm32f1xx_it.o
 .debug_frame   0x000002a4       0x58 ./Core/Src/system_stm32f1xx.o
 .debug_frame   0x000002fc      0x114 ./Core/Src/tim.o
 .debug_frame   0x00000410      0x334 ./Drivers/STM32F1xx_HAL_Driver/Src/stm32f1xx_hal.o
 .debug_frame   0x00000744      0x428 ./Drivers/STM32F1xx_HAL_Driver/Src/stm32f1xx_hal_cortex.o
 .debug_frame   0x00000b6c      0x14c ./Drivers/STM32F1xx_HAL_Driver/Src/stm32f1xx_hal_gpio.o
 .debug_frame   0x00000cb8      0x594 ./Drivers/STM32F1xx_HAL_Driver/Src/stm32f1xx_hal_pcd.o
 .debug_frame   0x0000124c       0xb0 ./Drivers/STM32F1xx_HAL_Driver/Src/stm32f1xx_hal_pcd_ex.o
 .debug_frame   0x000012fc      0x218 ./Drivers/STM32F1xx_HAL_Driver/Src/stm32f1xx_hal_rcc.o
 .debug_frame   0x00001514       0x80 ./Drivers/STM32F1xx_HAL_Driver/Src/stm32f1xx_hal_rcc_ex.o
 .debug_frame   0x00001594     0x11b8 ./Drivers/STM32F1xx_HAL_Driver/Src/stm32f1xx_hal_tim.o
 .debug_frame   0x0000274c      0x638 ./Drivers/STM32F1xx_HAL_Driver/Src/stm32f1xx_hal_tim_ex.o
 .debug_frame   0x00002d84      0x470 ./Drivers/STM32F1xx_HAL_Driver/Src/stm32f1xx_ll_usb.o
 .debug_frame   0x000031f4      0x248 ./Middlewares/ST/STM32_USB_Device_Library/Class/CDC/Src/usbd_cdc.o
 .debug_frame   0x0000343c      0x300 ./Middlewares/ST/STM32_USB_Device_Library/Core/Src/usbd_core.o
 .debug_frame   0x0000373c      0x218 ./Middlewares/ST/STM32_USB_Device_Library/Core/Src/usbd_ctlreq.o
 .debug_frame   0x00003954      0x10c ./Middlewares/ST/STM32_USB_Device_Library/Core/Src/usbd_ioreq.o
 .debug_frame   0x00003a60       0x2c ./USB_DEVICE/App/usb_device.o
 .debug_frame   0x00003a8c       0xbc ./USB_DEVICE/App/usbd_cdc_if.o
 .debug_frame   0x00003b48      0x160 ./USB_DEVICE/App/usbd_desc.o
 .debug_frame   0x00003ca8      0x4a4 ./USB_DEVICE/Target/usbd_conf.o
 .debug_frame   0x0000414c       0x20 C:/ST/STM32CubeIDE_1.17.0/STM32CubeIDE/plugins/com.st.stm32cube.ide.mcu.externaltools.gnu-tools-for-stm32.13.3.rel1.win32_1.0.0.202411081344/tools/bin/../lib/gcc/arm-none-eabi/13.3.1/../../../../arm-none-eabi/lib/thumb/v7-m/nofp\libc_nano.a(libc_a-memset.o)
 .debug_frame   0x0000416c       0x2c C:/ST/STM32CubeIDE_1.17.0/STM32CubeIDE/plugins/com.st.stm32cube.ide.mcu.externaltools.gnu-tools-for-stm32.13.3.rel1.win32_1.0.0.202411081344/tools/bin/../lib/gcc/arm-none-eabi/13.3.1/../../../../arm-none-eabi/lib/thumb/v7-m/nofp\libc_nano.a(libc_a-init.o)

.debug_line_str
                0x00000000       0x55
 .debug_line_str
                0x00000000       0x55 ./Core/Startup/startup_stm32f103c8tx.o
