Archive member included to satisfy reference by file (symbol)

C:/ST/STM32CubeIDE_1.18.1/STM32CubeIDE/plugins/com.st.stm32cube.ide.mcu.externaltools.gnu-tools-for-stm32.13.3.rel1.win32_1.0.0.202411081344/tools/bin/../lib/gcc/arm-none-eabi/13.3.1/../../../../arm-none-eabi/lib/thumb/v7-m/nofp\libc_nano.a(libc_a-exit.o)
                              C:/ST/STM32CubeIDE_1.18.1/STM32CubeIDE/plugins/com.st.stm32cube.ide.mcu.externaltools.gnu-tools-for-stm32.13.3.rel1.win32_1.0.0.202411081344/tools/bin/../lib/gcc/arm-none-eabi/13.3.1/../../../../arm-none-eabi/lib/thumb/v7-m/nofp/crt0.o (exit)
C:/ST/STM32CubeIDE_1.18.1/STM32CubeIDE/plugins/com.st.stm32cube.ide.mcu.externaltools.gnu-tools-for-stm32.13.3.rel1.win32_1.0.0.202411081344/tools/bin/../lib/gcc/arm-none-eabi/13.3.1/../../../../arm-none-eabi/lib/thumb/v7-m/nofp\libc_nano.a(libc_a-findfp.o)
                              C:/ST/STM32CubeIDE_1.18.1/STM32CubeIDE/plugins/com.st.stm32cube.ide.mcu.externaltools.gnu-tools-for-stm32.13.3.rel1.win32_1.0.0.202411081344/tools/bin/../lib/gcc/arm-none-eabi/13.3.1/../../../../arm-none-eabi/lib/thumb/v7-m/nofp\libc_nano.a(libc_a-exit.o) (__stdio_exit_handler)
C:/ST/STM32CubeIDE_1.18.1/STM32CubeIDE/plugins/com.st.stm32cube.ide.mcu.externaltools.gnu-tools-for-stm32.13.3.rel1.win32_1.0.0.202411081344/tools/bin/../lib/gcc/arm-none-eabi/13.3.1/../../../../arm-none-eabi/lib/thumb/v7-m/nofp\libc_nano.a(libc_a-fwalk.o)
                              C:/ST/STM32CubeIDE_1.18.1/STM32CubeIDE/plugins/com.st.stm32cube.ide.mcu.externaltools.gnu-tools-for-stm32.13.3.rel1.win32_1.0.0.202411081344/tools/bin/../lib/gcc/arm-none-eabi/13.3.1/../../../../arm-none-eabi/lib/thumb/v7-m/nofp\libc_nano.a(libc_a-findfp.o) (_fwalk_sglue)
C:/ST/STM32CubeIDE_1.18.1/STM32CubeIDE/plugins/com.st.stm32cube.ide.mcu.externaltools.gnu-tools-for-stm32.13.3.rel1.win32_1.0.0.202411081344/tools/bin/../lib/gcc/arm-none-eabi/13.3.1/../../../../arm-none-eabi/lib/thumb/v7-m/nofp\libc_nano.a(libc_a-stdio.o)
                              C:/ST/STM32CubeIDE_1.18.1/STM32CubeIDE/plugins/com.st.stm32cube.ide.mcu.externaltools.gnu-tools-for-stm32.13.3.rel1.win32_1.0.0.202411081344/tools/bin/../lib/gcc/arm-none-eabi/13.3.1/../../../../arm-none-eabi/lib/thumb/v7-m/nofp\libc_nano.a(libc_a-findfp.o) (__sread)
C:/ST/STM32CubeIDE_1.18.1/STM32CubeIDE/plugins/com.st.stm32cube.ide.mcu.externaltools.gnu-tools-for-stm32.13.3.rel1.win32_1.0.0.202411081344/tools/bin/../lib/gcc/arm-none-eabi/13.3.1/../../../../arm-none-eabi/lib/thumb/v7-m/nofp\libc_nano.a(libc_a-memset.o)
                              C:/ST/STM32CubeIDE_1.18.1/STM32CubeIDE/plugins/com.st.stm32cube.ide.mcu.externaltools.gnu-tools-for-stm32.13.3.rel1.win32_1.0.0.202411081344/tools/bin/../lib/gcc/arm-none-eabi/13.3.1/../../../../arm-none-eabi/lib/thumb/v7-m/nofp/crt0.o (memset)
C:/ST/STM32CubeIDE_1.18.1/STM32CubeIDE/plugins/com.st.stm32cube.ide.mcu.externaltools.gnu-tools-for-stm32.13.3.rel1.win32_1.0.0.202411081344/tools/bin/../lib/gcc/arm-none-eabi/13.3.1/../../../../arm-none-eabi/lib/thumb/v7-m/nofp\libc_nano.a(libc_a-closer.o)
                              C:/ST/STM32CubeIDE_1.18.1/STM32CubeIDE/plugins/com.st.stm32cube.ide.mcu.externaltools.gnu-tools-for-stm32.13.3.rel1.win32_1.0.0.202411081344/tools/bin/../lib/gcc/arm-none-eabi/13.3.1/../../../../arm-none-eabi/lib/thumb/v7-m/nofp\libc_nano.a(libc_a-stdio.o) (_close_r)
C:/ST/STM32CubeIDE_1.18.1/STM32CubeIDE/plugins/com.st.stm32cube.ide.mcu.externaltools.gnu-tools-for-stm32.13.3.rel1.win32_1.0.0.202411081344/tools/bin/../lib/gcc/arm-none-eabi/13.3.1/../../../../arm-none-eabi/lib/thumb/v7-m/nofp\libc_nano.a(libc_a-reent.o)
                              C:/ST/STM32CubeIDE_1.18.1/STM32CubeIDE/plugins/com.st.stm32cube.ide.mcu.externaltools.gnu-tools-for-stm32.13.3.rel1.win32_1.0.0.202411081344/tools/bin/../lib/gcc/arm-none-eabi/13.3.1/../../../../arm-none-eabi/lib/thumb/v7-m/nofp\libc_nano.a(libc_a-closer.o) (errno)
C:/ST/STM32CubeIDE_1.18.1/STM32CubeIDE/plugins/com.st.stm32cube.ide.mcu.externaltools.gnu-tools-for-stm32.13.3.rel1.win32_1.0.0.202411081344/tools/bin/../lib/gcc/arm-none-eabi/13.3.1/../../../../arm-none-eabi/lib/thumb/v7-m/nofp\libc_nano.a(libc_a-impure.o)
                              C:/ST/STM32CubeIDE_1.18.1/STM32CubeIDE/plugins/com.st.stm32cube.ide.mcu.externaltools.gnu-tools-for-stm32.13.3.rel1.win32_1.0.0.202411081344/tools/bin/../lib/gcc/arm-none-eabi/13.3.1/../../../../arm-none-eabi/lib/thumb/v7-m/nofp\libc_nano.a(libc_a-reent.o) (_impure_ptr)
C:/ST/STM32CubeIDE_1.18.1/STM32CubeIDE/plugins/com.st.stm32cube.ide.mcu.externaltools.gnu-tools-for-stm32.13.3.rel1.win32_1.0.0.202411081344/tools/bin/../lib/gcc/arm-none-eabi/13.3.1/../../../../arm-none-eabi/lib/thumb/v7-m/nofp\libc_nano.a(libc_a-lseekr.o)
[...]
Memory Configuration

Name             Origin             Length             Attributes
RAM              0x20000000         0x00005000         xrw
FLASH            0x08000000         0x00010000         xr
*default*        0x00000000         0xffffffff

Linker script and memory map

LOAD C:/ST/STM32CubeIDE_1.18.1/STM32CubeIDE/plugins/com.st.stm32cube.ide.mcu.externaltools.gnu-tools-for-stm32.13.3.rel1.win32_1.0.0.202411081344/tools/bin/../lib/gcc/arm-none-eabi/13.3.1/thumb/v7-m/nofp/crti.o
LOAD C:/ST/STM32CubeIDE_1.18.1/STM32CubeIDE/plugins/com.st.stm32cube.ide.mcu.externaltools.gnu-tools-for-stm32.13.3.rel1.win32_1.0.0.202411081344/tools/bin/../lib/gcc/arm-none-eabi/13.3.1/thumb/v7-m/nofp/crtbegin.o
LOAD C:/ST/STM32CubeIDE_1.18.1/STM32CubeIDE/plugins/com.st.stm32cube.ide.mcu.externaltools.gnu-tools-for-stm32.13.3.rel1.win32_1.0.0.202411081344/tools/bin/../lib/gcc/arm-none-eabi/13.3.1/../../../../arm-none-eabi/lib/thumb/v7-m/nofp/crt0.o
LOAD ./Core/Src/gpio.o
LOAD ./Core/Src/main.o
LOAD ./Core/Src/stm32f1xx_hal_msp.o
LOAD ./Core/Src/stm32f1xx_it.o
LOAD ./Core/Src/syscalls.o
LOAD ./Core/Src/sysmem.o
LOAD ./Core/Src/system_stm32f1xx.o
LOAD ./Core/Startup/startup_stm32f103c8tx.o
LOAD ./Drivers/STM32F1xx_HAL_Driver/Src/stm32f1xx_hal.o
LOAD ./Drivers/STM32F1xx_HAL_Driver/Src/stm32f1xx_hal_cortex.o
LOAD ./Drivers/STM32F1xx_HAL_Driver/Src/stm32f1xx_hal_dma.o
LOAD ./Drivers/STM32F1xx_HAL_Driver/Src/stm32f1xx_hal_exti.o
LOAD ./Drivers/STM32F1xx_HAL_Driver/Src/stm32f1xx_hal_flash.o
LOAD ./Drivers/STM32F1xx_HAL_Driver/Src/stm32f1xx_hal_flash_ex.o
LOAD ./Drivers/STM32F1xx_HAL_Driver/Src/stm32f1xx_hal_gpio.o
LOAD ./Drivers/STM32F1xx_HAL_Driver/Src/stm32f1xx_hal_gpio_ex.o
LOAD ./Drivers/STM32F1xx_HAL_Driver/Src/stm32f1xx_hal_pcd.o
LOAD ./Drivers/STM32F1xx_HAL_Driver/Src/stm32f1xx_hal_pcd_ex.o
LOAD ./Drivers/STM32F1xx_HAL_Driver/Src/stm32f1xx_hal_pwr.o
LOAD ./Drivers/STM32F1xx_HAL_Driver/Src/stm32f1xx_hal_rcc.o
LOAD ./Drivers/STM32F1xx_HAL_Driver/Src/stm32f1xx_hal_rcc_ex.o
LOAD ./Drivers/STM32F1xx_HAL_Driver/Src/stm32f1xx_ll_usb.o
LOAD ./Middlewares/ST/STM32_USB_Device_Library/Class/CDC/Src/usbd_cdc.o
LOAD ./Middlewares/ST/STM32_USB_Device_Library/Core/Src/usbd_core.o
LOAD ./Middlewares/ST/STM32_USB_Device_Library/Core/Src/usbd_ctlreq.o
LOAD ./Middlewares/ST/STM32_USB_Device_Library/Core/Src/usbd_ioreq.o
LOAD ./USB_DEVICE/App/usb_device.o
LOAD ./USB_DEVICE/App/usbd_cdc_if.o
LOAD ./USB_DEVICE/App/usbd_desc.o
LOAD ./USB_DEVICE/Target/usbd_conf.o
START GROUP
LOAD C:/ST/STM32CubeIDE_1.18.1/STM32CubeIDE/plugins/com.st.stm32cube.ide.mcu.externaltools.gnu-tools-for-stm32.13.3.rel1.win32_1.0.0.202411081344/tools/bin/../lib/gcc/arm-none-eabi/13.3.1/../../../../arm-none-eabi/lib/thumb/v7-m/nofp\libstdc++_nano.a
LOAD C:/ST/STM32CubeIDE_1.18.1/STM32CubeIDE/plugins/com.st.stm32cube.ide.mcu.externaltools.gnu-tools-for-stm32.13.3.rel1.win32_1.0.0.202411081344/tools/bin/../lib/gcc/arm-none-eabi/13.3.1/../../../../arm-none-eabi/lib/thumb/v7-m/nofp\libsupc++_nano.a
END GROUP
LOAD C:/ST/STM32CubeIDE_1.18.1/STM32CubeIDE/plugins/com.st.stm32cube.ide.mcu.externaltools.gnu-tools-for-stm32.13.3.rel1.win32_1.0.0.202411081344/tools/bin/../lib/gcc/arm-none-eabi/13.3.1/../../../../arm-none-eabi/lib/thumb/v7-m/nofp\libstdc++_nano.a
LOAD C:/ST/STM32CubeIDE_1.18.1/STM32CubeIDE/plugins/com.st.stm32cube.ide.mcu.externaltools.gnu-tools-for-stm32.13.3.rel1.win32_1.0.0.202411081344/tools/bin/../lib/gcc/arm-none-eabi/13.3.1/../../../../arm-none-eabi/lib/thumb/v7-m/nofp\libm.a
LOAD C:/ST/STM32CubeIDE_1.18.1/STM32CubeIDE/plugins/com.st.stm32cube.ide.mcu.externaltools.gnu-tools-for-stm32.13.3.rel1.win32_1.0.0.202411081344/tools/bin/../lib/gcc/arm-none-eabi/13.3.1/../../../../arm-none-eabi/lib/thumb/v7-m/nofp\libc_nano.a
START GROUP
LOAD C:/ST/STM32CubeIDE_1.18.1/STM32CubeIDE/plugins/com.st.stm32cube.ide.mcu.externaltools.gnu-tools-for-stm32.13.3.rel1.win32_1.0.0.202411081344/tools/bin/../lib/gcc/arm-none-eabi/13.3.1/thumb/v7-m/nofp\libgcc.a
LOAD C:/ST/STM32CubeIDE_1.18.1/STM32CubeIDE/plugins/com.st.stm32cube.ide.mcu.externaltools.gnu-tools-for-stm32.13.3.rel1.win32_1.0.0.202411081344/tools/bin/../lib/gcc/arm-none-eabi/13.3.1/../../../../arm-none-eabi/lib/thumb/v7-m/nofp\libc_nano.a
END GROUP
START GROUP
LOAD C:/ST/STM32CubeIDE_1.18.1/STM32CubeIDE/plugins/com.st.stm32cube.ide.mcu.externaltools.gnu-tools-for-stm32.13.3.rel1.win32_1.0.0.202411081344/tools/bin/../lib/gcc/arm-none-eabi/13.3.1/thumb/v7-m/nofp\libgcc.a
LOAD C:/ST/STM32CubeIDE_1.18.1/STM32CubeIDE/plugins/com.st.stm32cube.ide.mcu.externaltools.gnu-tools-for-stm32.13.3.rel1.win32_1.0.0.202411081344/tools/bin/../lib/gcc/arm-none-eabi/13.3.1/../../../../arm-none-eabi/lib/thumb/v7-m/nofp\libc_nano.a
LOAD C:/ST/STM32CubeIDE_1.18.1/STM32CubeIDE/plugins/com.st.stm32cube.ide.mcu.externaltools.gnu-tools-for-stm32.13.3.rel1.win32_1.0.0.202411081344/tools/bin/../lib/gcc/arm-none-eabi/13.3.1/../../../../arm-none-eabi/lib/thumb/v7-m/nofp\libnosys.a
END GROUP
START GROUP
LOAD C:/ST/STM32CubeIDE_1.18.1/STM32CubeIDE/plugins/com.st.stm32cube.ide.mcu.externaltools.gnu-tools-for-stm32.13.3.rel1.win32_1.0.0.202411081344/tools/bin/../lib/gcc/arm-none-eabi/13.3.1/thumb/v7-m/nofp\libgcc.a
LOAD C:/ST/STM32CubeIDE_1.18.1/STM32CubeIDE/plugins/com.st.stm32cube.ide.mcu.externaltools.gnu-tools-for-stm32.13.3.rel1.win32_1.0.0.202411081344/tools/bin/../lib/gcc/arm-none-eabi/13.3.1/../../../../arm-none-eabi/lib/thumb/v7-m/nofp\libc_nano.a
LOAD C:/ST/STM32CubeIDE_1.18.1/STM32CubeIDE/plugins/com.st.stm32cube.ide.mcu.externaltools.gnu-tools-for-stm32.13.3.rel1.win32_1.0.0.202411081344/tools/bin/../lib/gcc/arm-none-eabi/13.3.1/../../../../arm-none-eabi/lib/thumb/v7-m/nofp\libnosys.a
END GROUP
LOAD C:/ST/STM32CubeIDE_1.18.1/STM32CubeIDE/plugins/com.st.stm32cube.ide.mcu.externaltools.gnu-tools-for-stm32.13.3.rel1.win32_1.0.0.202411081344/tools/bin/../lib/gcc/arm-none-eabi/13.3.1/thumb/v7-m/nofp/crtend.o
LOAD C:/ST/STM32CubeIDE_1.18.1/STM32CubeIDE/plugins/com.st.stm32cube.ide.mcu.externaltools.gnu-tools-for-stm32.13.3.rel1.win32_1.0.0.202411081344/tools/bin/../lib/gcc/arm-none-eabi/13.3.1/thumb/v7-m/nofp/crtn.o
                0x20005000                        _estack = (ORIGIN (RAM) + LENGTH (RAM))
                0x00000200                        _Min_Heap_Size = 0x200
                0x00000400                        _Min_Stack_Size = 0x400

.isr_vector     0x08000000      0x10c
                0x08000000                        . = ALIGN (0x4)
 *(.isr_vector)
 .isr_vector    0x08000000      0x10c ./Core/Startup/startup_stm32f103c8tx.o
                0x08000000                g_pfnVectors
                0x0800010c                        . = ALIGN (0x4)

.text           0x0800010c     0x7178
                0x0800010c                        . = ALIGN (0x4)
 *(.text)
 .text          0x0800010c       0x40 C:/ST/STM32CubeIDE_1.18.1/STM32CubeIDE/plugins/com.st.stm32cube.ide.mcu.externaltools.gnu-tools-for-stm32.13.3.rel1.win32_1.0.0.202411081344/tools/bin/../lib/gcc/arm-none-eabi/13.3.1/thumb/v7-m/nofp/crtbegin.o
 .text          0x0800014c       0x10 C:/ST/STM32CubeIDE_1.18.1/STM32CubeIDE/plugins/com.st.stm32cube.ide.mcu.externaltools.gnu-tools-for-stm32.13.3.rel1.win32_1.0.0.202411081344/tools/bin/../lib/gcc/arm-none-eabi/13.3.1/../../../../arm-none-eabi/lib/thumb/v7-m/nofp\libc_nano.a(libc_a-strlen.o)
                0x0800014c                strlen
 *(.text*)
 .text.MX_GPIO_Init
                0x0800015c       0x44 ./Core/Src/gpio.o
                0x0800015c                MX_GPIO_Init
 .text.main     0x080001a0       0x40 ./Core/Src/main.o
                0x080001a0                main
 .text.SystemClock_Config
                0x080001e0       0xb4 ./Core/Src/main.o
                0x080001e0                SystemClock_Config
 .text.Error_Handler
                0x08000294        0xc ./Core/Src/main.o
                0x08000294                Error_Handler
 .text.HAL_MspInit
                0x080002a0       0x64 ./Core/Src/stm32f1xx_hal_msp.o
                0x080002a0                HAL_MspInit
 .text.NMI_Handler
                0x08000304        0x8 ./Core/Src/stm32f1xx_it.o
                0x08000304                NMI_Handler
 .text.HardFault_Handler
                0x0800030c        0x8 ./Core/Src/stm32f1xx_it.o
                0x0800030c                HardFault_Handler
 .text.MemManage_Handler
                0x08000314        0x8 ./Core/Src/stm32f1xx_it.o
                0x08000314                MemManage_Handler
 .text.BusFault_Handler
                0x0800031c        0x8 ./Core/Src/stm32f1xx_it.o
                0x0800031c                BusFault_Handler
 .text.UsageFault_Handler
                0x08000324        0x8 ./Core/Src/stm32f1xx_it.o
                0x08000324                UsageFault_Handler
 .text.SVC_Handler
                0x0800032c        0xc ./Core/Src/stm32f1xx_it.o
                0x0800032c                SVC_Handler
 .text.DebugMon_Handler
                0x08000338        0xc ./Core/Src/stm32f1xx_it.o
                0x08000338                DebugMon_Handler
 .text.PendSV_Handler
                0x08000344        0xc ./Core/Src/stm32f1xx_it.o
                0x08000344                PendSV_Handler
 .text.SysTick_Handler
                0x08000350        0xc ./Core/Src/stm32f1xx_it.o
                0x08000350                SysTick_Handler
 .text.USB_LP_CAN1_RX0_IRQHandler
                0x0800035c       0x14 ./Core/Src/stm32f1xx_it.o
                0x0800035c                USB_LP_CAN1_RX0_IRQHandler
 .text.SystemInit
                0x08000370        0xc ./Core/Src/system_stm32f1xx.o
                0x08000370                SystemInit
 .text.Reset_Handler
                0x0800037c       0x48 ./Core/Startup/startup_stm32f103c8tx.o
                0x0800037c                Reset_Handler
 .text.Default_Handler
                0x080003c4        0x2 ./Core/Startup/startup_stm32f103c8tx.o
                0x080003c4                RTC_Alarm_IRQHandler
                0x080003c4                EXTI2_IRQHandler
                0x080003c4                TIM1_CC_IRQHandler
                0x080003c4                PVD_IRQHandler
                0x080003c4                EXTI3_IRQHandler
                0x080003c4                EXTI0_IRQHandler
                0x080003c4                I2C2_EV_IRQHandler
                0x080003c4                ADC1_2_IRQHandler
                0x080003c4                SPI1_IRQHandler
                0x080003c4                TAMPER_IRQHandler
                0x080003c4                DMA1_Channel4_IRQHandler
                0x080003c4                USART3_IRQHandler
                0x080003c4                RTC_IRQHandler
                0x080003c4                DMA1_Channel7_IRQHandler
                0x080003c4                CAN1_RX1_IRQHandler
                0x080003c4                TIM4_IRQHandler
                0x080003c4                I2C1_EV_IRQHandler
                0x080003c4                DMA1_Channel6_IRQHandler
                0x080003c4                TIM3_IRQHandler
                0x080003c4                RCC_IRQHandler
                0x080003c4                TIM1_TRG_COM_IRQHandler
                0x080003c4                DMA1_Channel1_IRQHandler
                0x080003c4                Default_Handler
                0x080003c4                EXTI15_10_IRQHandler
                0x080003c4                EXTI9_5_IRQHandler
                0x080003c4                SPI2_IRQHandler
                0x080003c4                DMA1_Channel5_IRQHandler
                0x080003c4                EXTI4_IRQHandler
                0x080003c4                USB_HP_CAN1_TX_IRQHandler
                0x080003c4                DMA1_Channel3_IRQHandler
                0x080003c4                TIM1_UP_IRQHandler
                0x080003c4                WWDG_IRQHandler
                0x080003c4                TIM2_IRQHandler
                0x080003c4                TIM1_BRK_IRQHandler
                0x080003c4                EXTI1_IRQHandler
                0x080003c4                USART2_IRQHandler
                0x080003c4                I2C2_ER_IRQHandler
                0x080003c4                DMA1_Channel2_IRQHandler
                0x080003c4                CAN1_SCE_IRQHandler
                0x080003c4                FLASH_IRQHandler
                0x080003c4                USART1_IRQHandler
                0x080003c4                I2C1_ER_IRQHandler
                0x080003c4                USBWakeUp_IRQHandler
 *fill*         0x080003c6        0x2 
 .text.HAL_Init
                0x080003c8       0x2c ./Drivers/STM32F1xx_HAL_Driver/Src/stm32f1xx_hal.o
                0x080003c8                HAL_Init
 .text.HAL_InitTick
                0x080003f4       0x60 ./Drivers/STM32F1xx_HAL_Driver/Src/stm32f1xx_hal.o
                0x080003f4                HAL_InitTick
 .text.HAL_IncTick
                0x08000454       0x24 ./Drivers/STM32F1xx_HAL_Driver/Src/stm32f1xx_hal.o
                0x08000454                HAL_IncTick
 .text.HAL_GetTick
                0x08000478       0x14 ./Drivers/STM32F1xx_HAL_Driver/Src/stm32f1xx_hal.o
                0x08000478                HAL_GetTick
 .text.HAL_Delay
                0x0800048c       0x48 ./Drivers/STM32F1xx_HAL_Driver/Src/stm32f1xx_hal.o
                0x0800048c                HAL_Delay
 .text.__NVIC_SetPriorityGrouping
                0x080004d4       0x48 ./Drivers/STM32F1xx_HAL_Driver/Src/stm32f1xx_hal_cortex.o
 .text.__NVIC_GetPriorityGrouping
                0x0800051c       0x1c ./Drivers/STM32F1xx_HAL_Driver/Src/stm32f1xx_hal_cortex.o
 .text.__NVIC_EnableIRQ
                0x08000538       0x38 ./Drivers/STM32F1xx_HAL_Driver/Src/stm32f1xx_hal_cortex.o
 .text.__NVIC_SetPriority
                0x08000570       0x54 ./Drivers/STM32F1xx_HAL_Driver/Src/stm32f1xx_hal_cortex.o
 .text.NVIC_EncodePriority
                0x080005c4       0x64 ./Drivers/STM32F1xx_HAL_Driver/Src/stm32f1xx_hal_cortex.o
 .text.SysTick_Config
                0x08000628       0x44 ./Drivers/STM32F1xx_HAL_Driver/Src/stm32f1xx_hal_cortex.o
 .text.HAL_NVIC_SetPriorityGrouping
                0x0800066c       0x16 ./Drivers/STM32F1xx_HAL_Driver/Src/stm32f1xx_hal_cortex.o
                0x0800066c                HAL_NVIC_SetPriorityGrouping
 .text.HAL_NVIC_SetPriority
                0x08000682       0x38 ./Drivers/STM32F1xx_HAL_Driver/Src/stm32f1xx_hal_cortex.o
                0x08000682                HAL_NVIC_SetPriority
 .text.HAL_NVIC_EnableIRQ
                0x080006ba       0x1c ./Drivers/STM32F1xx_HAL_Driver/Src/stm32f1xx_hal_cortex.o
                0x080006ba                HAL_NVIC_EnableIRQ
 .text.HAL_SYSTICK_Config
                0x080006d6       0x18 ./Drivers/STM32F1xx_HAL_Driver/Src/stm32f1xx_hal_cortex.o
                0x080006d6                HAL_SYSTICK_Config
 .text.HAL_PCD_Init
                0x080006ee      0x1ec ./Drivers/STM32F1xx_HAL_Driver/Src/stm32f1xx_hal_pcd.o
                0x080006ee                HAL_PCD_Init
 .text.HAL_PCD_Start
                0x080008da       0x4c ./Drivers/STM32F1xx_HAL_Driver/Src/stm32f1xx_hal_pcd.o
                0x080008da                HAL_PCD_Start
 .text.HAL_PCD_IRQHandler
                0x08000926      0x260 ./Drivers/STM32F1xx_HAL_Driver/Src/stm32f1xx_hal_pcd.o
                0x08000926                HAL_PCD_IRQHandler
 .text.HAL_PCD_SetAddress
                0x08000b86       0x48 ./Drivers/STM32F1xx_HAL_Driver/Src/stm32f1xx_hal_pcd.o
                0x08000b86                HAL_PCD_SetAddress
 .text.HAL_PCD_EP_Open
                0x08000bce       0xba ./Drivers/STM32F1xx_HAL_Driver/Src/stm32f1xx_hal_pcd.o
                0x08000bce                HAL_PCD_EP_Open
 .text.HAL_PCD_EP_Close
                0x08000c88       0x90 ./Drivers/STM32F1xx_HAL_Driver/Src/stm32f1xx_hal_pcd.o
                0x08000c88                HAL_PCD_EP_Close
 .text.HAL_PCD_EP_Receive
                0x08000d18       0x62 ./Drivers/STM32F1xx_HAL_Driver/Src/stm32f1xx_hal_pcd.o
                0x08000d18                HAL_PCD_EP_Receive
 .text.HAL_PCD_EP_GetRxCount
                0x08000d7a       0x2e ./Drivers/STM32F1xx_HAL_Driver/Src/stm32f1xx_hal_pcd.o
                0x08000d7a                HAL_PCD_EP_GetRxCount
 .text.HAL_PCD_EP_Transmit
                0x08000da8       0x6e ./Drivers/STM32F1xx_HAL_Driver/Src/stm32f1xx_hal_pcd.o
                0x08000da8                HAL_PCD_EP_Transmit
 .text.HAL_PCD_EP_SetStall
                0x08000e16       0xc0 ./Drivers/STM32F1xx_HAL_Driver/Src/stm32f1xx_hal_pcd.o
                0x08000e16                HAL_PCD_EP_SetStall
 .text.HAL_PCD_EP_ClrStall
                0x08000ed6       0xa8 ./Drivers/STM32F1xx_HAL_Driver/Src/stm32f1xx_hal_pcd.o
                0x08000ed6                HAL_PCD_EP_ClrStall
 .text.PCD_EP_ISR_Handler
                0x08000f7e      0x79e ./Drivers/STM32F1xx_HAL_Driver/Src/stm32f1xx_hal_pcd.o
 .text.HAL_PCD_EP_DB_Receive
                0x0800171c      0x21a ./Drivers/STM32F1xx_HAL_Driver/Src/stm32f1xx_hal_pcd.o
 .text.HAL_PCD_EP_DB_Transmit
                0x08001936      0x7f4 ./Drivers/STM32F1xx_HAL_Driver/Src/stm32f1xx_hal_pcd.o
 .text.HAL_PCDEx_PMAConfig
                0x0800212a       0x84 ./Drivers/STM32F1xx_HAL_Driver/Src/stm32f1xx_hal_pcd_ex.o
                0x0800212a                HAL_PCDEx_PMAConfig
 *fill*         0x080021ae        0x2 
 .text.HAL_RCC_OscConfig
                0x080021b0      0x504 ./Drivers/STM32F1xx_HAL_Driver/Src/stm32f1xx_hal_rcc.o
                0x080021b0                HAL_RCC_OscConfig
 .text.HAL_RCC_ClockConfig
                0x080026b4      0x1d4 ./Drivers/STM32F1xx_HAL_Driver/Src/stm32f1xx_hal_rcc.o
                0x080026b4                HAL_RCC_ClockConfig
 .text.HAL_RCC_GetSysClockFreq
                0x08002888       0xa8 ./Drivers/STM32F1xx_HAL_Driver/Src/stm32f1xx_hal_rcc.o
                0x08002888                HAL_RCC_GetSysClockFreq
 .text.RCC_Delay
                0x08002930       0x3c ./Drivers/STM32F1xx_HAL_Driver/Src/stm32f1xx_hal_rcc.o
 .text.HAL_RCCEx_PeriphCLKConfig
                0x0800296c      0x16c ./Drivers/STM32F1xx_HAL_Driver/Src/stm32f1xx_hal_rcc_ex.o
                0x0800296c                HAL_RCCEx_PeriphCLKConfig
 .text.USB_CoreInit
                0x08002ad8       0x1a ./Drivers/STM32F1xx_HAL_Driver/Src/stm32f1xx_ll_usb.o
                0x08002ad8                USB_CoreInit
 .text.USB_EnableGlobalInt
                0x08002af2       0x2c ./Drivers/STM32F1xx_HAL_Driver/Src/stm32f1xx_ll_usb.o
                0x08002af2                USB_EnableGlobalInt
 .text.USB_DisableGlobalInt
                0x08002b1e       0x34 ./Drivers/STM32F1xx_HAL_Driver/Src/stm32f1xx_ll_usb.o
                0x08002b1e                USB_DisableGlobalInt
 .text.USB_SetCurrentMode
                0x08002b52       0x18 ./Drivers/STM32F1xx_HAL_Driver/Src/stm32f1xx_ll_usb.o
                0x08002b52                USB_SetCurrentMode
 .text.USB_DevInit
                0x08002b6a       0x3a ./Drivers/STM32F1xx_HAL_Driver/Src/stm32f1xx_ll_usb.o
                0x08002b6a                USB_DevInit
 .text.USB_ActivateEndpoint
                0x08002ba4      0x780 ./Drivers/STM32F1xx_HAL_Driver/Src/stm32f1xx_ll_usb.o
                0x08002ba4                USB_ActivateEndpoint
 .text.USB_DeactivateEndpoint
                0x08003324      0x3d8 ./Drivers/STM32F1xx_HAL_Driver/Src/stm32f1xx_ll_usb.o
                0x08003324                USB_DeactivateEndpoint
 .text.USB_EPStartXfer
                0x080036fc     0x1762 ./Drivers/STM32F1xx_HAL_Driver/Src/stm32f1xx_ll_usb.o
                0x080036fc                USB_EPStartXfer
 .text.USB_EPSetStall
                0x08004e5e       0xa0 ./Drivers/STM32F1xx_HAL_Driver/Src/stm32f1xx_ll_usb.o
                0x08004e5e                USB_EPSetStall
 .text.USB_EPClearStall
                0x08004efe      0x15a ./Drivers/STM32F1xx_HAL_Driver/Src/stm32f1xx_ll_usb.o
                0x08004efe                USB_EPClearStall
 .text.USB_SetDevAddress
                0x08005058       0x26 ./Drivers/STM32F1xx_HAL_Driver/Src/stm32f1xx_ll_usb.o
                0x08005058                USB_SetDevAddress
 .text.USB_DevConnect
                0x0800507e       0x14 ./Drivers/STM32F1xx_HAL_Driver/Src/stm32f1xx_ll_usb.o
                0x0800507e                USB_DevConnect
 .text.USB_DevDisconnect
                0x08005092       0x14 ./Drivers/STM32F1xx_HAL_Driver/Src/stm32f1xx_ll_usb.o
                0x08005092                USB_DevDisconnect
 .text.USB_ReadInterrupts
                0x080050a6       0x1e ./Drivers/STM32F1xx_HAL_Driver/Src/stm32f1xx_ll_usb.o
                0x080050a6                USB_ReadInterrupts
 .text.USB_EP0_OutStart
                0x080050c4       0x16 ./Drivers/STM32F1xx_HAL_Driver/Src/stm32f1xx_ll_usb.o
                0x080050c4                USB_EP0_OutStart
 .text.USB_WritePMA
                0x080050da       0x8c ./Drivers/STM32F1xx_HAL_Driver/Src/stm32f1xx_ll_usb.o
                0x080050da                USB_WritePMA
 .text.USB_ReadPMA
                0x08005166       0x9e ./Drivers/STM32F1xx_HAL_Driver/Src/stm32f1xx_ll_usb.o
                0x08005166                USB_ReadPMA
 .text.USBD_CDC_Init
                0x08005204       0xf4 ./Middlewares/ST/STM32_USB_Device_Library/Class/CDC/Src/usbd_cdc.o
 .text.USBD_CDC_DeInit
                0x080052f8       0x6e ./Middlewares/ST/STM32_USB_Device_Library/Class/CDC/Src/usbd_cdc.o
 .text.USBD_CDC_Setup
                0x08005366      0x146 ./Middlewares/ST/STM32_USB_Device_Library/Class/CDC/Src/usbd_cdc.o
 .text.USBD_CDC_DataIn
                0x080054ac       0xa6 ./Middlewares/ST/STM32_USB_Device_Library/Class/CDC/Src/usbd_cdc.o
 .text.USBD_CDC_DataOut
                0x08005552       0x56 ./Middlewares/ST/STM32_USB_Device_Library/Class/CDC/Src/usbd_cdc.o
 .text.USBD_CDC_EP0_RxReady
                0x080055a8       0x4e ./Middlewares/ST/STM32_USB_Device_Library/Class/CDC/Src/usbd_cdc.o
 *fill*         0x080055f6        0x2 
 .text.USBD_CDC_GetFSCfgDesc
                0x080055f8       0x20 ./Middlewares/ST/STM32_USB_Device_Library/Class/CDC/Src/usbd_cdc.o
 .text.USBD_CDC_GetHSCfgDesc
                0x08005618       0x20 ./Middlewares/ST/STM32_USB_Device_Library/Class/CDC/Src/usbd_cdc.o
 .text.USBD_CDC_GetOtherSpeedCfgDesc
                0x08005638       0x20 ./Middlewares/ST/STM32_USB_Device_Library/Class/CDC/Src/usbd_cdc.o
 .text.USBD_CDC_GetDeviceQualifierDescriptor
                0x08005658       0x20 ./Middlewares/ST/STM32_USB_Device_Library/Class/CDC/Src/usbd_cdc.o
                0x08005658                USBD_CDC_GetDeviceQualifierDescriptor
 .text.USBD_CDC_RegisterInterface
                0x08005678       0x2c ./Middlewares/ST/STM32_USB_Device_Library/Class/CDC/Src/usbd_cdc.o
                0x08005678                USBD_CDC_RegisterInterface
 .text.USBD_CDC_SetTxBuffer
                0x080056a4       0x32 ./Middlewares/ST/STM32_USB_Device_Library/Class/CDC/Src/usbd_cdc.o
                0x080056a4                USBD_CDC_SetTxBuffer
 .text.USBD_CDC_SetRxBuffer
                0x080056d6       0x26 ./Middlewares/ST/STM32_USB_Device_Library/Class/CDC/Src/usbd_cdc.o
                0x080056d6                USBD_CDC_SetRxBuffer
 .text.USBD_CDC_TransmitPacket
                0x080056fc       0x5e ./Middlewares/ST/STM32_USB_Device_Library/Class/CDC/Src/usbd_cdc.o
                0x080056fc                USBD_CDC_TransmitPacket
 .text.USBD_CDC_ReceivePacket
                0x0800575a       0x54 ./Middlewares/ST/STM32_USB_Device_Library/Class/CDC/Src/usbd_cdc.o
                0x0800575a                USBD_CDC_ReceivePacket
 .text.USBD_Init
                0x080057ae       0x56 ./Middlewares/ST/STM32_USB_Device_Library/Core/Src/usbd_core.o
                0x080057ae                USBD_Init
 .text.USBD_RegisterClass
                0x08005804       0x32 ./Middlewares/ST/STM32_USB_Device_Library/Core/Src/usbd_core.o
                0x08005804                USBD_RegisterClass
 .text.USBD_Start
                0x08005836       0x18 ./Middlewares/ST/STM32_USB_Device_Library/Core/Src/usbd_core.o
                0x08005836                USBD_Start
 .text.USBD_RunTestMode
                0x0800584e       0x14 ./Middlewares/ST/STM32_USB_Device_Library/Core/Src/usbd_core.o
                0x0800584e                USBD_RunTestMode
 .text.USBD_SetClassConfig
                0x08005862       0x3e ./Middlewares/ST/STM32_USB_Device_Library/Core/Src/usbd_core.o
                0x08005862                USBD_SetClassConfig
 .text.USBD_ClrClassConfig
                0x080058a0       0x26 ./Middlewares/ST/STM32_USB_Device_Library/Core/Src/usbd_core.o
                0x080058a0                USBD_ClrClassConfig
 .text.USBD_LL_SetupStage
                0x080058c6       0x9a ./Middlewares/ST/STM32_USB_Device_Library/Core/Src/usbd_core.o
                0x080058c6                USBD_LL_SetupStage
 .text.USBD_LL_DataOutStage
                0x08005960       0xe2 ./Middlewares/ST/STM32_USB_Device_Library/Core/Src/usbd_core.o
                0x08005960                USBD_LL_DataOutStage
 .text.USBD_LL_DataInStage
                0x08005a42      0x14a ./Middlewares/ST/STM32_USB_Device_Library/Core/Src/usbd_core.o
                0x08005a42                USBD_LL_DataInStage
 .text.USBD_LL_Reset
                0x08005b8c       0x82 ./Middlewares/ST/STM32_USB_Device_Library/Core/Src/usbd_core.o
                0x08005b8c                USBD_LL_Reset
 .text.USBD_LL_SetSpeed
                0x08005c0e       0x1e ./Middlewares/ST/STM32_USB_Device_Library/Core/Src/usbd_core.o
                0x08005c0e                USBD_LL_SetSpeed
 .text.USBD_LL_Suspend
                0x08005c2c       0x28 ./Middlewares/ST/STM32_USB_Device_Library/Core/Src/usbd_core.o
                0x08005c2c                USBD_LL_Suspend
 .text.USBD_LL_Resume
                0x08005c54       0x2a ./Middlewares/ST/STM32_USB_Device_Library/Core/Src/usbd_core.o
                0x08005c54                USBD_LL_Resume
 .text.USBD_LL_SOF
                0x08005c7e       0x34 ./Middlewares/ST/STM32_USB_Device_Library/Core/Src/usbd_core.o
                0x08005c7e                USBD_LL_SOF
 *fill*         0x08005cb2        0x2 
 .text.USBD_StdDevReq
                0x08005cb4       0xd4 ./Middlewares/ST/STM32_USB_Device_Library/Core/Src/usbd_ctlreq.o
                0x08005cb4                USBD_StdDevReq
 .text.USBD_StdItfReq
                0x08005d88       0x90 ./Middlewares/ST/STM32_USB_Device_Library/Core/Src/usbd_ctlreq.o
                0x08005d88                USBD_StdItfReq
 .text.USBD_StdEPReq
                0x08005e18      0x2c6 ./Middlewares/ST/STM32_USB_Device_Library/Core/Src/usbd_ctlreq.o
                0x08005e18                USBD_StdEPReq
 *fill*         0x080060de        0x2 
 .text.USBD_GetDescriptor
                0x080060e0      0x2d0 ./Middlewares/ST/STM32_USB_Device_Library/Core/Src/usbd_ctlreq.o
 .text.USBD_SetAddress
                0x080063b0       0x86 ./Middlewares/ST/STM32_USB_Device_Library/Core/Src/usbd_ctlreq.o
 *fill*         0x08006436        0x2 
 .text.USBD_SetConfig
                0x08006438      0x11c ./Middlewares/ST/STM32_USB_Device_Library/Core/Src/usbd_ctlreq.o
 .text.USBD_GetConfig
                0x08006554       0x6a ./Middlewares/ST/STM32_USB_Device_Library/Core/Src/usbd_ctlreq.o
 .text.USBD_GetStatus
                0x080065be       0x66 ./Middlewares/ST/STM32_USB_Device_Library/Core/Src/usbd_ctlreq.o
 .text.USBD_SetFeature
                0x08006624       0x28 ./Middlewares/ST/STM32_USB_Device_Library/Core/Src/usbd_ctlreq.o
 .text.USBD_ClrFeature
                0x0800664c       0x42 ./Middlewares/ST/STM32_USB_Device_Library/Core/Src/usbd_ctlreq.o
 .text.USBD_ParseSetupRequest
                0x0800668e       0x72 ./Middlewares/ST/STM32_USB_Device_Library/Core/Src/usbd_ctlreq.o
                0x0800668e                USBD_ParseSetupRequest
 .text.USBD_CtlError
                0x08006700       0x22 ./Middlewares/ST/STM32_USB_Device_Library/Core/Src/usbd_ctlreq.o
                0x08006700                USBD_CtlError
 .text.USBD_GetString
                0x08006722       0x84 ./Middlewares/ST/STM32_USB_Device_Library/Core/Src/usbd_ctlreq.o
                0x08006722                USBD_GetString
 .text.USBD_GetLen
                0x080067a6       0x2e ./Middlewares/ST/STM32_USB_Device_Library/Core/Src/usbd_ctlreq.o
 .text.USBD_CtlSendData
                0x080067d4       0x38 ./Middlewares/ST/STM32_USB_Device_Library/Core/Src/usbd_ioreq.o
                0x080067d4                USBD_CtlSendData
 .text.USBD_CtlContinueSendData
                0x0800680c       0x24 ./Middlewares/ST/STM32_USB_Device_Library/Core/Src/usbd_ioreq.o
                0x0800680c                USBD_CtlContinueSendData
 .text.USBD_CtlPrepareRx
                0x08006830       0x3c ./Middlewares/ST/STM32_USB_Device_Library/Core/Src/usbd_ioreq.o
                0x08006830                USBD_CtlPrepareRx
 .text.USBD_CtlContinueRx
                0x0800686c       0x24 ./Middlewares/ST/STM32_USB_Device_Library/Core/Src/usbd_ioreq.o
                0x0800686c                USBD_CtlContinueRx
 .text.USBD_CtlSendStatus
                0x08006890       0x26 ./Middlewares/ST/STM32_USB_Device_Library/Core/Src/usbd_ioreq.o
                0x08006890                USBD_CtlSendStatus
 .text.USBD_CtlReceiveStatus
                0x080068b6       0x26 ./Middlewares/ST/STM32_USB_Device_Library/Core/Src/usbd_ioreq.o
                0x080068b6                USBD_CtlReceiveStatus
 .text.MX_USB_DEVICE_Init
                0x080068dc       0x60 ./USB_DEVICE/App/usb_device.o
                0x080068dc                MX_USB_DEVICE_Init
 .text.CDC_Init_FS
                0x0800693c       0x28 ./USB_DEVICE/App/usbd_cdc_if.o
 .text.CDC_DeInit_FS
                0x08006964        0xe ./USB_DEVICE/App/usbd_cdc_if.o
 *fill*         0x08006972        0x2 
 .text.CDC_Control_FS
                0x08006974       0xbc ./USB_DEVICE/App/usbd_cdc_if.o
 .text.CDC_Receive_FS
                0x08006a30       0x28 ./USB_DEVICE/App/usbd_cdc_if.o
 .text.CDC_Transmit_FS
                0x08006a58       0x4c ./USB_DEVICE/App/usbd_cdc_if.o
                0x08006a58                CDC_Transmit_FS
 .text.USBD_FS_DeviceDescriptor
                0x08006aa4       0x24 ./USB_DEVICE/App/usbd_desc.o
                0x08006aa4                USBD_FS_DeviceDescriptor
 .text.USBD_FS_LangIDStrDescriptor
                0x08006ac8       0x24 ./USB_DEVICE/App/usbd_desc.o
                0x08006ac8                USBD_FS_LangIDStrDescriptor
 .text.USBD_FS_ProductStrDescriptor
                0x08006aec       0x3c ./USB_DEVICE/App/usbd_desc.o
                0x08006aec                USBD_FS_ProductStrDescriptor
 .text.USBD_FS_ManufacturerStrDescriptor
                0x08006b28       0x28 ./USB_DEVICE/App/usbd_desc.o
                0x08006b28                USBD_FS_ManufacturerStrDescriptor
 .text.USBD_FS_SerialStrDescriptor
                0x08006b50       0x24 ./USB_DEVICE/App/usbd_desc.o
                0x08006b50                USBD_FS_SerialStrDescriptor
 .text.USBD_FS_ConfigStrDescriptor
                0x08006b74       0x3c ./USB_DEVICE/App/usbd_desc.o
                0x08006b74                USBD_FS_ConfigStrDescriptor
 .text.USBD_FS_InterfaceStrDescriptor
                0x08006bb0       0x3c ./USB_DEVICE/App/usbd_desc.o
                0x08006bb0                USBD_FS_InterfaceStrDescriptor
 .text.Get_SerialNum
                0x08006bec       0x58 ./USB_DEVICE/App/usbd_desc.o
 .text.IntToUnicode
                0x08006c44       0x7c ./USB_DEVICE/App/usbd_desc.o
 .text.HAL_PCD_MspInit
                0x08006cc0       0x4c ./USB_DEVICE/Target/usbd_conf.o
                0x08006cc0                HAL_PCD_MspInit
 .text.HAL_PCD_SetupStageCallback
                0x08006d0c       0x24 ./USB_DEVICE/Target/usbd_conf.o
                0x08006d0c                HAL_PCD_SetupStageCallback
 .text.HAL_PCD_DataOutStageCallback
                0x08006d30       0x36 ./USB_DEVICE/Target/usbd_conf.o
                0x08006d30                HAL_PCD_DataOutStageCallback
 .text.HAL_PCD_DataInStageCallback
                0x08006d66       0x34 ./USB_DEVICE/Target/usbd_conf.o
                0x08006d66                HAL_PCD_DataInStageCallback
 .text.HAL_PCD_SOFCallback
                0x08006d9a       0x1c ./USB_DEVICE/Target/usbd_conf.o
                0x08006d9a                HAL_PCD_SOFCallback
 .text.HAL_PCD_ResetCallback
                0x08006db6       0x3c ./USB_DEVICE/Target/usbd_conf.o
                0x08006db6                HAL_PCD_ResetCallback
 *fill*         0x08006df2        0x2 
 .text.HAL_PCD_SuspendCallback
                0x08006df4       0x34 ./USB_DEVICE/Target/usbd_conf.o
                0x08006df4                HAL_PCD_SuspendCallback
 .text.HAL_PCD_ResumeCallback
                0x08006e28       0x1c ./USB_DEVICE/Target/usbd_conf.o
                0x08006e28                HAL_PCD_ResumeCallback
 .text.USBD_LL_Init
                0x08006e44       0xb4 ./USB_DEVICE/Target/usbd_conf.o
                0x08006e44                USBD_LL_Init
 .text.USBD_LL_Start
                0x08006ef8       0x36 ./USB_DEVICE/Target/usbd_conf.o
                0x08006ef8                USBD_LL_Start
 .text.USBD_LL_OpenEP
                0x08006f2e       0x4c ./USB_DEVICE/Target/usbd_conf.o
                0x08006f2e                USBD_LL_OpenEP
 .text.USBD_LL_CloseEP
                0x08006f7a       0x3e ./USB_DEVICE/Target/usbd_conf.o
                0x08006f7a                USBD_LL_CloseEP
 .text.USBD_LL_StallEP
                0x08006fb8       0x3e ./USB_DEVICE/Target/usbd_conf.o
                0x08006fb8                USBD_LL_StallEP
 .text.USBD_LL_ClearStallEP
                0x08006ff6       0x3e ./USB_DEVICE/Target/usbd_conf.o
                0x08006ff6                USBD_LL_ClearStallEP
 .text.USBD_LL_IsStallEP
                0x08007034       0x56 ./USB_DEVICE/Target/usbd_conf.o
                0x08007034                USBD_LL_IsStallEP
 .text.USBD_LL_SetUSBAddress
                0x0800708a       0x3e ./USB_DEVICE/Target/usbd_conf.o
                0x0800708a                USBD_LL_SetUSBAddress
 .text.USBD_LL_Transmit
                0x080070c8       0x46 ./USB_DEVICE/Target/usbd_conf.o
                0x080070c8                USBD_LL_Transmit
 .text.USBD_LL_PrepareReceive
                0x0800710e       0x46 ./USB_DEVICE/Target/usbd_conf.o
                0x0800710e                USBD_LL_PrepareReceive
 .text.USBD_LL_GetRxDataSize
                0x08007154       0x26 ./USB_DEVICE/Target/usbd_conf.o
                0x08007154                USBD_LL_GetRxDataSize
 *fill*         0x0800717a        0x2 
 .text.USBD_static_malloc
                0x0800717c       0x18 ./USB_DEVICE/Target/usbd_conf.o
                0x0800717c                USBD_static_malloc
 .text.USBD_static_free
                0x08007194       0x12 ./USB_DEVICE/Target/usbd_conf.o
                0x08007194                USBD_static_free
 .text.HAL_PCDEx_SetConnectionState
                0x080071a6       0x16 ./USB_DEVICE/Target/usbd_conf.o
                0x080071a6                HAL_PCDEx_SetConnectionState
 .text.USBD_Get_USB_Status
                0x080071bc       0x58 ./USB_DEVICE/Target/usbd_conf.o
 .text.memset   0x08007214       0x10 C:/ST/STM32CubeIDE_1.18.1/STM32CubeIDE/plugins/com.st.stm32cube.ide.mcu.externaltools.gnu-tools-for-stm32.13.3.rel1.win32_1.0.0.202411081344/tools/bin/../lib/gcc/arm-none-eabi/13.3.1/../../../../arm-none-eabi/lib/thumb/v7-m/nofp\libc_nano.a(libc_a-memset.o)
                0x08007214                memset
 .text.__libc_init_array
                0x08007224       0x48 C:/ST/STM32CubeIDE_1.18.1/STM32CubeIDE/plugins/com.st.stm32cube.ide.mcu.externaltools.gnu-tools-for-stm32.13.3.rel1.win32_1.0.0.202411081344/tools/bin/../lib/gcc/arm-none-eabi/13.3.1/../../../../arm-none-eabi/lib/thumb/v7-m/nofp\libc_nano.a(libc_a-init.o)
                0x08007224                __libc_init_array
 *(.glue_7)
 .glue_7        0x0800726c        0x0 linker stubs
 *(.glue_7t)
 .glue_7t       0x0800726c        0x0 linker stubs
 *(.eh_frame)
 .eh_frame      0x0800726c        0x0 C:/ST/STM32CubeIDE_1.18.1/STM32CubeIDE/plugins/com.st.stm32cube.ide.mcu.externaltools.gnu-tools-for-stm32.13.3.rel1.win32_1.0.0.202411081344/tools/bin/../lib/gcc/arm-none-eabi/13.3.1/thumb/v7-m/nofp/crtbegin.o
 *(.init)
 .init          0x0800726c        0x4 C:/ST/STM32CubeIDE_1.18.1/STM32CubeIDE/plugins/com.st.stm32cube.ide.mcu.externaltools.gnu-tools-for-stm32.13.3.rel1.win32_1.0.0.202411081344/tools/bin/../lib/gcc/arm-none-eabi/13.3.1/thumb/v7-m/nofp/crti.o
                0x0800726c                _init
 .init          0x08007270        0x8 C:/ST/STM32CubeIDE_1.18.1/STM32CubeIDE/plugins/com.st.stm32cube.ide.mcu.externaltools.gnu-tools-for-stm32.13.3.rel1.win32_1.0.0.202411081344/tools/bin/../lib/gcc/arm-none-eabi/13.3.1/thumb/v7-m/nofp/crtn.o
 *(.fini)
 .fini          0x08007278        0x4 C:/ST/STM32CubeIDE_1.18.1/STM32CubeIDE/plugins/com.st.stm32cube.ide.mcu.externaltools.gnu-tools-for-stm32.13.3.rel1.win32_1.0.0.202411081344/tools/bin/../lib/gcc/arm-none-eabi/13.3.1/thumb/v7-m/nofp/crti.o
                0x08007278                _fini
 .fini          0x0800727c        0x8 C:/ST/STM32CubeIDE_1.18.1/STM32CubeIDE/plugins/com.st.stm32cube.ide.mcu.externaltools.gnu-tools-for-stm32.13.3.rel1.win32_1.0.0.202411081344/tools/bin/../lib/gcc/arm-none-eabi/13.3.1/thumb/v7-m/nofp/crtn.o
                0x08007284                        . = ALIGN (0x4)
                0x08007284                        _etext = .

.vfp11_veneer   0x08007284        0x0
 .vfp11_veneer  0x08007284        0x0 linker stubs

.v4_bx          0x08007284        0x0
 .v4_bx         0x08007284        0x0 linker stubs

.iplt           0x08007284        0x0
 .iplt          0x08007284        0x0 C:/ST/STM32CubeIDE_1.18.1/STM32CubeIDE/plugins/com.st.stm32cube.ide.mcu.externaltools.gnu-tools-for-stm32.13.3.rel1.win32_1.0.0.202411081344/tools/bin/../lib/gcc/arm-none-eabi/13.3.1/thumb/v7-m/nofp/crtbegin.o

.rodata         0x08007284       0x74
                0x08007284                        . = ALIGN (0x4)
 *(.rodata)
 .rodata        0x08007284        0x9 ./Core/Src/main.o
 *fill*         0x0800728d        0x3 
 .rodata        0x08007290       0x42 ./USB_DEVICE/App/usbd_desc.o
 *(.rodata*)
 *fill*         0x080072d2        0x2 
 .rodata.AHBPrescTable
                0x080072d4       0x10 ./Core/Src/system_stm32f1xx.o
                0x080072d4                AHBPrescTable
 .rodata.aPLLMULFactorTable.1
                0x080072e4       0x10 ./Drivers/STM32F1xx_HAL_Driver/Src/stm32f1xx_hal_rcc.o
 .rodata.aPredivFactorTable.0
                0x080072f4        0x2 ./Drivers/STM32F1xx_HAL_Driver/Src/stm32f1xx_hal_rcc.o
                0x080072f8                        . = ALIGN (0x4)
 *fill*         0x080072f6        0x2 

.ARM.extab      0x080072f8        0x0
                0x080072f8                        . = ALIGN (0x4)
 *(.ARM.extab* .gnu.linkonce.armextab.*)
                0x080072f8                        . = ALIGN (0x4)

.ARM            0x080072f8        0x8
                0x080072f8                        . = ALIGN (0x4)
                0x080072f8                        __exidx_start = .
 *(.ARM.exidx*)
 .ARM.exidx     0x080072f8        0x8 C:/ST/STM32CubeIDE_1.18.1/STM32CubeIDE/plugins/com.st.stm32cube.ide.mcu.externaltools.gnu-tools-for-stm32.13.3.rel1.win32_1.0.0.202411081344/tools/bin/../lib/gcc/arm-none-eabi/13.3.1/../../../../arm-none-eabi/lib/thumb/v7-m/nofp\libc_nano.a(libc_a-strlen.o)
                0x08007300                        __exidx_end = .
                0x08007300                        . = ALIGN (0x4)

.preinit_array  0x08007300        0x0
                0x08007300                        . = ALIGN (0x4)
                0x08007300                        PROVIDE (__preinit_array_start = .)
 *(.preinit_array*)
                0x08007300                        PROVIDE (__preinit_array_end = .)
                0x08007300                        . = ALIGN (0x4)

.init_array     0x08007300        0x4
                0x08007300                        . = ALIGN (0x4)
                0x08007300                        PROVIDE (__init_array_start = .)
 *(SORT_BY_NAME(.init_array.*))
 *(.init_array*)
 .init_array    0x08007300        0x4 C:/ST/STM32CubeIDE_1.18.1/STM32CubeIDE/plugins/com.st.stm32cube.ide.mcu.externaltools.gnu-tools-for-stm32.13.3.rel1.win32_1.0.0.202411081344/tools/bin/../lib/gcc/arm-none-eabi/13.3.1/thumb/v7-m/nofp/crtbegin.o
                0x08007304                        PROVIDE (__init_array_end = .)
                0x08007304                        . = ALIGN (0x4)

.fini_array     0x08007304        0x4
                0x08007304                        . = ALIGN (0x4)
                [!provide]                        PROVIDE (__fini_array_start = .)
 *(SORT_BY_NAME(.fini_array.*))
 *(.fini_array*)
 .fini_array    0x08007304        0x4 C:/ST/STM32CubeIDE_1.18.1/STM32CubeIDE/plugins/com.st.stm32cube.ide.mcu.externaltools.gnu-tools-for-stm32.13.3.rel1.win32_1.0.0.202411081344/tools/bin/../lib/gcc/arm-none-eabi/13.3.1/thumb/v7-m/nofp/crtbegin.o
                [!provide]                        PROVIDE (__fini_array_end = .)
                0x08007308                        . = ALIGN (0x4)
                0x08007308                        _sidata = LOADADDR (.data)

.rel.dyn        0x08007308        0x0
 .rel.iplt      0x08007308        0x0 C:/ST/STM32CubeIDE_1.18.1/STM32CubeIDE/plugins/com.st.stm32cube.ide.mcu.externaltools.gnu-tools-for-stm32.13.3.rel1.win32_1.0.0.202411081344/tools/bin/../lib/gcc/arm-none-eabi/13.3.1/thumb/v7-m/nofp/crtbegin.o

.data           0x20000000      0x180 load address 0x08007308
                0x20000000                        . = ALIGN (0x4)
                0x20000000                        _sdata = .
 *(.data)
 *(.data*)
 .data.data     0x20000000        0x4 ./Core/Src/main.o
                0x20000000                data
 .data.SystemCoreClock
                0x20000004        0x4 ./Core/Src/system_stm32f1xx.o
                0x20000004                SystemCoreClock
 .data.uwTickPrio
                0x20000008        0x4 ./Drivers/STM32F1xx_HAL_Driver/Src/stm32f1xx_hal.o
                0x20000008                uwTickPrio
 .data.uwTickFreq
                0x2000000c        0x1 ./Drivers/STM32F1xx_HAL_Driver/Src/stm32f1xx_hal.o
                0x2000000c                uwTickFreq
 *fill*         0x2000000d        0x3 
 .data.USBD_CDC_DeviceQualifierDesc
                0x20000010        0xa ./Middlewares/ST/STM32_USB_Device_Library/Class/CDC/Src/usbd_cdc.o
 *fill*         0x2000001a        0x2 
 .data.USBD_CDC
                0x2000001c       0x38 ./Middlewares/ST/STM32_USB_Device_Library/Class/CDC/Src/usbd_cdc.o
                0x2000001c                USBD_CDC
 .data.USBD_CDC_CfgHSDesc
                0x20000054       0x43 ./Middlewares/ST/STM32_USB_Device_Library/Class/CDC/Src/usbd_cdc.o
                0x20000054                USBD_CDC_CfgHSDesc
 *fill*         0x20000097        0x1 
 .data.USBD_CDC_CfgFSDesc
                0x20000098       0x43 ./Middlewares/ST/STM32_USB_Device_Library/Class/CDC/Src/usbd_cdc.o
                0x20000098                USBD_CDC_CfgFSDesc
 *fill*         0x200000db        0x1 
 .data.USBD_CDC_OtherSpeedCfgDesc
                0x200000dc       0x43 ./Middlewares/ST/STM32_USB_Device_Library/Class/CDC/Src/usbd_cdc.o
                0x200000dc                USBD_CDC_OtherSpeedCfgDesc
 *fill*         0x2000011f        0x1 
 .data.USBD_Interface_fops_FS
                0x20000120       0x10 ./USB_DEVICE/App/usbd_cdc_if.o
                0x20000120                USBD_Interface_fops_FS
 .data.FS_Desc  0x20000130       0x1c ./USB_DEVICE/App/usbd_desc.o
                0x20000130                FS_Desc
 .data.USBD_FS_DeviceDesc
                0x2000014c       0x12 ./USB_DEVICE/App/usbd_desc.o
                0x2000014c                USBD_FS_DeviceDesc
 *fill*         0x2000015e        0x2 
 .data.USBD_LangIDDesc
                0x20000160        0x4 ./USB_DEVICE/App/usbd_desc.o
                0x20000160                USBD_LangIDDesc
 .data.USBD_StringSerial
                0x20000164       0x1a ./USB_DEVICE/App/usbd_desc.o
                0x20000164                USBD_StringSerial
 *(.RamFunc)
 *(.RamFunc*)
                0x20000180                        . = ALIGN (0x4)
 *fill*         0x2000017e        0x2 
                0x20000180                        _edata = .

.igot.plt       0x20000180        0x0 load address 0x08007488
 .igot.plt      0x20000180        0x0 C:/ST/STM32CubeIDE_1.18.1/STM32CubeIDE/plugins/com.st.stm32cube.ide.mcu.externaltools.gnu-tools-for-stm32.13.3.rel1.win32_1.0.0.202411081344/tools/bin/../lib/gcc/arm-none-eabi/13.3.1/thumb/v7-m/nofp/crtbegin.o
                0x20000180                        . = ALIGN (0x4)

.bss            0x20000180     0x11e0 load address 0x08007488
                0x20000180                        _sbss = .
                0x20000180                        __bss_start__ = _sbss
 *(.bss)
 .bss           0x20000180       0x1c C:/ST/STM32CubeIDE_1.18.1/STM32CubeIDE/plugins/com.st.stm32cube.ide.mcu.externaltools.gnu-tools-for-stm32.13.3.rel1.win32_1.0.0.202411081344/tools/bin/../lib/gcc/arm-none-eabi/13.3.1/thumb/v7-m/nofp/crtbegin.o
 *(.bss*)
 .bss.uwTick    0x2000019c        0x4 ./Drivers/STM32F1xx_HAL_Driver/Src/stm32f1xx_hal.o
                0x2000019c                uwTick
 .bss.cfgidx.0  0x200001a0        0x1 ./Middlewares/ST/STM32_USB_Device_Library/Core/Src/usbd_ctlreq.o
 *fill*         0x200001a1        0x3 
 .bss.hUsbDeviceFS
                0x200001a4      0x2c4 ./USB_DEVICE/App/usb_device.o
                0x200001a4                hUsbDeviceFS
 .bss.UserRxBufferFS
                0x20000468      0x400 ./USB_DEVICE/App/usbd_cdc_if.o
                0x20000468                UserRxBufferFS
 .bss.UserTxBufferFS
                0x20000868      0x400 ./USB_DEVICE/App/usbd_cdc_if.o
                0x20000868                UserTxBufferFS
 .bss.USBD_StrDesc
                0x20000c68      0x200 ./USB_DEVICE/App/usbd_desc.o
                0x20000c68                USBD_StrDesc
 .bss.hpcd_USB_FS
                0x20000e68      0x2d8 ./USB_DEVICE/Target/usbd_conf.o
                0x20000e68                hpcd_USB_FS
 .bss.mem.0     0x20001140      0x220 ./USB_DEVICE/Target/usbd_conf.o
 *(COMMON)
                0x20001360                        . = ALIGN (0x4)
                0x20001360                        _ebss = .
                0x20001360                        __bss_end__ = _ebss

._user_heap_stack
                0x20001360      0x600 load address 0x08007488
                0x20001360                        . = ALIGN (0x8)
                [!provide]                        PROVIDE (end = .)
                0x20001360                        PROVIDE (_end = .)
                0x20001560                        . = (. + _Min_Heap_Size)
 *fill*         0x20001360      0x200 
                0x20001960                        . = (. + _Min_Stack_Size)
 *fill*         0x20001560      0x400 
                0x20001960                        . = ALIGN (0x8)

/DISCARD/
 libc.a(*)
 libm.a(*)
 libgcc.a(*)

.ARM.attributes
                0x00000000       0x29
 *(.ARM.attributes)
 .ARM.attributes
                0x00000000       0x1d C:/ST/STM32CubeIDE_1.18.1/STM32CubeIDE/plugins/com.st.stm32cube.ide.mcu.externaltools.gnu-tools-for-stm32.13.3.rel1.win32_1.0.0.202411081344/tools/bin/../lib/gcc/arm-none-eabi/13.3.1/thumb/v7-m/nofp/crti.o
 .ARM.attributes
                0x0000001d       0x2d C:/ST/STM32CubeIDE_1.18.1/STM32CubeIDE/plugins/com.st.stm32cube.ide.mcu.externaltools.gnu-tools-for-stm32.13.3.rel1.win32_1.0.0.202411081344/tools/bin/../lib/gcc/arm-none-eabi/13.3.1/thumb/v7-m/nofp/crtbegin.o
 .ARM.attributes
                0x0000004a       0x2d ./Core/Src/gpio.o
 .ARM.attributes
                0x00000077       0x2d ./Core/Src/main.o
 .ARM.attributes
                0x000000a4       0x2d ./Core/Src/stm32f1xx_hal_msp.o
 .ARM.attributes
                0x000000d1       0x2d ./Core/Src/stm32f1xx_it.o
 .ARM.attributes
                0x000000fe       0x2d ./Core/Src/system_stm32f1xx.o
 .ARM.attributes
                0x0000012b       0x21 ./Core/Startup/startup_stm32f103c8tx.o
 .ARM.attributes
                0x0000014c       0x2d ./Drivers/STM32F1xx_HAL_Driver/Src/stm32f1xx_hal.o
 .ARM.attributes
                0x00000179       0x2d ./Drivers/STM32F1xx_HAL_Driver/Src/stm32f1xx_hal_cortex.o
 .ARM.attributes
                0x000001a6       0x2d ./Drivers/STM32F1xx_HAL_Driver/Src/stm32f1xx_hal_pcd.o
 .ARM.attributes
                0x000001d3       0x2d ./Drivers/STM32F1xx_HAL_Driver/Src/stm32f1xx_hal_pcd_ex.o
 .ARM.attributes
                0x00000200       0x2d ./Drivers/STM32F1xx_HAL_Driver/Src/stm32f1xx_hal_rcc.o
 .ARM.attributes
                0x0000022d       0x2d ./Drivers/STM32F1xx_HAL_Driver/Src/stm32f1xx_hal_rcc_ex.o
 .ARM.attributes
                0x0000025a       0x2d ./Drivers/STM32F1xx_HAL_Driver/Src/stm32f1xx_ll_usb.o
 .ARM.attributes
                0x00000287       0x2d ./Middlewares/ST/STM32_USB_Device_Library/Class/CDC/Src/usbd_cdc.o
 .ARM.attributes
                0x000002b4       0x2d ./Middlewares/ST/STM32_USB_Device_Library/Core/Src/usbd_core.o
 .ARM.attributes
                0x000002e1       0x2d ./Middlewares/ST/STM32_USB_Device_Library/Core/Src/usbd_ctlreq.o
 .ARM.attributes
                0x0000030e       0x2d ./Middlewares/ST/STM32_USB_Device_Library/Core/Src/usbd_ioreq.o
 .ARM.attributes
                0x0000033b       0x2d ./USB_DEVICE/App/usb_device.o
 .ARM.attributes
                0x00000368       0x2d ./USB_DEVICE/App/usbd_cdc_if.o
 .ARM.attributes
                0x00000395       0x2d ./USB_DEVICE/App/usbd_desc.o
 .ARM.attributes
                0x000003c2       0x2d ./USB_DEVICE/Target/usbd_conf.o
 .ARM.attributes
                0x000003ef       0x2d C:/ST/STM32CubeIDE_1.18.1/STM32CubeIDE/plugins/com.st.stm32cube.ide.mcu.externaltools.gnu-tools-for-stm32.13.3.rel1.win32_1.0.0.202411081344/tools/bin/../lib/gcc/arm-none-eabi/13.3.1/../../../../arm-none-eabi/lib/thumb/v7-m/nofp\libc_nano.a(libc_a-memset.o)
 .ARM.attributes
                0x0000041c       0x2d C:/ST/STM32CubeIDE_1.18.1/STM32CubeIDE/plugins/com.st.stm32cube.ide.mcu.externaltools.gnu-tools-for-stm32.13.3.rel1.win32_1.0.0.202411081344/tools/bin/../lib/gcc/arm-none-eabi/13.3.1/../../../../arm-none-eabi/lib/thumb/v7-m/nofp\libc_nano.a(libc_a-init.o)
 .ARM.attributes
                0x00000449       0x17 C:/ST/STM32CubeIDE_1.18.1/STM32CubeIDE/plugins/com.st.stm32cube.ide.mcu.externaltools.gnu-tools-for-stm32.13.3.rel1.win32_1.0.0.202411081344/tools/bin/../lib/gcc/arm-none-eabi/13.3.1/../../../../arm-none-eabi/lib/thumb/v7-m/nofp\libc_nano.a(libc_a-strlen.o)
 .ARM.attributes
                0x00000460       0x1d C:/ST/STM32CubeIDE_1.18.1/STM32CubeIDE/plugins/com.st.stm32cube.ide.mcu.externaltools.gnu-tools-for-stm32.13.3.rel1.win32_1.0.0.202411081344/tools/bin/../lib/gcc/arm-none-eabi/13.3.1/thumb/v7-m/nofp/crtn.o
OUTPUT(RPM_SENSOR.elf elf32-littlearm)
LOAD linker stubs
LOAD C:/ST/STM32CubeIDE_1.18.1/STM32CubeIDE/plugins/com.st.stm32cube.ide.mcu.externaltools.gnu-tools-for-stm32.13.3.rel1.win32_1.0.0.202411081344/tools/bin/../lib/gcc/arm-none-eabi/13.3.1/../../../../arm-none-eabi/lib/thumb/v7-m/nofp\libc.a
LOAD C:/ST/STM32CubeIDE_1.18.1/STM32CubeIDE/plugins/com.st.stm32cube.ide.mcu.externaltools.gnu-tools-for-stm32.13.3.rel1.win32_1.0.0.202411081344/tools/bin/../lib/gcc/arm-none-eabi/13.3.1/../../../../arm-none-eabi/lib/thumb/v7-m/nofp\libm.a
LOAD C:/ST/STM32CubeIDE_1.18.1/STM32CubeIDE/plugins/com.st.stm32cube.ide.mcu.externaltools.gnu-tools-for-stm32.13.3.rel1.win32_1.0.0.202411081344/tools/bin/../lib/gcc/arm-none-eabi/13.3.1/thumb/v7-m/nofp\libgcc.a

.debug_info     0x00000000     0xb6f0
 .debug_info    0x00000000      0x169 ./Core/Src/gpio.o
 .debug_info    0x00000169      0x3ad ./Core/Src/main.o
 .debug_info    0x00000516      0x1f1 ./Core/Src/stm32f1xx_hal_msp.o
 .debug_info    0x00000707      0x602 ./Core/Src/stm32f1xx_it.o
 .debug_info    0x00000d09      0x222 ./Core/Src/system_stm32f1xx.o
 .debug_info    0x00000f2b       0x30 ./Core/Startup/startup_stm32f103c8tx.o
 .debug_info    0x00000f5b      0x704 ./Drivers/STM32F1xx_HAL_Driver/Src/stm32f1xx_hal.o
 .debug_info    0x0000165f      0xa87 ./Drivers/STM32F1xx_HAL_Driver/Src/stm32f1xx_hal_cortex.o
 .debug_info    0x000020e6     0x16dc ./Drivers/STM32F1xx_HAL_Driver/Src/stm32f1xx_hal_pcd.o
 .debug_info    0x000037c2      0x6c3 ./Drivers/STM32F1xx_HAL_Driver/Src/stm32f1xx_hal_pcd_ex.o
 .debug_info    0x00003e85      0x7d5 ./Drivers/STM32F1xx_HAL_Driver/Src/stm32f1xx_hal_rcc.o
 .debug_info    0x0000465a      0x3c0 ./Drivers/STM32F1xx_HAL_Driver/Src/stm32f1xx_hal_rcc_ex.o
 .debug_info    0x00004a1a     0x17ae ./Drivers/STM32F1xx_HAL_Driver/Src/stm32f1xx_ll_usb.o
 .debug_info    0x000061c8     0x1043 ./Middlewares/ST/STM32_USB_Device_Library/Class/CDC/Src/usbd_cdc.o
 .debug_info    0x0000720b      0xa52 ./Middlewares/ST/STM32_USB_Device_Library/Core/Src/usbd_core.o
 .debug_info    0x00007c5d      0x91c ./Middlewares/ST/STM32_USB_Device_Library/Core/Src/usbd_ctlreq.o
 .debug_info    0x00008579      0x6a0 ./Middlewares/ST/STM32_USB_Device_Library/Core/Src/usbd_ioreq.o
 .debug_info    0x00008c19      0x63d ./USB_DEVICE/App/usb_device.o
 .debug_info    0x00009256      0x7ec ./USB_DEVICE/App/usbd_cdc_if.o
 .debug_info    0x00009a42      0x44a ./USB_DEVICE/App/usbd_desc.o
 .debug_info    0x00009e8c     0x1864 ./USB_DEVICE/Target/usbd_conf.o

.debug_abbrev   0x00000000     0x27fb
 .debug_abbrev  0x00000000       0xc6 ./Core/Src/gpio.o
 .debug_abbrev  0x000000c6      0x1db ./Core/Src/main.o
 .debug_abbrev  0x000002a1       0xdb ./Core/Src/stm32f1xx_hal_msp.o
 .debug_abbrev  0x0000037c      0x192 ./Core/Src/stm32f1xx_it.o
 .debug_abbrev  0x0000050e      0x13f ./Core/Src/system_stm32f1xx.o
 .debug_abbrev  0x0000064d       0x24 ./Core/Startup/startup_stm32f103c8tx.o
 .debug_abbrev  0x00000671      0x201 ./Drivers/STM32F1xx_HAL_Driver/Src/stm32f1xx_hal.o
 .debug_abbrev  0x00000872      0x2f8 ./Drivers/STM32F1xx_HAL_Driver/Src/stm32f1xx_hal_cortex.o
 .debug_abbrev  0x00000b6a      0x2d6 ./Drivers/STM32F1xx_HAL_Driver/Src/stm32f1xx_hal_pcd.o
 .debug_abbrev  0x00000e40      0x189 ./Drivers/STM32F1xx_HAL_Driver/Src/stm32f1xx_hal_pcd_ex.o
 .debug_abbrev  0x00000fc9      0x2b3 ./Drivers/STM32F1xx_HAL_Driver/Src/stm32f1xx_hal_rcc.o
 .debug_abbrev  0x0000127c      0x188 ./Drivers/STM32F1xx_HAL_Driver/Src/stm32f1xx_hal_rcc_ex.o
 .debug_abbrev  0x00001404      0x1de ./Drivers/STM32F1xx_HAL_Driver/Src/stm32f1xx_ll_usb.o
 .debug_abbrev  0x000015e2      0x2d3 ./Middlewares/ST/STM32_USB_Device_Library/Class/CDC/Src/usbd_cdc.o
 .debug_abbrev  0x000018b5      0x24a ./Middlewares/ST/STM32_USB_Device_Library/Core/Src/usbd_core.o
 .debug_abbrev  0x00001aff      0x26b ./Middlewares/ST/STM32_USB_Device_Library/Core/Src/usbd_ctlreq.o
 .debug_abbrev  0x00001d6a      0x192 ./Middlewares/ST/STM32_USB_Device_Library/Core/Src/usbd_ioreq.o
 .debug_abbrev  0x00001efc      0x18d ./USB_DEVICE/App/usb_device.o
 .debug_abbrev  0x00002089      0x25d ./USB_DEVICE/App/usbd_cdc_if.o
 .debug_abbrev  0x000022e6      0x1ff ./USB_DEVICE/App/usbd_desc.o
 .debug_abbrev  0x000024e5      0x316 ./USB_DEVICE/Target/usbd_conf.o

.debug_aranges  0x00000000      0xa30
 .debug_aranges
                0x00000000       0x20 ./Core/Src/gpio.o
 .debug_aranges
                0x00000020       0x30 ./Core/Src/main.o
 .debug_aranges
                0x00000050       0x20 ./Core/Src/stm32f1xx_hal_msp.o
 .debug_aranges
                0x00000070       0x68 ./Core/Src/stm32f1xx_it.o
 .debug_aranges
                0x000000d8       0x28 ./Core/Src/system_stm32f1xx.o
 .debug_aranges
                0x00000100       0x28 ./Core/Startup/startup_stm32f103c8tx.o
 .debug_aranges
                0x00000128       0xe0 ./Drivers/STM32F1xx_HAL_Driver/Src/stm32f1xx_hal.o
 .debug_aranges
                0x00000208      0x100 ./Drivers/STM32F1xx_HAL_Driver/Src/stm32f1xx_hal_cortex.o
 .debug_aranges
                0x00000308      0x140 ./Drivers/STM32F1xx_HAL_Driver/Src/stm32f1xx_hal_pcd.o
 .debug_aranges
                0x00000448       0x38 ./Drivers/STM32F1xx_HAL_Driver/Src/stm32f1xx_hal_pcd_ex.o
 .debug_aranges
                0x00000480       0x90 ./Drivers/STM32F1xx_HAL_Driver/Src/stm32f1xx_hal_rcc.o
 .debug_aranges
                0x00000510       0x30 ./Drivers/STM32F1xx_HAL_Driver/Src/stm32f1xx_hal_rcc_ex.o
 .debug_aranges
                0x00000540       0xf8 ./Drivers/STM32F1xx_HAL_Driver/Src/stm32f1xx_ll_usb.o
 .debug_aranges
                0x00000638       0x90 ./Middlewares/ST/STM32_USB_Device_Library/Class/CDC/Src/usbd_cdc.o
 .debug_aranges
                0x000006c8       0xb8 ./Middlewares/ST/STM32_USB_Device_Library/Core/Src/usbd_core.o
 .debug_aranges
                0x00000780       0x88 ./Middlewares/ST/STM32_USB_Device_Library/Core/Src/usbd_ctlreq.o
 .debug_aranges
                0x00000808       0x50 ./Middlewares/ST/STM32_USB_Device_Library/Core/Src/usbd_ioreq.o
 .debug_aranges
                0x00000858       0x20 ./USB_DEVICE/App/usb_device.o
 .debug_aranges
                0x00000878       0x40 ./USB_DEVICE/App/usbd_cdc_if.o
 .debug_aranges
                0x000008b8       0x60 ./USB_DEVICE/App/usbd_desc.o
 .debug_aranges
                0x00000918      0x118 ./USB_DEVICE/Target/usbd_conf.o

.debug_rnglists
                0x00000000      0x766
 .debug_rnglists
                0x00000000       0x13 ./Core/Src/gpio.o
 .debug_rnglists
                0x00000013       0x20 ./Core/Src/main.o
 .debug_rnglists
                0x00000033       0x13 ./Core/Src/stm32f1xx_hal_msp.o
 .debug_rnglists
                0x00000046       0x49 ./Core/Src/stm32f1xx_it.o
 .debug_rnglists
                0x0000008f       0x1a ./Core/Src/system_stm32f1xx.o
 .debug_rnglists
                0x000000a9       0x19 ./Core/Startup/startup_stm32f103c8tx.o
 .debug_rnglists
                0x000000c2       0xa3 ./Drivers/STM32F1xx_HAL_Driver/Src/stm32f1xx_hal.o
 .debug_rnglists
                0x00000165       0xbb ./Drivers/STM32F1xx_HAL_Driver/Src/stm32f1xx_hal_cortex.o
 .debug_rnglists
                0x00000220       0xf4 ./Drivers/STM32F1xx_HAL_Driver/Src/stm32f1xx_hal_pcd.o
 .debug_rnglists
                0x00000314       0x26 ./Drivers/STM32F1xx_HAL_Driver/Src/stm32f1xx_hal_pcd_ex.o
 .debug_rnglists
                0x0000033a       0x6c ./Drivers/STM32F1xx_HAL_Driver/Src/stm32f1xx_hal_rcc.o
 .debug_rnglists
                0x000003a6       0x21 ./Drivers/STM32F1xx_HAL_Driver/Src/stm32f1xx_hal_rcc_ex.o
 .debug_rnglists
                0x000003c7       0xbd ./Drivers/STM32F1xx_HAL_Driver/Src/stm32f1xx_ll_usb.o
 .debug_rnglists
                0x00000484       0x6a ./Middlewares/ST/STM32_USB_Device_Library/Class/CDC/Src/usbd_cdc.o
 .debug_rnglists
                0x000004ee       0x89 ./Middlewares/ST/STM32_USB_Device_Library/Core/Src/usbd_core.o
 .debug_rnglists
                0x00000577       0x68 ./Middlewares/ST/STM32_USB_Device_Library/Core/Src/usbd_ctlreq.o
 .debug_rnglists
                0x000005df       0x37 ./Middlewares/ST/STM32_USB_Device_Library/Core/Src/usbd_ioreq.o
 .debug_rnglists
                0x00000616       0x13 ./USB_DEVICE/App/usb_device.o
 .debug_rnglists
                0x00000629       0x2c ./USB_DEVICE/App/usbd_cdc_if.o
 .debug_rnglists
                0x00000655       0x43 ./USB_DEVICE/App/usbd_desc.o
 .debug_rnglists
                0x00000698       0xce ./USB_DEVICE/Target/usbd_conf.o

.debug_macro    0x00000000    0x19098
 .debug_macro   0x00000000      0x1bc ./Core/Src/gpio.o
 .debug_macro   0x000001bc      0xacc ./Core/Src/gpio.o
 .debug_macro   0x00000c88      0x215 ./Core/Src/gpio.o
 .debug_macro   0x00000e9d       0x2e ./Core/Src/gpio.o
 .debug_macro   0x00000ecb       0x22 ./Core/Src/gpio.o
 .debug_macro   0x00000eed       0x22 ./Core/Src/gpio.o
 .debug_macro   0x00000f0f       0x8e ./Core/Src/gpio.o
 .debug_macro   0x00000f9d       0x51 ./Core/Src/gpio.o
 .debug_macro   0x00000fee      0x103 ./Core/Src/gpio.o
 .debug_macro   0x000010f1       0x6a ./Core/Src/gpio.o
 .debug_macro   0x0000115b      0x1df ./Core/Src/gpio.o
 .debug_macro   0x0000133a       0x1c ./Core/Src/gpio.o
 .debug_macro   0x00001356       0x22 ./Core/Src/gpio.o
 .debug_macro   0x00001378       0xbd ./Core/Src/gpio.o
 .debug_macro   0x00001435      0xd23 ./Core/Src/gpio.o
 .debug_macro   0x00002158     0xe09e ./Core/Src/gpio.o
 .debug_macro   0x000101f6       0x6d ./Core/Src/gpio.o
 .debug_macro   0x00010263     0x34a2 ./Core/Src/gpio.o
 .debug_macro   0x00013705      0x190 ./Core/Src/gpio.o
 .debug_macro   0x00013895       0x5c ./Core/Src/gpio.o
 .debug_macro   0x000138f1      0x5bc ./Core/Src/gpio.o
 .debug_macro   0x00013ead      0x289 ./Core/Src/gpio.o
 .debug_macro   0x00014136      0x1cb ./Core/Src/gpio.o
 .debug_macro   0x00014301      0x114 ./Core/Src/gpio.o
 .debug_macro   0x00014415      0x1b2 ./Core/Src/gpio.o
 .debug_macro   0x000145c7       0x27 ./Core/Src/gpio.o
 .debug_macro   0x000145ee      0x136 ./Core/Src/gpio.o
 .debug_macro   0x00014724      0x1bc ./Core/Src/gpio.o
 .debug_macro   0x000148e0       0x34 ./Core/Src/gpio.o
 .debug_macro   0x00014914       0x3c ./Core/Src/gpio.o
 .debug_macro   0x00014950       0x57 ./Core/Src/gpio.o
 .debug_macro   0x000149a7       0x87 ./Core/Src/gpio.o
 .debug_macro   0x00014a2e      0x240 ./Core/Src/gpio.o
 .debug_macro   0x00014c6e      0x140 ./Core/Src/gpio.o
 .debug_macro   0x00014dae       0xb7 ./Core/Src/gpio.o
 .debug_macro   0x00014e65      0x242 ./Core/Src/gpio.o
 .debug_macro   0x000150a7       0x83 ./Core/Src/gpio.o
 .debug_macro   0x0001512a      0x36e ./Core/Src/main.o
 .debug_macro   0x00015498       0x61 ./Core/Src/main.o
 .debug_macro   0x000154f9       0x24 ./Core/Src/main.o
 .debug_macro   0x0001551d       0x43 ./Core/Src/main.o
 .debug_macro   0x00015560       0x34 ./Core/Src/main.o
 .debug_macro   0x00015594       0x16 ./Core/Src/main.o
 .debug_macro   0x000155aa       0x3c ./Core/Src/main.o
 .debug_macro   0x000155e6      0x370 ./Core/Src/main.o
 .debug_macro   0x00015956       0x10 ./Core/Src/main.o
 .debug_macro   0x00015966       0x16 ./Core/Src/main.o
 .debug_macro   0x0001597c       0x4a ./Core/Src/main.o
 .debug_macro   0x000159c6       0x34 ./Core/Src/main.o
 .debug_macro   0x000159fa       0x10 ./Core/Src/main.o
 .debug_macro   0x00015a0a       0x58 ./Core/Src/main.o
 .debug_macro   0x00015a62       0x8e ./Core/Src/main.o
 .debug_macro   0x00015af0       0x1c ./Core/Src/main.o
 .debug_macro   0x00015b0c      0x185 ./Core/Src/main.o
 .debug_macro   0x00015c91       0x16 ./Core/Src/main.o
 .debug_macro   0x00015ca7       0x16 ./Core/Src/main.o
 .debug_macro   0x00015cbd      0x146 ./Core/Src/main.o
 .debug_macro   0x00015e03       0x16 ./Core/Src/main.o
 .debug_macro   0x00015e19       0x16 ./Core/Src/main.o
 .debug_macro   0x00015e2f       0x29 ./Core/Src/main.o
 .debug_macro   0x00015e58       0x16 ./Core/Src/main.o
 .debug_macro   0x00015e6e       0x20 ./Core/Src/main.o
 .debug_macro   0x00015e8e       0x5f ./Core/Src/main.o
 .debug_macro   0x00015eed      0x1c8 ./Core/Src/main.o
 .debug_macro   0x000160b5       0x8f ./Core/Src/main.o
 .debug_macro   0x00016144       0x10 ./Core/Src/main.o
 .debug_macro   0x00016154      0x1b2 ./Core/Src/stm32f1xx_hal_msp.o
 .debug_macro   0x00016306      0x1bc ./Core/Src/stm32f1xx_it.o
 .debug_macro   0x000164c2      0x1a8 ./Core/Src/system_stm32f1xx.o
 .debug_macro   0x0001666a      0x1cc ./Drivers/STM32F1xx_HAL_Driver/Src/stm32f1xx_hal.o
 .debug_macro   0x00016836      0x1a8 ./Drivers/STM32F1xx_HAL_Driver/Src/stm32f1xx_hal_cortex.o
 .debug_macro   0x000169de      0x1b4 ./Drivers/STM32F1xx_HAL_Driver/Src/stm32f1xx_hal_pcd.o
 .debug_macro   0x00016b92      0x1a8 ./Drivers/STM32F1xx_HAL_Driver/Src/stm32f1xx_hal_pcd_ex.o
 .debug_macro   0x00016d3a      0x1ba ./Drivers/STM32F1xx_HAL_Driver/Src/stm32f1xx_hal_rcc.o
 .debug_macro   0x00016ef4      0x1a8 ./Drivers/STM32F1xx_HAL_Driver/Src/stm32f1xx_hal_rcc_ex.o
 .debug_macro   0x0001709c      0x1a8 ./Drivers/STM32F1xx_HAL_Driver/Src/stm32f1xx_ll_usb.o
 .debug_macro   0x00017244      0x341 ./Middlewares/ST/STM32_USB_Device_Library/Class/CDC/Src/usbd_cdc.o
 .debug_macro   0x00017585       0x9e ./Middlewares/ST/STM32_USB_Device_Library/Class/CDC/Src/usbd_cdc.o
 .debug_macro   0x00017623      0x112 ./Middlewares/ST/STM32_USB_Device_Library/Class/CDC/Src/usbd_cdc.o
 .debug_macro   0x00017735       0x56 ./Middlewares/ST/STM32_USB_Device_Library/Class/CDC/Src/usbd_cdc.o
 .debug_macro   0x0001778b      0x328 ./Middlewares/ST/STM32_USB_Device_Library/Core/Src/usbd_core.o
 .debug_macro   0x00017ab3      0x1ce ./Middlewares/ST/STM32_USB_Device_Library/Core/Src/usbd_core.o
 .debug_macro   0x00017c81      0x332 ./Middlewares/ST/STM32_USB_Device_Library/Core/Src/usbd_ctlreq.o
 .debug_macro   0x00017fb3      0x32e ./Middlewares/ST/STM32_USB_Device_Library/Core/Src/usbd_ioreq.o
 .debug_macro   0x000182e1      0x367 ./USB_DEVICE/App/usb_device.o
 .debug_macro   0x00018648       0x22 ./USB_DEVICE/App/usb_device.o
 .debug_macro   0x0001866a       0x16 ./USB_DEVICE/App/usb_device.o
 .debug_macro   0x00018680      0x34c ./USB_DEVICE/App/usbd_cdc_if.o
 .debug_macro   0x000189cc      0x365 ./USB_DEVICE/App/usbd_desc.o
 .debug_macro   0x00018d31       0x1c ./USB_DEVICE/App/usbd_desc.o
 .debug_macro   0x00018d4d      0x34b ./USB_DEVICE/Target/usbd_conf.o

.debug_line     0x00000000     0xe089
 .debug_line    0x00000000      0x6f7 ./Core/Src/gpio.o
 .debug_line    0x000006f7      0xa53 ./Core/Src/main.o
 .debug_line    0x0000114a      0x6fb ./Core/Src/stm32f1xx_hal_msp.o
 .debug_line    0x00001845      0x7c1 ./Core/Src/stm32f1xx_it.o
 .debug_line    0x00002006      0x779 ./Core/Src/system_stm32f1xx.o
 .debug_line    0x0000277f       0x78 ./Core/Startup/startup_stm32f103c8tx.o
 .debug_line    0x000027f7      0x9aa ./Drivers/STM32F1xx_HAL_Driver/Src/stm32f1xx_hal.o
 .debug_line    0x000031a1      0xb74 ./Drivers/STM32F1xx_HAL_Driver/Src/stm32f1xx_hal_cortex.o
 .debug_line    0x00003d15     0x132f ./Drivers/STM32F1xx_HAL_Driver/Src/stm32f1xx_hal_pcd.o
 .debug_line    0x00005044      0x774 ./Drivers/STM32F1xx_HAL_Driver/Src/stm32f1xx_hal_pcd_ex.o
 .debug_line    0x000057b8      0xe63 ./Drivers/STM32F1xx_HAL_Driver/Src/stm32f1xx_hal_rcc.o
 .debug_line    0x0000661b      0x914 ./Drivers/STM32F1xx_HAL_Driver/Src/stm32f1xx_hal_rcc_ex.o
 .debug_line    0x00006f2f     0x111a ./Drivers/STM32F1xx_HAL_Driver/Src/stm32f1xx_ll_usb.o
 .debug_line    0x00008049      0xd03 ./Middlewares/ST/STM32_USB_Device_Library/Class/CDC/Src/usbd_cdc.o
 .debug_line    0x00008d4c      0xd58 ./Middlewares/ST/STM32_USB_Device_Library/Core/Src/usbd_core.o
 .debug_line    0x00009aa4      0xfa2 ./Middlewares/ST/STM32_USB_Device_Library/Core/Src/usbd_ctlreq.o
 .debug_line    0x0000aa46      0xa0e ./Middlewares/ST/STM32_USB_Device_Library/Core/Src/usbd_ioreq.o
 .debug_line    0x0000b454      0x9de ./USB_DEVICE/App/usb_device.o
 .debug_line    0x0000be32      0xa16 ./USB_DEVICE/App/usbd_cdc_if.o
 .debug_line    0x0000c848      0xa87 ./USB_DEVICE/App/usbd_desc.o
 .debug_line    0x0000d2cf      0xdba ./USB_DEVICE/Target/usbd_conf.o

.debug_str      0x00000000    0x84405
 .debug_str     0x00000000    0x84405 ./Core/Src/gpio.o
                              0x7d794 (size before relaxing)
 .debug_str     0x00084405    0x81fd4 ./Core/Src/main.o
 .debug_str     0x00084405    0x7d7c2 ./Core/Src/stm32f1xx_hal_msp.o
 .debug_str     0x00084405    0x7dba1 ./Core/Src/stm32f1xx_it.o
 .debug_str     0x00084405    0x7d7ed ./Core/Src/system_stm32f1xx.o
 .debug_str     0x00084405       0x77 ./Core/Startup/startup_stm32f103c8tx.o
 .debug_str     0x00084405    0x7df20 ./Drivers/STM32F1xx_HAL_Driver/Src/stm32f1xx_hal.o
 .debug_str     0x00084405    0x7de6c ./Drivers/STM32F1xx_HAL_Driver/Src/stm32f1xx_hal_cortex.o
 .debug_str     0x00084405    0x7e10a ./Drivers/STM32F1xx_HAL_Driver/Src/stm32f1xx_hal_pcd.o
 .debug_str     0x00084405    0x7dc6c ./Drivers/STM32F1xx_HAL_Driver/Src/stm32f1xx_hal_pcd_ex.o
 .debug_str     0x00084405    0x7dc1c ./Drivers/STM32F1xx_HAL_Driver/Src/stm32f1xx_hal_rcc.o
 .debug_str     0x00084405    0x7d96c ./Drivers/STM32F1xx_HAL_Driver/Src/stm32f1xx_hal_rcc_ex.o
 .debug_str     0x00084405    0x7dcbe ./Drivers/STM32F1xx_HAL_Driver/Src/stm32f1xx_ll_usb.o
 .debug_str     0x00084405    0x82759 ./Middlewares/ST/STM32_USB_Device_Library/Class/CDC/Src/usbd_cdc.o
 .debug_str     0x00084405    0x82089 ./Middlewares/ST/STM32_USB_Device_Library/Core/Src/usbd_core.o
 .debug_str     0x00084405    0x81fa3 ./Middlewares/ST/STM32_USB_Device_Library/Core/Src/usbd_ctlreq.o
 .debug_str     0x00084405    0x81ed0 ./Middlewares/ST/STM32_USB_Device_Library/Core/Src/usbd_ioreq.o
 .debug_str     0x00084405    0x8225b ./USB_DEVICE/App/usb_device.o
 .debug_str     0x00084405    0x82281 ./USB_DEVICE/App/usbd_cdc_if.o
 .debug_str     0x00084405    0x81e09 ./USB_DEVICE/App/usbd_desc.o
 .debug_str     0x00084405    0x82ce6 ./USB_DEVICE/Target/usbd_conf.o

.comment        0x00000000       0x43
 .comment       0x00000000       0x43 ./Core/Src/gpio.o
                                 0x44 (size before relaxing)
 .comment       0x00000043       0x44 ./Core/Src/main.o
 .comment       0x00000043       0x44 ./Core/Src/stm32f1xx_hal_msp.o
 .comment       0x00000043       0x44 ./Core/Src/stm32f1xx_it.o
 .comment       0x00000043       0x44 ./Core/Src/system_stm32f1xx.o
 .comment       0x00000043       0x44 ./Drivers/STM32F1xx_HAL_Driver/Src/stm32f1xx_hal.o
 .comment       0x00000043       0x44 ./Drivers/STM32F1xx_HAL_Driver/Src/stm32f1xx_hal_cortex.o
 .comment       0x00000043       0x44 ./Drivers/STM32F1xx_HAL_Driver/Src/stm32f1xx_hal_pcd.o
 .comment       0x00000043       0x44 ./Drivers/STM32F1xx_HAL_Driver/Src/stm32f1xx_hal_pcd_ex.o
 .comment       0x00000043       0x44 ./Drivers/STM32F1xx_HAL_Driver/Src/stm32f1xx_hal_rcc.o
 .comment       0x00000043       0x44 ./Drivers/STM32F1xx_HAL_Driver/Src/stm32f1xx_hal_rcc_ex.o
 .comment       0x00000043       0x44 ./Drivers/STM32F1xx_HAL_Driver/Src/stm32f1xx_ll_usb.o
 .comment       0x00000043       0x44 ./Middlewares/ST/STM32_USB_Device_Library/Class/CDC/Src/usbd_cdc.o
 .comment       0x00000043       0x44 ./Middlewares/ST/STM32_USB_Device_Library/Core/Src/usbd_core.o
 .comment       0x00000043       0x44 ./Middlewares/ST/STM32_USB_Device_Library/Core/Src/usbd_ctlreq.o
 .comment       0x00000043       0x44 ./Middlewares/ST/STM32_USB_Device_Library/Core/Src/usbd_ioreq.o
 .comment       0x00000043       0x44 ./USB_DEVICE/App/usb_device.o
 .comment       0x00000043       0x44 ./USB_DEVICE/App/usbd_cdc_if.o
 .comment       0x00000043       0x44 ./USB_DEVICE/App/usbd_desc.o
 .comment       0x00000043       0x44 ./USB_DEVICE/Target/usbd_conf.o

.debug_frame    0x00000000     0x26a0
 .debug_frame   0x00000000       0x38 ./Core/Src/gpio.o
 .debug_frame   0x00000038       0x6c ./Core/Src/main.o
 .debug_frame   0x000000a4       0x38 ./Core/Src/stm32f1xx_hal_msp.o
 .debug_frame   0x000000dc      0x120 ./Core/Src/stm32f1xx_it.o
 .debug_frame   0x000001fc       0x58 ./Core/Src/system_stm32f1xx.o
 .debug_frame   0x00000254      0x334 ./Drivers/STM32F1xx_HAL_Driver/Src/stm32f1xx_hal.o
 .debug_frame   0x00000588      0x428 ./Drivers/STM32F1xx_HAL_Driver/Src/stm32f1xx_hal_cortex.o
 .debug_frame   0x000009b0      0x594 ./Drivers/STM32F1xx_HAL_Driver/Src/stm32f1xx_hal_pcd.o
 .debug_frame   0x00000f44       0xb0 ./Drivers/STM32F1xx_HAL_Driver/Src/stm32f1xx_hal_pcd_ex.o
 .debug_frame   0x00000ff4      0x218 ./Drivers/STM32F1xx_HAL_Driver/Src/stm32f1xx_hal_rcc.o
 .debug_frame   0x0000120c       0x80 ./Drivers/STM32F1xx_HAL_Driver/Src/stm32f1xx_hal_rcc_ex.o
 .debug_frame   0x0000128c      0x470 ./Drivers/STM32F1xx_HAL_Driver/Src/stm32f1xx_ll_usb.o
 .debug_frame   0x000016fc      0x248 ./Middlewares/ST/STM32_USB_Device_Library/Class/CDC/Src/usbd_cdc.o
 .debug_frame   0x00001944      0x300 ./Middlewares/ST/STM32_USB_Device_Library/Core/Src/usbd_core.o
 .debug_frame   0x00001c44      0x218 ./Middlewares/ST/STM32_USB_Device_Library/Core/Src/usbd_ctlreq.o
 .debug_frame   0x00001e5c      0x10c ./Middlewares/ST/STM32_USB_Device_Library/Core/Src/usbd_ioreq.o
 .debug_frame   0x00001f68       0x2c ./USB_DEVICE/App/usb_device.o
 .debug_frame   0x00001f94       0xbc ./USB_DEVICE/App/usbd_cdc_if.o
 .debug_frame   0x00002050      0x160 ./USB_DEVICE/App/usbd_desc.o
 .debug_frame   0x000021b0      0x4a4 ./USB_DEVICE/Target/usbd_conf.o
 .debug_frame   0x00002654       0x20 C:/ST/STM32CubeIDE_1.18.1/STM32CubeIDE/plugins/com.st.stm32cube.ide.mcu.externaltools.gnu-tools-for-stm32.13.3.rel1.win32_1.0.0.202411081344/tools/bin/../lib/gcc/arm-none-eabi/13.3.1/../../../../arm-none-eabi/lib/thumb/v7-m/nofp\libc_nano.a(libc_a-memset.o)
 .debug_frame   0x00002674       0x2c C:/ST/STM32CubeIDE_1.18.1/STM32CubeIDE/plugins/com.st.stm32cube.ide.mcu.externaltools.gnu-tools-for-stm32.13.3.rel1.win32_1.0.0.202411081344/tools/bin/../lib/gcc/arm-none-eabi/13.3.1/../../../../arm-none-eabi/lib/thumb/v7-m/nofp\libc_nano.a(libc_a-init.o)

.debug_line_str
                0x00000000       0x5b
 .debug_line_str
                0x00000000       0x5b ./Core/Startup/startup_stm32f103c8tx.o
